01-11 10:53:49.352: E/Perf(27623): getFolderSize() : Exception_1 = java.lang.NullPointerException: Attempt to get length of null array
01-11 10:53:49.376: W/Activity(27497): Slow Operation: Activity io.cordova.hellocordova/.MainActivity onActivityResult took 1450ms
01-11 10:53:49.378: D/CordovaActivity(27497): Resumed the activity.
01-11 10:53:49.408: E/mm-camera(592): <SENSOR><ERROR> 893: sensor_apply_exposure: sensor_set_dualcam_settings for pine_imx486_qtech , fl_lines 6575 
01-11 10:53:49.427: E/WindowManager(1540): App trying to use insecure INPUT_FEATURE_NO_INPUT_CHANNEL flag. Ignoring
01-11 10:53:49.442: W/Looper(27497): Slow Looper main: Long Msg: seq=5 plan=10:53:46.728  late=0ms wall=2709ms running=0ms h=android.app.ActivityThread$H w=159
01-11 10:53:49.454: I/hwservicemanager(426): getTransport: Cannot find entry vendor.qti.hardware.servicetracker@1.0::IServicetracker/default in either framework or device manifest.
01-11 10:53:49.463: I/hwservicemanager(426): getTransport: Cannot find entry vendor.qti.hardware.servicetracker@1.0::IServicetracker/default in either framework or device manifest.
01-11 10:53:49.478: E/mm-camera(592): <SENSOR><ERROR> 893: sensor_apply_exposure: sensor_set_dualcam_settings for pine_imx486_qtech , fl_lines 6575 
01-11 10:53:49.539: W/Looper(27497): Slow Looper main: Activity io.cordova.hellocordova/.MainActivity is 2809ms late (wall=1ms running=0ms ClientTransaction{ callbacks=[android.app.servertransaction.TopResumedActivityChangeItem] }) because of 1 msg, msg 1 took 2709ms (seq=5 h=android.app.ActivityThread$H w=159)
01-11 10:53:49.543: I/Choreographer(27497): Skipped 100 frames!  The application may be doing too much work on its main thread.
01-11 10:53:49.547: E/mm-camera(592): <SENSOR><ERROR> 893: sensor_apply_exposure: sensor_set_dualcam_settings for pine_imx486_qtech , fl_lines 6575 
01-11 10:53:49.548: W/ContentCatcher(27497): Failed to notify a WebView
01-11 10:53:49.587: W/Looper(27497): Slow Looper PlatformServiceBridgeHandlerThread: Long Msg: seq=1 plan=10:53:47.612  late=0ms wall=1974ms running=0ms h=android.os.Handler c=H70
01-11 10:53:49.595: I/Timeline(1540): Timeline: App_transition_ready time:312108025
01-11 10:53:49.598: I/Timeline(1540): Timeline: App_transition_ready time:312108028
01-11 10:53:49.618: E/mm-camera(592): <SENSOR><ERROR> 893: sensor_apply_exposure: sensor_set_dualcam_settings for pine_imx486_qtech , fl_lines 6575 
01-11 10:53:49.646: I/hwservicemanager(426): getTransport: Cannot find entry android.hardware.graphics.mapper@3.0::IMapper/default in either framework or device manifest.
01-11 10:53:49.646: W/Gralloc3(27497): mapper 3.x is not supported
01-11 10:53:49.687: E/mm-camera(592): <SENSOR><ERROR> 893: sensor_apply_exposure: sensor_set_dualcam_settings for pine_imx486_qtech , fl_lines 6575 
01-11 10:53:49.732: I/OpenGLRenderer(27497): Davey! duration=1862ms; Flags=1, IntendedVsync=312106298584500, Vsync=312107965251100, OldestInputEvent=9223372036854775807, NewestInputEvent=0, HandleInputStart=312107974587085, AnimationStart=312107974699481, PerformTraversalsStart=312107975396617, DrawStart=312108065063752, SyncQueued=312108070953127, SyncStart=312108071270210, IssueDrawCommandsStart=312108071424117, SwapBuffers=312108158745054, FrameCompleted=312108161400314, DequeueBufferDuration=116000, QueueBufferDuration=1672000, 
01-11 10:53:49.733: W/Looper(27497): Slow Looper main: doFrame is 1674ms late because of 12 msg, msg 1 took 2709ms (seq=5 h=android.app.ActivityThread$H w=159)
01-11 10:53:49.756: I/Timeline(1540): Timeline: App_transition_ready time:312108186
01-11 10:53:49.758: E/mm-camera(592): <SENSOR><ERROR> 893: sensor_apply_exposure: sensor_set_dualcam_settings for pine_imx486_qtech , fl_lines 6575 
01-11 10:53:49.765: D/StatusBar(25496): disable<e i a s b h r c s > disable2<q i n g r >
01-11 10:53:49.768: D/PhoneStatusBar/NavigationBarView(25496): setDisabledFlags back:false home:false recent:false
01-11 10:53:49.768: D/StatusBarClock(25496):  isNormalMode= true clock visible=true
01-11 10:53:49.774: D/CordovaWebViewImpl(27497): onPageDidNavigate(file:///android_asset/www/index.html)
01-11 10:53:49.775: D/PluginManager(27497): postMessage: onPageStarted
01-11 10:53:49.776: D/PhoneStatusBar/NavigationBarView(25496): onDraw
01-11 10:53:49.777: D/JsMessageQueue(27497): Set native->JS mode to EvalBridgeMode
01-11 10:53:49.792: D/QtiCarrierConfigHelper(2179): WARNING, no carrier configs on phone Id: 0
01-11 10:53:49.794: D/PowerCheckerService(4535): onBatteryChanged, mBatteryLevel = 90, status = 2, level = 90, plug = 2, scale = 100
01-11 10:53:49.798: I/BatteryInfoReceiver(3335): ACTION_BATTERY_CHANGED
01-11 10:53:49.801: D/KeyguardUpdateMonitor(25496): received broadcast android.intent.action.BATTERY_CHANGED
01-11 10:53:49.828: E/mm-camera(592): <SENSOR><ERROR> 893: sensor_apply_exposure: sensor_set_dualcam_settings for pine_imx486_qtech , fl_lines 6575 
01-11 10:53:49.828: I/GoogleInputMethodService(4003): GoogleInputMethodService.onFinishInput():3301 
01-11 10:53:49.836: D/CordovaWebViewImpl(27497): onPageFinished(file:///android_asset/www/index.html)
01-11 10:53:49.836: D/PluginManager(27497): postMessage: onPageFinished
01-11 10:53:49.842: I/GoogleInputMethodService(4003): GoogleInputMethodService.onStartInput():1979 
01-11 10:53:49.843: I/DeviceUnlockedTag(4003): DeviceUnlockedTag.notifyDeviceLockStatusChanged():79 Notify device unlocked.
01-11 10:53:49.898: E/mm-camera(592): <SENSOR><ERROR> 893: sensor_apply_exposure: sensor_set_dualcam_settings for pine_imx486_qtech , fl_lines 6575 
01-11 10:53:49.919: D/PluginManager(27497): postMessage: spinner
01-11 10:53:49.942: D/PluginManager(27497): getPlugin - put: Device
01-11 10:53:49.957: D/PluginManager(27497): getPlugin - put: BackgroundMode
01-11 10:53:49.964: I/chromium(27497): [INFO:CONSOLE(100)] "Received Event: deviceready", source: file:///android_asset/www/js/index.js (100)
01-11 10:53:49.968: E/mm-camera(592): <SENSOR><ERROR> 893: sensor_apply_exposure: sensor_set_dualcam_settings for pine_imx486_qtech , fl_lines 6575 
01-11 10:53:49.968: E/mm-camera(592): [ 01-11 10:53:50.017   793: 1832 D/         ]
01-11 10:53:49.968: E/mm-camera(592): readbrightness,out1:472
01-11 10:53:49.968: E/mm-camera(592): Iï¿½ï¿½@B.
01-11 10:53:49.968: E/mm-camera(592): [ 01-11 10:53:50.017   793: 1832 D/         ]
01-11 10:53:49.968: E/mm-camera(592): readbrightness,out2:472.
01-11 10:53:50.041: E/mm-camera(592): <SENSOR><ERROR> 893: sensor_apply_exposure: sensor_set_dualcam_settings for pine_imx486_qtech , fl_lines 6575 
01-11 10:53:50.243: I/Timeline(1540): Timeline: Activity_windows_visible id: ActivityRecord{5648d6b u0 io.cordova.hellocordova/.MainActivity t178} time:312108673
01-11 10:53:50.109: I/chatty(592): uid=1047(cameraserver) CAM_MctBus_1 identical 1 line
01-11 10:53:50.180: E/mm-camera(592): <SENSOR><ERROR> 893: sensor_apply_exposure: sensor_set_dualcam_settings for pine_imx486_qtech , fl_lines 6575 
01-11 10:53:50.246: D/EventBus(25496): [25496, u0] send(AppTransitionFinishedEvent)
01-11 10:53:50.248: I/Timeline(1540): Timeline: App_transition_stopped time:312108678
01-11 10:53:50.251: E/mm-camera(592): <SENSOR><ERROR> 893: sensor_apply_exposure: sensor_set_dualcam_settings for pine_imx486_qtech , fl_lines 6575 
01-11 10:53:50.263: D/EventBus(25496): [25496, u0]  -> ForcedResizableInfoActivityController [0x7ba1da9, P1] onBusEvent(AppTransitionFinishedEvent)
01-11 10:53:50.263: D/EventBus(25496): [25496, u0] onBusEvent(AppTransitionFinishedEvent) duration: 81 microseconds, avg: 735
01-11 10:53:50.263: D/EventBus(25496): [25496, u0] send(AppTransitionFinishedEvent)
01-11 10:53:50.263: D/EventBus(25496): [25496, u0]  -> ForcedResizableInfoActivityController [0x7ba1da9, P1] onBusEvent(AppTransitionFinishedEvent)
01-11 10:53:50.263: D/EventBus(25496): [25496, u0] onBusEvent(AppTransitionFinishedEvent) duration: 29 microseconds, avg: 735
01-11 10:53:50.266: I/MiuiNetworkPolicy(1540): updateUidState uid = 10098, uidState = 20
01-11 10:53:50.266: I/MiuiNetworkPolicy(1540): updateUidState uid = 10067, uidState = 20
01-11 10:53:50.304: D/CAM_GLRootView(27044): surfaceDestroyed: mActivity = com.android.camera.Camera@120d248
01-11 10:53:50.320: E/mm-camera(592): <SENSOR><ERROR> 893: sensor_apply_exposure: sensor_set_dualcam_settings for pine_imx486_qtech , fl_lines 6575 
01-11 10:53:50.329: W/RenderInspector(27497): DequeueBuffer time out on io.cordova.hellocordova/io.cordova.hellocordova.MainActivity, count=1, avg=19 ms, max=19 ms.
01-11 10:53:50.346: D/CAM_Camera@18928200(27044): onStop start
01-11 10:53:50.356: I/MI_STAT_EventManager(27044): add event: name=mistat_page_monitor
01-11 10:53:50.357: D/MI_STAT_UploaderEngine(27044):  postToServer can not upload data because of configuration!
01-11 10:53:50.360: I/MI_STAT_DBExecutor(27044): acquire lock for db
01-11 10:53:50.364: D/CAM_Camera@18928200(27044): onLifeStop 13
01-11 10:53:50.365: D/CAM_Camera@18928200(27044): onLifeStop 65529
01-11 10:53:50.365: D/CAM_Camera@18928200(27044): onLifeStop 241
01-11 10:53:50.369: D/CAM_Camera@18928200(27044): onLifeStop 244
01-11 10:53:50.370: D/CAM_Camera@18928200(27044): onLifeStop 247
01-11 10:53:50.370: D/CAM_Camera@18928200(27044): onLifeStop 243
01-11 10:53:50.374: D/CAM_Camera@18928200(27044): onLifeStop 4080
01-11 10:53:50.379: I/MI_STAT_DBExecutor(27044): release sDBFileLock for db
01-11 10:53:50.379: I/MI_STAT_DBExecutor(27044): release sLockFileChannel for db
01-11 10:53:50.379: I/MI_STAT_DBExecutor(27044): acquire lock for db
01-11 10:53:50.380: D/CAM_Camera@18928200(27044): onLifeStop 65534
01-11 10:53:50.380: D/CAM_Camera@18928200(27044): onLifeStop 1048562
01-11 10:53:50.380: I/MI_STAT_DBExecutor(27044): release sDBFileLock for db
01-11 10:53:50.380: I/MI_STAT_DBExecutor(27044): release sLockFileChannel for db
01-11 10:53:50.380: D/MI_STAT_UploadTimer(27044):  checkDatabase mIsDatabaseEmpty=false
01-11 10:53:50.382: D/CAM_Camera@18928200(27044): onLifeStop 4086
01-11 10:53:50.382: D/CAM_Camera@18928200(27044): onLifeStop 65523
01-11 10:53:50.385: D/CAM_GLRootView(27044): onPause
01-11 10:53:50.385: D/CAM_ActivityBase(27044): updateSurfaceState: 2
01-11 10:53:50.385: D/CAM_Camera@18928200(27044): removeNewBie = null
01-11 10:53:50.386: D/CAM_Camera@18928200(27044): closeCameraSetup: CameraPendingSetupDisposable: X
01-11 10:53:50.386: D/CAM_Camera@18928200(27044): closeCameraSetup: CameraSetupDisposable: X
01-11 10:53:50.388: D/CAM_Camera@18928200(27044): releaseAll: releaseDevice = true, isCurrentModuleAlive = true, releaseImmediate = true, isFinishing = true
01-11 10:53:50.388: D/CAM_BaseModule(27044): setDeparted
01-11 10:53:50.391: E/mm-camera(592): <SENSOR><ERROR> 893: sensor_apply_exposure: sensor_set_dualcam_settings for pine_imx486_qtech , fl_lines 6575 
01-11 10:53:50.411: D/CAM_BaseModule(27044): unRegisterProtocol
01-11 10:53:50.411: D/CAM_Camera2Module(27044): unRegisterProtocol: mIsGoogleLensAvailable = false, activity is null ? false
01-11 10:53:50.412: I/hwservicemanager(426): getTransport: Cannot find entry vendor.qti.hardware.servicetracker@1.0::IServicetracker/default in either framework or device manifest.
01-11 10:53:50.416: I/hwservicemanager(426): getTransport: Cannot find entry vendor.qti.hardware.servicetracker@1.0::IServicetracker/default in either framework or device manifest.
01-11 10:53:50.420: D/CAM_BaseModule(27044): unRegisterModulePersist
01-11 10:53:50.420: D/CAM_BaseModule(27044): onPause
01-11 10:53:50.420: D/CAM_Camera2Module(27044): onPause dropBitmapTexture
01-11 10:53:50.420: D/CAM_ImageSaver(27044): setDropBitmapTexture true
01-11 10:53:50.420: I/MiuiNetworkPolicy(1540): updateUidState uid = 10098, uidState = 11
01-11 10:53:50.429: D/CAM_Camera@18928200(27044): onStop end
01-11 10:53:50.429: D/CAM_Camera@18928200(27044): onDestroy start
01-11 10:53:50.433: D/CAM_Camera2Module(27044): closeCamera: E
01-11 10:53:50.433: D/CAM_BaseModule(27044): setCameraState: 0
01-11 10:53:50.448: D/CAM_Camera@18928200(27044): onLifeDestroy 13
01-11 10:53:50.458: V/CAM_MiCamera2(27044): setASDEnable: false
01-11 10:53:50.459: D/CAM_Camera@18928200(27044): onLifeDestroy 65529
01-11 10:53:50.460: D/CAM_Camera@18928200(27044): onLifeDestroy 241
01-11 10:53:50.461: E/mm-camera(592): <SENSOR><ERROR> 893: sensor_apply_exposure: sensor_set_dualcam_settings for pine_imx486_qtech , fl_lines 6575 
01-11 10:53:50.461: D/CAM_Camera2Module(27044): closeCamera: X
01-11 10:53:50.461: D/CAM_Camera2Module(27044): setAiSceneEffect: 0
01-11 10:53:50.461: D/CAM_EffectController(27044): getAiColorCorrectionVersion: 0
01-11 10:53:50.461: D/CAM_EffectController(27044): getAiColorCorrectionVersion: 0
01-11 10:53:50.461: D/CAM_EffectRenderGroup(27044): onEffectChanged: EFFECT_CHANGE_FILTER mEffectId = 66048
01-11 10:53:50.462: E/CAM_Camera2Module(27044): (onPause)mIsNeedNightHDR:false
01-11 10:53:50.462: D/CAM_BaseModule(27044): onDestroy: E
01-11 10:53:50.465: D/CAM_BaseModule(27044): onDestroy: X
01-11 10:53:50.466: D/CAM_CameraRunnable(27044): start releaseCameraDevice: true
01-11 10:53:50.468: D/CAM_Camera2OpenManager(27044): abandonCameraResultObservable: E
01-11 10:53:50.468: D/CAM_Camera2OpenManager(27044): abandonCameraResultObservable: X
01-11 10:53:50.478: I/MiuiNetworkPolicy(1540): updateUidState uid = 10098, uidState = 20
01-11 10:53:50.480: D/CAM_ActivityBase(27044): releaseCameraScreenNail: 
01-11 10:53:50.480: D/CAM_STScreenNail(27044): releaseSurfaceTexture: mHasTexture = true
01-11 10:53:50.481: D/CAM_Camera2Module(27044): onSurfaceTextureReleased: no further preview frame will be available
01-11 10:53:50.481: V/CAM_CameraScreenNail(27044): release: state=NONE
01-11 10:53:50.481: D/ReleaseCameraCallable(27044): E: cid: null
01-11 10:53:50.481: D/ReleaseCameraCallable(27044): E: releaseCamera: cid = 0
01-11 10:53:50.481: D/CAM_MiCamera2(27044): setCaptureBusyCallback: com.xiaomi.camera.device.callable.ReleaseCameraCallable@1b4f610
01-11 10:53:50.481: D/CAM_MiCamera2(27044): setCaptureBusyCallback: shot queue empty
01-11 10:53:50.482: D/ReleaseCameraCallable(27044): X: releaseCamera: cid = 0
01-11 10:53:50.482: D/ReleaseCameraCallable(27044): X: cid: null (dur: 0)
01-11 10:53:50.482: D/CloseCameraCallable(27044): E: cid: null
01-11 10:53:50.482: D/CloseCameraCallable(27044): E: closeCamera: cid = null, excludes = []
01-11 10:53:50.482: D/CloseCameraCallable(27044): closeCamera: cid = 0
01-11 10:53:50.482: V/CAM_MiCamera2(27044): E: releasePreview
01-11 10:53:50.485: D/CAM_MiCamera2(27044): abortCaptures E
01-11 10:53:50.491: D/CAM_MiCamera2(27044): abortCaptures X
01-11 10:53:50.498: V/CAM_MiCamera2(27044): X: releasePreview
01-11 10:53:50.498: V/CAM_MiCamera2(27044): E: resetConfigs
01-11 10:53:50.498: V/CAM_MiCamera2(27044): X: resetConfigs
01-11 10:53:50.498: D/CAM_MiCamera2(27044): E: close: cameraId = 0
01-11 10:53:50.506: D/CAM_Camera@18928200(27044): onLifeDestroy 244
01-11 10:53:50.507: D/CAM_Camera@18928200(27044): onLifeDestroy 247
01-11 10:53:50.509: E/QCamera(592): <HAL><ERROR> acquirePerfLock: 589: Failed to acquire the perf lock
01-11 10:53:50.510: D/CAM_Camera@18928200(27044): onLifeDestroy 243
01-11 10:53:50.511: D/CAM_Camera@18928200(27044): onLifeDestroy 4080
01-11 10:53:50.514: D/CAM_Camera@18928200(27044): onLifeDestroy 65534
01-11 10:53:50.514: D/CAM_FragmentTopConfig(27044): getTopAlert(): fragment is not added yet
01-11 10:53:50.514: D/CAM_Camera@18928200(27044): onLifeDestroy 1048562
01-11 10:53:50.514: D/CAM_Camera@18928200(27044): onLifeDestroy 4086
01-11 10:53:50.515: D/CAM_Camera@18928200(27044): onLifeDestroy 65523
01-11 10:53:50.515: V/qomx_image_core(592): OMX_FreeHandle:338] 
01-11 10:53:50.515: D/qomx_image_core(592): get_idx_from_handle:297] comp_idx 0 inst_idx 1
01-11 10:53:50.515: I/qomx_image_core(592): OMX_FreeHandle:370] Error Component is still Active
01-11 10:53:50.515: V/qomx_image_core(592): OMX_FreeHandle:373] Success
01-11 10:53:50.517: I/mm-camera(592): <MCT   >< INFO> 4599: mct_pipeline_process_set:  STREAM-OFF on stream 0x10004 stream type=9
01-11 10:53:50.520: D/CAM_ThermalDetector(27044): onDestroy
01-11 10:53:50.520: V/CAM_ImageSaver(27044): onHostDestroy
01-11 10:53:50.521: D/CAM_Camera@18928200(27044): Unbind Lens service: E
01-11 10:53:50.521: I/mm-camera(592): <CPP   >< INFO> 4817: cpp_module_handle_streamoff_event: info: doing stream-off for identity 0x10004
01-11 10:53:50.522: I/mm-camera(592): <CPP   >< INFO> 5015: cpp_module_handle_streamoff_event: info: stream-off done for identity 0x10004 rc:0
01-11 10:53:50.523: I/mm-camera(592): <MCT   >< INFO> 4616: mct_pipeline_process_set:  STREAM-OFF success for stream 0x10004, stream type=9
01-11 10:53:50.525: I/mm-camera(592): <MCT   >< INFO> 4681: mct_pipeline_process_set: Issuing DEL_STREAM on stream 0x10004 and stream type=9
01-11 10:53:50.525: I/mm-camera(592): <MCT   >< INFO> 4704: mct_pipeline_process_set: Stream 0x10004 and stream type=9, successfully deleted
01-11 10:53:50.529: I/mm-camera(592): <MCT   >< INFO> 4599: mct_pipeline_process_set:  STREAM-OFF on stream 0x10003 stream type=3
01-11 10:53:50.540: I/hwservicemanager(426): getTransport: Cannot find entry vendor.qti.hardware.servicetracker@1.0::IServicetracker/default in either framework or device manifest.
01-11 10:53:50.541: I/hwservicemanager(426): getTransport: Cannot find entry vendor.qti.hardware.servicetracker@1.0::IServicetracker/default in either framework or device manifest.
01-11 10:53:50.545: I/mm-camera(592): <MCT   >< INFO> 4616: mct_pipeline_process_set:  STREAM-OFF success for stream 0x10003, stream type=3
01-11 10:53:50.546: I/mm-camera(592): <MCT   >< INFO> 4599: mct_pipeline_process_set:  STREAM-OFF on stream 0x10002 stream type=1
01-11 10:53:50.546: D/CAM_Camera@18928200(27044): Unbind Lens service: X
01-11 10:53:50.546: D/CAM_Camera@18928200(27044): onDestroy end
01-11 10:53:50.547: W/Activity(27044): Slow Operation: Activity com.android.camera/.Camera onDestroy took 117ms
01-11 10:53:50.547: D/CAM_SurfaceTextureRender(27044): delete program 3
01-11 10:53:50.547: D/CAM_BasicRender(27044): delete program 6
01-11 10:53:50.552: I/mm-camera(592): <CPP   >< INFO> 4817: cpp_module_handle_streamoff_event: info: doing stream-off for identity 0x10002
01-11 10:53:50.557: I/mm-camera(592): <CPP   >< INFO> 5015: cpp_module_handle_streamoff_event: info: stream-off done for identity 0x10002 rc:0
01-11 10:53:50.557: D/ReleaseCameraCallable(27044): Success: cid: null (dur: 76)
01-11 10:53:50.561: D/EventBus(25496): [25496, u0] send(AppTransitionFinishedEvent)
01-11 10:53:50.562: D/EventBus(25496): [25496, u0]  -> ForcedResizableInfoActivityController [0x7ba1da9, P1] onBusEvent(AppTransitionFinishedEvent)
01-11 10:53:50.562: D/EventBus(25496): [25496, u0] onBusEvent(AppTransitionFinishedEvent) duration: 34 microseconds, avg: 734
01-11 10:53:50.567: I/mm-camera(592): <MCT   >< INFO> 188: stop_sof_check_thread: Stopping SOF timeout thread session =1
01-11 10:53:50.567: I/mm-camera(592): <MCT   >< INFO> 113: mct_bus_sof_thread_run: Closing SOF tracker thread
01-11 10:53:50.568: I/mm-camera(592): <MCT   >< INFO> 4616: mct_pipeline_process_set:  STREAM-OFF success for stream 0x10002, stream type=1
01-11 10:53:50.568: I/mm-camera(592): <MCT   >< INFO> 4599: mct_pipeline_process_set:  STREAM-OFF on stream 0x10001 stream type=7
01-11 10:53:50.568: I/mm-camera(592): <MCT   >< INFO> 4616: mct_pipeline_process_set:  STREAM-OFF success for stream 0x10001, stream type=7
01-11 10:53:50.581: I/Camera3-Device(789): disconnectImpl: E
01-11 10:53:50.581: I/CameraLatencyHistogram(789): ProcessCaptureRequest latency histogram (100) samples:
01-11 10:53:50.582: I/CameraLatencyHistogram(789):        40     80    120    160    200    240    280    320    360    inf (max ms)
01-11 10:53:50.582: I/CameraLatencyHistogram(789):      97.00   2.00   0.00   1.00   0.00   0.00   0.00   0.00   0.00   0.00 (%)
01-11 10:53:50.582: I/QCamera(592): <HAL><INFO> close_camera_device: 17146: [KPI Perf]: E camera id 0
01-11 10:53:50.582: I/QTI PowerHAL(592): Got process_video_encode_hint
01-11 10:53:50.584: E/QCamera(592): <HAL><ERROR> stop: 1691: Attempt to stop inactive channel
01-11 10:53:50.584: E/QCamera(592): <HAL><ERROR> stop: 5826: Attempt to stop inactive channel
01-11 10:53:50.584: E/QCamera(592): <HAL><ERROR> stop: 277: Attempt to stop inactive channel
01-11 10:53:50.584: I/mm-camera(592): <MCT   >< INFO> 4681: mct_pipeline_process_set: Issuing DEL_STREAM on stream 0x10002 and stream type=1
01-11 10:53:50.586: I/mm-camera(592): <ISP   >< INFO> 941: isp_port_check_caps_unreserve: ide 10002 port 0xa2bcdf80
01-11 10:53:50.589: I/mm-camera(592): <MCT   >< INFO> 4704: mct_pipeline_process_set: Stream 0x10002 and stream type=1, successfully deleted
01-11 10:53:50.590: I/mm-camera(592): <MCT   >< INFO> 4681: mct_pipeline_process_set: Issuing DEL_STREAM on stream 0x10003 and stream type=3
01-11 10:53:50.590: I/mm-camera(592): <ISP   >< INFO> 941: isp_port_check_caps_unreserve: ide 10003 port 0xa2bcdf80
01-11 10:53:50.591: I/mm-camera(592): <MCT   >< INFO> 4704: mct_pipeline_process_set: Stream 0x10003 and stream type=3, successfully deleted
01-11 10:53:50.594: V/qomx_image_core(592): OMX_FreeHandle:338] 
01-11 10:53:50.594: D/qomx_image_core(592): get_idx_from_handle:297] comp_idx 0 inst_idx 0
01-11 10:53:50.602: V/qomx_image_core(592): OMX_FreeHandle:373] Success
01-11 10:53:50.603: I/qomx_image_core(592): OMX_Deinit:125] Complete
01-11 10:53:50.608: I/mm-camera(592): <MCT   >< INFO> 4681: mct_pipeline_process_set: Issuing DEL_STREAM on stream 0x10001 and stream type=7
01-11 10:53:50.608: I/mm-camera(592): <MCT   >< INFO> 4704: mct_pipeline_process_set: Stream 0x10001 and stream type=7, successfully deleted
01-11 10:53:50.608: I/mm-camera(592): [ 01-11 10:53:50.614   592:27144 D/         ]
01-11 10:53:50.608: I/mm-camera(592): cts-gsi ro.vendor.build.fingerprint=Xiaomi/pine_eea/pine:10/QKQ1.191014.001/V12.5.3.0.QCMEUXM:user/release-keys ro.build.fingerprint=Xiaomi/pine_eea/pine:10/QKQ1.191014.001/V12.5.3.0.QCMEUXM:user/release-keys
01-11 10:53:50.608: I/mm-camera(592): [ 01-11 10:53:50.614   592:27144 D/         ]
01-11 10:53:50.608: I/mm-camera(592): camera.client.name=com.android.camera
01-11 10:53:50.614: E/mm-camera(592): <SENSOR><ERROR> 724: sensor_pick_resolution: other sensor setting running =6
01-11 10:53:50.614: E/mm-camera(592): <SENSOR><ERROR> 729: sensor_pick_resolution: luo_i=5
01-11 10:53:50.614: E/mm-camera(592): <SENSOR><ERROR> 729: sensor_pick_resolution: luo_i=4
01-11 10:53:50.614: E/mm-camera(592): <SENSOR><ERROR> 729: sensor_pick_resolution: luo_i=3
01-11 10:53:50.614: E/mm-camera(592): <SENSOR><ERROR> 729: sensor_pick_resolution: luo_i=2
01-11 10:53:50.614: E/mm-camera(592): [ 01-11 10:53:50.614   592:27144 D/         ]
01-11 10:53:50.614: E/mm-camera(592): cts-gsi ro.vendor.build.fingerprint=Xiaomi/pine_eea/pine:10/QKQ1.191014.001/V12.5.3.0.QCMEUXM:user/release-keys ro.build.fingerprint=Xiaomi/pine_eea/pine:10/QKQ1.191014.001/V12.5.3.0.QCMEUXM:user/release-keys
01-11 10:53:50.614: E/mm-camera(592): [ 01-11 10:53:50.614   592:27144 D/         ]
01-11 10:53:50.614: E/mm-camera(592): camera.client.name=com.android.camera
01-11 10:53:50.614: E/mm-camera(592): <SENSOR><ERROR> 729: sensor_pick_resolution: luo_i=1
01-11 10:53:50.614: E/mm-camera(592): <SENSOR><ERROR> 729: sensor_pick_resolution: luo_i=0
01-11 10:53:50.617: I/mm-camera(592): <ISP   >< INFO> 7159: isp_util_print_meta_stream_info: Deallocate resources
01-11 10:53:50.621: I/mm-camera(592): <ISP   >< INFO> 7490: isp_util_handle_stream_info: streams_desc num_streams is 0 
01-11 10:53:50.622: I/QCamera(592): <HAL><INFO> closeCamera: 1301: [KPI Perf]: E PROFILE_CLOSE_CAMERA camera id 0
01-11 10:53:50.622: I/mm-camera(592): <MCT   >< INFO> 310: mct_controller_destroy: Initiating destroy sequence for session = 1
01-11 10:53:50.623: I/mm-camera(592): <MCT   >< INFO> 328: mct_controller_destroy: serv_thread closed
01-11 10:53:50.623: I/mm-camera(592): <MCT   >< INFO> 343: mct_controller_destroy: bus_handler thread closed
01-11 10:53:50.623: W/SessionLifecycleManager(11508): Client : AttachedClient[50614361095591590, ClientConfig[mFlags=[0] mSuggestFlags=[0] mClientId=LENS mSessionType=lens publicSearchServiceCallerUid=10067]] has no associated SessionController
01-11 10:53:50.623: I/mm-camera(592): <MCT   >< INFO> 5551: mct_pipeline_stop_session: Initiating stop_session on session 1
01-11 10:53:50.623: I/mm-camera(592): <MCT   >< INFO> 4681: mct_pipeline_process_set: Issuing DEL_STREAM on stream 0x1000f and stream type=10
01-11 10:53:50.623: I/mm-camera(592): <ISP   >< INFO> 941: isp_port_check_caps_unreserve: ide 1000f port 0xa2bcdf80
01-11 10:53:50.627: I/mm-camera(592): <MCT   >< INFO> 4704: mct_pipeline_process_set: Stream 0x1000f and stream type=10, successfully deleted
01-11 10:53:50.628: I/mm-camera(592): <MCT   >< INFO> 5285: mct_pipeline_stop_session_thread: Stop module name: sensor - E
01-11 10:53:50.629: I/mm-camera(592): <MCT   >< INFO> 5293: mct_pipeline_stop_session_thread: Stop module name: sensor - X
01-11 10:53:50.630: I/mm-camera(592): <MCT   >< INFO> 5285: mct_pipeline_stop_session_thread: Stop module name: iface - E
01-11 10:53:50.631: I/mm-camera(592): <MCT   >< INFO> 5285: mct_pipeline_stop_session_thread: Stop module name: isp - E
01-11 10:53:50.631: I/mm-camera(592): <ISP   >< INFO> 510: isp_module_stop_session: session id 1
01-11 10:53:50.633: I/mm-camera(592): <MCT   >< INFO> 5285: mct_pipeline_stop_session_thread: Stop module name: stats - E
01-11 10:53:50.635: I/mm-camera(592): <MCT   >< INFO> 5285: mct_pipeline_stop_session_thread: Stop module name: pproc - E
01-11 10:53:50.637: D/MessageMonitor(1540): Dump Looper message took 1ms
01-11 10:53:50.638: I/mm-camera(592): <MCT   >< INFO> 5293: mct_pipeline_stop_session_thread: Stop module name: iface - X
01-11 10:53:50.639: I/mm-camera(592): <MCT   >< INFO> 5285: mct_pipeline_stop_session_thread: Stop module name: imglib - E
01-11 10:53:50.639: I/mm-camera(592): <MCT   >< INFO> 5573: mct_pipeline_stop_session: Modules left: 5
01-11 10:53:50.639: I/mm-camera(592): <MCT   >< INFO> 5573: mct_pipeline_stop_session: Modules left: 4
01-11 10:53:50.642: I/mm-camera(592): <MCT   >< INFO> 5293: mct_pipeline_stop_session_thread: Stop module name: imglib - X
01-11 10:53:50.642: I/mm-camera(592): <MCT   >< INFO> 5573: mct_pipeline_stop_session: Modules left: 3
01-11 10:53:50.644: D/QCameraQuadraCfa(592): img_algo_shutdown:147 : E
01-11 10:53:50.645: I/mm-camera(592): <MCT   >< INFO> 5293: mct_pipeline_stop_session_thread: Stop module name: isp - X
01-11 10:53:50.645: I/mm-camera(592): <MCT   >< INFO> 5573: mct_pipeline_stop_session: Modules left: 2
01-11 10:53:50.646: E/quadracfa_dummy(592): inside dummy remosaic_deinit 1
01-11 10:53:50.646: D/QCameraQuadraCfa(592): img_algo_shutdown:152 : X
01-11 10:53:50.646: I/mm-camera(592): <MCT   >< INFO> 5293: mct_pipeline_stop_session_thread: Stop module name: pproc - X
01-11 10:53:50.646: I/mm-camera(592): <MCT   >< INFO> 5573: mct_pipeline_stop_session: Modules left: 1
01-11 10:53:50.647: D/QtiCarrierConfigHelper(2179): WARNING, no carrier configs on phone Id: 0
01-11 10:53:50.649: I/BatteryInfoReceiver(3335): ACTION_BATTERY_CHANGED
01-11 10:53:50.650: D/PowerCheckerService(4535): onBatteryChanged, mBatteryLevel = 90, status = 2, level = 90, plug = 2, scale = 100
01-11 10:53:50.650: D/KeyguardUpdateMonitor(25496): received broadcast android.intent.action.BATTERY_CHANGED
01-11 10:53:50.651: I/mm-camera(592): <MCT   >< INFO> 5293: mct_pipeline_stop_session_thread: Stop module name: stats - X
01-11 10:53:50.651: I/mm-camera(592): <MCT   >< INFO> 5573: mct_pipeline_stop_session: Modules left: 0
01-11 10:53:50.651: I/mm-camera(592): <MCT   >< INFO> 5583: mct_pipeline_stop_session: Stopped session 1 successfully
01-11 10:53:50.651: I/mm-camera(592): <MCT   >< INFO> 5887: mct_pipeline_destroy: E: session:1
01-11 10:53:50.651: E/mm-camera(592): <MCT   ><ERROR> 179: stop_sof_check_thread: Returning as SOF timer thread not yet initialized
01-11 10:53:50.651: I/mm-camera(592): <MCT   >< INFO> 5965: mct_pipeline_destroy: X: Pipeline destroyed successfully session =1
01-11 10:53:50.651: I/mm-camera(592): <MCT   >< INFO> 422: mct_controller_destroy: X Successfully closed mct_controller session 1
01-11 10:53:50.658: I/CameraProviderManager(789): Camera device device@3.4/legacy/0 torch status is now AVAILABLE_OFF
01-11 10:53:50.659: I/CameraService(789): onTorchStatusChangedLocked: Torch status changed for cameraId=0, newStatus=1
01-11 10:53:50.659: I/QCamera(592): <HAL><INFO> closeCamera: 1358: [KPI Perf]: X PROFILE_CLOSE_CAMERA camera id 0, rc: 0
01-11 10:53:50.660: I/QCamera(592): <HAL><INFO> close_camera_device: 17164: [KPI Perf]: X
01-11 10:53:50.664: I/CameraLatencyHistogram(789): Stream 0 dequeueBuffer latency histogram (100) samples:
01-11 10:53:50.664: I/CameraLatencyHistogram(789):         5     10     15     20     25     30     35     40     45    inf (max ms)
01-11 10:53:50.664: I/CameraLatencyHistogram(789):      95.00   1.00   1.00   1.00   1.00   0.00   0.00   0.00   0.00   1.00 (%)
01-11 10:53:50.665: I/CameraLatencyHistogram(789): Stream 1 dequeueBuffer latency histogram (1) samples:
01-11 10:53:50.665: I/CameraLatencyHistogram(789):         5     10     15     20     25     30     35     40     45    inf (max ms)
01-11 10:53:50.665: I/CameraLatencyHistogram(789):      0.00   0.00   0.00   0.00   0.00   0.00   100.00   0.00   0.00   0.00 (%)
01-11 10:53:50.665: I/Camera3-Device(789): disconnectImpl: X
01-11 10:53:50.668: I/CameraService(789): disconnect: Disconnected client for camera 0 for PID 27044
01-11 10:53:50.669: V/CAM_MiCamera2(27044): E: reset
01-11 10:53:50.669: V/CAM_MiCamera2(27044): X: reset
01-11 10:53:50.669: D/CAM_MiCamera2(27044): X: close: cameraId = 0
01-11 10:53:50.670: D/CloseCameraCallable(27044): X: closeCamera: cid = null, excludes = []
01-11 10:53:50.670: D/CloseCameraCallable(27044): X: cid: null (dur: 187)
01-11 10:53:50.670: D/CloseCameraCallable(27044): Success: cid: null (dur: 187)
01-11 10:53:50.670: D/OpenCameraCallable(27044): onClosed: cid = 0
01-11 10:53:50.670: E/CAM_MiCamera2(27044): onClosed: id=1 sessionId=0
01-11 10:53:50.681: D/CAM_CameraOpenObservable(27044): onClosed: cid = 0, listener = 81082106
01-11 10:53:50.682: D/CAM_Camera2OpenManager(27044): onClosed: cid = 0
01-11 10:53:50.682: D/CAM_Camera2OpenManager(27044): [ 01-11 10:53:51.018   793: 1832 D/         ]
01-11 10:53:50.682: D/CAM_Camera2OpenManager(27044): readbrightness,out1:456
01-11 10:53:50.682: D/CAM_Camera2OpenManager(27044): Iï¿½ï¿½@B.
01-11 10:53:50.682: D/CAM_Camera2OpenManager(27044): [ 01-11 10:53:51.018   793: 1832 D/         ]
01-11 10:53:50.682: D/CAM_Camera2OpenManager(27044): readbrightness,out2:456.
01-11 10:53:51.926: D/MessageMonitor(1540): Dump Looper message took 1ms
01-11 10:53:51.926: D/MessageMonitor(1540): [ 01-11 10:53:52.019   793: 1832 D/         ]
01-11 10:53:51.926: D/MessageMonitor(1540): readbrightness,out1:456
01-11 10:53:51.926: D/MessageMonitor(1540): Iï¿½ï¿½@B.
01-11 10:53:51.926: D/MessageMonitor(1540): [ 01-11 10:53:52.019   793: 1832 D/         ]
01-11 10:53:51.926: D/MessageMonitor(1540): readbrightness,out2:456.
