01-11 10:53:41.223: I/MI_STAT_MiStatPref(27044): MjYV5NcOIIJ26LkpAFJmcrmZ8zUhg84hLLGOxV5+LBq6wjcQ23/SlFPm5hv6vTu6V02V/yXyVEDW
01-11 10:53:41.223: I/MI_STAT_MiStatPref(27044): t9KC8Or9tKboz1AX5TmUpaoiciNxtudy1H9iNmlABhsJ/YOBjrtZOfeKLFedDFdQBgS2uUx1J+R9
01-11 10:53:41.223: I/MI_STAT_MiStatPref(27044): EelaGbAskxZG8WMnP93YGdlhuDyh/zYc+A7urA==
01-11 10:53:41.223: I/MI_STAT_MiStatPref(27044): key=last_success_time ,value=1641834943571
01-11 10:53:41.224: I/MI_STAT_DBExecutor(27044): acquire lock for db
01-11 10:53:41.224: I/MI_STAT_DBExecutor(27044): release sDBFileLock for db
01-11 10:53:41.224: I/MI_STAT_DBExecutor(27044): release sLockFileChannel for db
01-11 10:53:41.224: I/MI_STAT_MiStatPref(27044): load pref from db
01-11 10:53:41.225: I/MI_STAT_MiStatPref(27044): key=pref_system_upload_intl_enabled ,value=true
01-11 10:53:41.225: I/MI_STAT_MiStatPref(27044): key=pref_random_uuid ,value=e35c8377-00fb-4d73-819f-aa1681646bce
01-11 10:53:41.225: I/MI_STAT_MiStatPref(27044): key=pref_main_app_channel ,value=pine_eea_global
01-11 10:53:41.225: I/MI_STAT_MiStatPref(27044): key=region ,value=SI
01-11 10:53:41.225: I/MI_STAT_MiStatPref(27044): key=pref_using_custom_policy_2882303761517373386 ,value=false
01-11 10:53:41.225: I/MI_STAT_MiStatPref(27044): key=pref_app_previous_version ,value=5
01-11 10:53:41.225: I/MI_STAT_MiStatPref(27044): key=pref_instance_id ,value=e35c8377-00fb-4d73-819f-aa1681646bce
01-11 10:53:41.225: I/MI_STAT_MiStatPref(27044): key=pref_instance_id_last_use_time ,value=1641834943578
01-11 10:53:41.226: I/MI_STAT_MiStatPref(27044): key=pref_last_dau_event_time ,value=1640599758919
01-11 10:53:41.226: I/MI_STAT_MiStatPref(27044): key=pref_is_first_usage ,value=false
01-11 10:53:41.226: I/MI_STAT_MiStatPref(27044): key=config_request_count ,value=0
01-11 10:53:41.226: I/MI_STAT_MiStatPref(27044): key=config_success_requested ,value=1641834943168
01-11 10:53:41.226: I/MI_STAT_MiStatPref(27044): key=configDelay ,value=0-2400
01-11 10:53:41.226: I/MI_STAT_MiStatPref(27044): key=configNetwork ,value=15
01-11 10:53:41.226: I/MI_STAT_MiStatPref(27044): key=uploadInterval ,value=150
01-11 10:53:41.226: I/MI_STAT_MiStatPref(27044): key=pref_sample_enabled ,value=false
01-11 10:53:41.226: I/MI_STAT_MiStatPref(27044): key=pref_upload_enabled ,value=false
01-11 10:53:41.226: I/MI_STAT_MiStatPref(27044): key=pref_basic_enabled ,value=false
01-11 10:53:41.226: I/MI_STAT_MiStatPref(27044): key=pref_custom_enabled ,value=false
01-11 10:53:41.226: I/MI_STAT_MiStatPref(27044): key=request_history ,value={"rc":1,"rt":1641834943226}
01-11 10:53:41.226: I/MI_STAT_MiStatPref(27044): key=config_request_time ,value=1641894825083
01-11 10:53:41.226: I/MI_STAT_MiStatPref(27044): key=last_aes_content ,value=LVjOWvzte4u4d2Z9aLhUASWE0+EB+pVFy07XkTPAJCBpJpL22kNFGo6TSFWjSni33D1l3J9k7Nyj
01-11 10:53:41.226: I/MI_STAT_MiStatPref(27044): wEyZpN9xT0dt6irSPIpTnoICd6EYLC80XaD3VdrGiqEI/Cx17yOXccrrGlDzUncuQKbJStn8gWC6
01-11 10:53:41.226: I/MI_STAT_MiStatPref(27044): MjYV5NcOIIJ26LkpAFJmcrmZ8zUhg84hLLGOxV5+LBq6wjcQ23/SlFPm5hv6vTu6V02V/yXyVEDW
01-11 10:53:41.226: I/MI_STAT_MiStatPref(27044): t9KC8Or9tKboz1AX5TmUpaoiciNxtudy1H9iNmlABhsJ/YOBjrtZOfeKLFedDFdQBgS2uUx1J+R9
01-11 10:53:41.226: I/MI_STAT_MiStatPref(27044): EelaGbAskxZG8WMnP93YGdlhuDyh/zYc+A7urA==
01-11 10:53:41.226: I/MI_STAT_MiStatPref(27044): key=last_success_time ,value=1641834943571
01-11 10:53:41.250: E/mm-camera(592): <SENSOR><ERROR> 893: sensor_apply_exposure: sensor_set_dualcam_settings for pine_imx486_qtech , fl_lines 6575 
01-11 10:53:41.321: I/chatty(592): uid=1047(cameraserver) CAM_MctBus_1 identical 1 line
01-11 10:53:41.392: E/mm-camera(592): <SENSOR><ERROR> 893: sensor_apply_exposure: sensor_set_dualcam_settings for pine_imx486_qtech , fl_lines 6575 
01-11 10:53:41.445: D/MessageMonitor(1540): Dump Looper message took 1ms
01-11 10:53:41.463: E/mm-camera(592): <SENSOR><ERROR> 893: sensor_apply_exposure: sensor_set_dualcam_settings for pine_imx486_qtech , fl_lines 6575 
01-11 10:53:41.813: I/chatty(592): uid=1047(cameraserver) CAM_MctBus_1 identical 5 lines
01-11 10:53:41.883: E/mm-camera(592): <SENSOR><ERROR> 893: sensor_apply_exposure: sensor_set_dualcam_settings for pine_imx486_qtech , fl_lines 6575 
01-11 10:53:41.903: I/mm-camera(592): <STATS_AF >< INFO> 439: af_util_done: MainCamera=1 final lens pos 243
01-11 10:53:41.954: E/mm-camera(592): <SENSOR><ERROR> 893: sensor_apply_exposure: sensor_set_dualcam_settings for pine_imx486_qtech , fl_lines 6575 
01-11 10:53:41.962: D/CAM_MiCamera2(27044): processAfResult: afState changed from 1 to 2
01-11 10:53:41.962: D/CAM_FocusTask(27044): warning. set the focus result before the request is processed.
01-11 10:53:41.963: V/CAM_FocusManager(27044): focusResult: 2|true|false|2
01-11 10:53:41.963: D/CAM_FocusManager(27044): getFocusMode=continuous-picture
01-11 10:53:41.963: D/CAM_FocusManager(27044): onAutoFocusMoving: mode=continuous-picture show=true
01-11 10:53:41.963: D/CAM_FocusManager(27044): getFocusMode=continuous-picture
01-11 10:53:41.963: V/CAM_FocusManager(27044): Camera KPI: CAF stop: Focus time: 1902
01-11 10:53:41.963: V/CAM_FocusManager(27044): setFocusState: 3
01-11 10:53:41.963: D/CAM_FocusView(27044): showSuccess
01-11 10:53:41.964: V/CAM_FocusManager(27044): setFocusState: 3
01-11 10:53:41.968: D/CAM_Camera2Module(27044): startNormalCapture mode -> 10
01-11 10:53:41.969: D/CAM_Storage(27044): hasSecondaryStorage=false
01-11 10:53:41.969: I/CAM_Storage(27044): setLeftSpace(4603772928)
01-11 10:53:41.969: I/CAM_Storage(27044): getLeftSpace() return 4603772928
01-11 10:53:41.970: D/CAM_ImageSaver(27044): setDropBitmapTexture false
01-11 10:53:41.970: D/CAM_Camera2Module(27044): prepareNormalCapture
01-11 10:53:41.970: D/CAM_MiCamera2(27044): setCaptureTime: 1641894821970
01-11 10:53:41.971: D/CAM_BaseModule(27044): setCameraState: 3
01-11 10:53:41.971: D/CAM_Camera2Module(27044): prepareNormalCapture: mOrientation = 0, mJpegRotation = 90
01-11 10:53:41.972: D/CAM_CameraIntentManager(27044): intent calling package is io.cordova.hellocordova
01-11 10:53:41.979: D/CAM_Camera2Module(27044): prepareNormalCapture: qcfa = false
01-11 10:53:41.979: D/CAM_CameraConfigs(27044): setLockedAlgoSize: null
01-11 10:53:41.979: D/CAM_MiCamera2(27044): setFrontMirror: false
01-11 10:53:41.980: D/CAM_Camera2Module(27044): updateBeauty(): beauty level: i:0 | sc: 0 | sf: 0 | ss: 0 | ee: 0 
01-11 10:53:41.980: D/CAM_Camera2Module(27044): SR is disabled
01-11 10:53:41.981: D/CAM_Camera2Module(27044): enableParallel=false enableShot2Gallery=false shotType=-2
01-11 10:53:41.981: D/CAM_MiCamera2(27044): setShotType: algo=-2
01-11 10:53:41.981: D/CAM_MiCamera2(27044): setShot2Gallery: isShot2Gallery=false
01-11 10:53:41.981: D/CAM_Camera2Module(27044): prepareNormalCapture title = IMG_20220111_105341
01-11 10:53:41.982: D/CAM_MiCamera2(27044): setShotSavePath: /storage/emulated/0/DCIM/Camera/IMG_20220111_105341.jpg, isParallel:false
01-11 10:53:41.982: D/CAM_CameraConfigs(27044): setShotPath: skip. shotType=-2
01-11 10:53:41.982: D/CAM_Camera2Module(27044): updateAlgorithmName:
01-11 10:53:41.984: V/CAM_MiCamera2(27044): takePicture Camera2Module@79156517: mid = 163, cid = 0, created = true, departed = false
01-11 10:53:41.988: D/CAM_MiCamera2(27044): capture: mMiCamera2ShotQueue.offer, size: 1
01-11 10:53:41.988: D/CAM_MiCamera2(27044): startShot holder: 166306340
01-11 10:53:41.999: D/CAM_Camera2Module(27044): onCapturestart quickshotanimation false anchorFrame false doAnchor false doAnchorPixel false
01-11 10:53:41.999: V/CAM_Camera2Module(27044): mShutterLag = 29ms
01-11 10:53:42.000: D/CAM_Camera2Module(27044): onCaptureStart: outputSize = 4032x3016
01-11 10:53:42.000: D/CAM_Camera2Module(27044): onCaptureStart: outputFormat = JPEG
01-11 10:53:42.000: D/CAM_Camera2Module(27044): onCaptureStart: outputQuality = 100
01-11 10:53:42.002: D/CAM_CameraIntentManager(27044): intent calling package is io.cordova.hellocordova
01-11 10:53:42.002: D/CAM_CameraCapabilities(27044): isSupportZeroDegreeOrientationImage: false
01-11 10:53:42.007: D/CAM_Camera2Module(27044): getOperatingMode: operatingMode = 0x8001
01-11 10:53:42.009: D/CAM_CameraCapabilities(27044): isAdaptiveSnapshotSizeInSatModeSupported(): false
01-11 10:53:42.009: D/CAM_Camera2Module(27044): onCaptureStart: isParallel = false, shotType = -2, isLiveShot = false
01-11 10:53:42.011: E/CamComm1.0-MD(592): Mismatched tag type when updating entry enable (-2146762752) of type byte; got type int32 data instead 
01-11 10:53:42.011: E/CamComm1.0-MD(592): Mismatched tag type when updating entry is_main (-2146762751) of type byte; got type int32 data instead 
01-11 10:53:42.011: E/CamComm1.0-MD(592): [ 01-11 10:53:42.011   793: 1832 D/         ]
01-11 10:53:42.011: E/CamComm1.0-MD(592): readbrightness,out1:684
01-11 10:53:42.011: E/CamComm1.0-MD(592): Iï¿½ï¿½@B.
01-11 10:53:42.011: E/CamComm1.0-MD(592): [ 01-11 10:53:42.012   793: 1832 D/         ]
01-11 10:53:42.011: E/CamComm1.0-MD(592): readbrightness,out2:684.
01-11 10:53:42.012: D/CAM_MiCamera2ShotStill(27044): size=4032x3016
01-11 10:53:42.012: D/CAM_MiCamera2(27044): applyFlashMode: request = android.hardware.camera2.CaptureRequest$Builder@3013f42, applyType = 3
01-11 10:53:42.012: D/CAM_MiCamera2(27044): applyFlashMode: flashMode = 0, mScreenLightCallback = Camera2Module@79156517: mid = 163, cid = 0, created = true, departed = false
01-11 10:53:42.012: D/CAM_CaptureRequestBuilder(27044): applyScreenLightHint(): unsupported
01-11 10:53:42.013: D/CAM_CaptureRequestBuilder(27044): applyExposureCompensation: 0
01-11 10:53:42.013: D/CAM_HybridZoomingSystem(27044): toCropRegion(): zoom ratio = 1.0, crop region = Rect(0, 0 - 4032, 3016)
01-11 10:53:42.013: V/CAM_CaptureRequestBuilder(27044): applyZoomRatio(): cameraId = 0, zoomRatio = 1.0, activeArraySize = Rect(8, 8 - 4040, 3024), cropRegion = Rect(0, 0 - 4032, 3016)
01-11 10:53:42.013: D/CAM_CaptureRequestBuilder(27044): applyAELock: false
01-11 10:53:42.013: D/CAM_CaptureRequestBuilder(27044): applyAWBLock: false
01-11 10:53:42.014: D/CAM_CaptureRequestBuilder(27044): applySuperNightScene: false
01-11 10:53:42.014: D/CAM_CaptureRequestBuilder(27044): applyHDR:false
01-11 10:53:42.014: D/CAM_MiCameraCompat(27044): applyMfnrEnable: false
01-11 10:53:42.014: D/CAM_CaptureRequestBuilder(27044): applySwMfnrEnable: true
01-11 10:53:42.014: D/CAM_CaptureRequestBuilder(27044): applySingleBokeh: false
01-11 10:53:42.014: D/CAM_CaptureRequestBuilder(27044): applyDualBokeh: false
01-11 10:53:42.015: D/CAM_CaptureRequestBuilder(27044): applyFrontMirror: false
01-11 10:53:42.015: D/CAM_CameraCapabilities(27044): isSupportNormalWideLDC: false
01-11 10:53:42.015: D/CAM_CameraCapabilities(27044): isSupportUltraWideLDC: false
01-11 10:53:42.015: D/CAM_MiCamera2(27044): jpegRotation=90
01-11 10:53:42.015: V/CAM_CaptureRequestBuilder(27044): applyZsl(): true
01-11 10:53:42.015: V/CAM_CaptureRequestBuilder(27044): EIS: off
01-11 10:53:42.015: D/CAM_CaptureRequestBuilder(27044): applyFpsRange: fpsRange = null
01-11 10:53:42.016: D/CAM_CaptureRequestBuilder(27044): applyBackwardCaptureHint(): unsupported
01-11 10:53:42.016: D/CAM_CaptureRequestBuilder(27044): applyDepurpleEnable: is not Support  
01-11 10:53:42.020: I/CAM_[PERFORMANCE](27044): [    PictureTaken][START][1641894822019]
01-11 10:53:42.021: D/CAM_Camera2Module(27044): isParallelSessionEnable:false, and block quick shot
01-11 10:53:42.023: E/mm-camera(592): <SENSOR><ERROR> 893: sensor_apply_exposure: sensor_set_dualcam_settings for pine_imx486_qtech , fl_lines 6575 
01-11 10:53:42.095: E/mm-camera(592): <SENSOR><ERROR> 893: sensor_apply_exposure: sensor_set_dualcam_settings for pine_imx486_qtech , fl_lines 6575 
01-11 10:53:42.102: E/<HQ><MG>(592): [orchestrateRequest](203) get bokehValue mMiBokehEnable = 0
01-11 10:53:42.102: E/<HQ><MG>(592): [orchestrateRequest](207) get beautyLevel beautyLevel = i:0
01-11 10:53:42.102: D/<HQ><MG>(592): [orchestrateRequest](213) get beautyLevel mMiFBLevel = 0
01-11 10:53:42.102: I/<HQ><MG>(592): [orchestrateRequest](224) get beautyLevel smoothRatio = 0
01-11 10:53:42.102: I/<HQ><MG>(592): [orchestrateRequest](238) mMiFlipEnable = 0
01-11 10:53:42.094: W/HwBinder:592_4(592): type=1400 audit(0.0:51676): avc: denied { read } for name="u:object_r:default_prop:s0" dev="tmpfs" ino=12090 scontext=u:r:hal_camera_default:s0 tcontext=u:object_r:default_prop:s0 tclass=file permissive=0
01-11 10:53:42.102: I/<HQ><MG>(592): [orchestrateRequest](248) FaceAna : android rotation = 90
01-11 10:53:42.102: E/<HQ><MG>(592): [orchestrateRequest](260) get beautyLevel smoothRatio = 0
01-11 10:53:42.102: E/<HQ><MG>(592): [orchestrateRequest](265) get beautyLevel faceRatio = 0
01-11 10:53:42.102: E/<HQ><MG>(592): [orchestrateRequest](270) get beautyLevel eyeRatio = 0
01-11 10:53:42.102: I/<HQ><MG>(592): [isHhtSnapshotRequest](827) XIAOMI_MFNR_ENABLED mXiaomiHhtEnable = 0,mAutoHHTEnabled =1
01-11 10:53:42.102: I/<HQ><MG>(592): [isHhtSnapshotRequest](832) XIAOMI_SWMF_ENABLED mXiaomiHhtEnable = 1,mAutoHHTEnabled =1
01-11 10:53:42.103: E/libc(592): Access denied finding property "persist.camera.fronthht.enable"
01-11 10:53:42.103: E/libc(592): Access denied finding property "persist.camera.backhht.enable"
01-11 10:53:42.103: E/libc(592): Access denied finding property "persist.camera.fronthht.enable"
01-11 10:53:42.103: E/libc(592): Access denied finding property "persist.camera.backhht.enable"
01-11 10:53:42.103: I/<HQ><BHHT>(592): [parseXmlConfig](560) mAlgoParamsPathNew = vendor/etc/camera/global_morpho_hht_params_imx486_i.xml
01-11 10:53:42.111: I/<HQ><BHHT>(592): [parseXmlConfig](576) cameraId:0,mBackIsoThreshold:800
01-11 10:53:42.111: I/<HQ><BHHT>(592): [parseXmlConfig](632) index 0:120 3 1.000000 1.000000 1 3.000000 ;gain:100 100 0 1024 0 16 1
01-11 10:53:42.111: I/<HQ><BHHT>(592): [parseXmlConfig](645) ynr_weights:0.000000 4.000000 3.000000 2.000000 2.000000 1.000000 1.000000 1.000000 1.000000 1.000000 1.000000  ; cnr_weights:0 8 7 5 4 3 2 2 2 2 2  
01-11 10:53:42.111: I/<HQ><BHHT>(592): [parseXmlConfig](632) index 1:300 3 1.000000 2.000000 1 3.000000 ;gain:100 100 0 1024 0 16 1
01-11 10:53:42.111: I/<HQ><BHHT>(592): [parseXmlConfig](645) ynr_weights:0.000000 4.000000 3.000000 2.000000 2.000000 1.000000 1.000000 1.000000 1.000000 1.000000 1.000000  ; cnr_weights:0 8 7 5 4 3 2 2 2 2 2  
01-11 10:53:42.111: I/<HQ><BHHT>(592): [parseXmlConfig](632) index 2:400 3 2.000000 4.000000 2 3.000000 ;gain:100 100 0 1024 0 16 1
01-11 10:53:42.111: I/<HQ><BHHT>(592): [parseXmlConfig](645) ynr_weights:0.000000 4.000000 3.000000 2.000000 2.000000 1.000000 1.000000 1.000000 1.000000 1.000000 1.000000  ; cnr_weights:0 8 7 5 4 3 2 2 2 2 2  
01-11 10:53:42.112: I/<HQ><BHHT>(592): [parseXmlConfig](632) index 3:600 3 3.000000 5.000000 2 2.500000 ;gain:100 100 0 1024 0 16 1
01-11 10:53:42.112: I/<HQ><BHHT>(592): [parseXmlConfig](645) ynr_weights:0.000000 4.000000 3.000000 2.000000 2.000000 1.000000 1.000000 1.000000 1.000000 1.000000 1.000000  ; cnr_weights:0 8 7 5 4 3 2 2 2 2 2  
01-11 10:53:42.112: I/<HQ><BHHT>(592): [parseXmlConfig](632) index 4:800 3 10.000000 6.000000 2 0.500000 ;gain:100 100 0 1024 0 16 1
01-11 10:53:42.112: I/<HQ><BHHT>(592): [parseXmlConfig](645) ynr_weights:0.000000 6.000000 4.000000 3.000000 2.000000 1.000000 1.000000 1.000000 1.000000 1.000000 1.000000  ; cnr_weights:0 8 7 5 4 3 2 2 2 2 2  
01-11 10:53:42.112: I/<HQ><BHHT>(592): [parseXmlConfig](632) index 5:1200 3 12.000000 7.000000 2 0.500000 ;gain:100 100 0 1024 0 16 1
01-11 10:53:42.112: I/<HQ><BHHT>(592): [parseXmlConfig](645) ynr_weights:0.000000 6.000000 4.000000 3.000000 2.000000 1.000000 1.000000 1.000000 1.000000 1.000000 1.000000  ; cnr_weights:0 8 7 5 4 3 2 2 2 2 2  
01-11 10:53:42.112: I/<HQ><BHHT>(592): [parseXmlConfig](632) index 6:1600 3 15.000000 8.000000 2 0.500000 ;gain:100 100 0 1024 0 16 1
01-11 10:53:42.112: I/<HQ><BHHT>(592): [parseXmlConfig](645) ynr_weights:0.000000 6.000000 4.000000 3.000000 2.000000 1.000000 1.000000 1.000000 1.000000 1.000000 1.000000  ; cnr_weights:0 8 7 5 4 3 2 2 2 2 2  
01-11 10:53:42.112: I/<HQ><BHHT>(592): [parseXmlConfig](632) index 7:2200 3 17.000000 9.000000 2 0.500000 ;gain:100 100 0 1024 0 16 1
01-11 10:53:42.112: I/<HQ><BHHT>(592): [parseXmlConfig](645) ynr_weights:0.000000 6.000000 4.000000 3.000000 2.000000 1.000000 1.000000 1.000000 1.000000 1.000000 1.000000  ; cnr_weights:0 8 7 5 4 3 2 2 2 2 2  
01-11 10:53:42.113: I/<HQ><BHHT>(592): [parseXmlConfig](632) index 8:3000 3 22.000000 13.000000 2 0.300000 ;gain:100 100 0 1024 0 16 1
01-11 10:53:42.113: I/<HQ><BHHT>(592): [parseXmlConfig](645) ynr_weights:0.000000 6.000000 4.000000 3.000000 2.000000 1.000000 1.000000 1.000000 1.000000 1.000000 1.000000  ; cnr_weights:0 8 7 5 4 3 2 2 2 2 2  
01-11 10:53:42.113: I/<HQ><BHHT>(592): [parseXmlConfig](632) index 9:3800 3 29.000000 15.000000 2 0.300000 ;gain:100 100 0 1024 0 16 1
01-11 10:53:42.113: I/<HQ><BHHT>(592): [parseXmlConfig](645) ynr_weights:0.000000 6.000000 4.000000 3.000000 2.000000 1.000000 1.000000 1.000000 1.000000 1.000000 1.000000  ; cnr_weights:0 8 7 5 4 3 2 2 2 2 2  
01-11 10:53:42.113: I/<HQ><BHHT>(592): [parseXmlConfig](632) index 10:4800 3 43.000000 20.000000 2 0.300000 ;gain:100 100 0 1024 0 16 1
01-11 10:53:42.113: I/<HQ><BHHT>(592): [parseXmlConfig](645) ynr_weights:0.000000 6.000000 4.000000 3.000000 2.000000 1.000000 1.000000 1.000000 1.000000 1.000000 1.000000  ; cnr_weights:0 8 7 5 4 3 2 2 2 2 2  
01-11 10:53:42.113: I/<HQ><BHHT>(592): [parseXmlConfig](632) index 11:5800 3 45.000000 23.000000 2 0.300000 ;gain:100 100 0 1024 0 16 1
01-11 10:53:42.113: I/<HQ><BHHT>(592): [parseXmlConfig](645) ynr_weights:0.000000 6.000000 4.000000 3.000000 2.000000 1.000000 1.000000 1.000000 1.000000 1.000000 1.000000  ; cnr_weights:0 8 7 5 4 3 2 2 2 2 2  
01-11 10:53:42.113: I/<HQ><BHHT>(592): [parseXmlConfig](632) index 12:6500 3 62.000000 15.000000 3 0.300000 ;gain:100 100 0 1024 0 16 1
01-11 10:53:42.113: I/<HQ><BHHT>(592): [parseXmlConfig](645) ynr_weights:0.000000 6.000000 4.000000 3.000000 2.000000 1.000000 1.000000 1.000000 1.000000 1.000000 1.000000  ; cnr_weights:0 8 7 5 4 3 2 2 2 2 2  
01-11 10:53:42.114: I/<HQ><BHHT>(592): [parseXmlConfig](632) index 13:6800 3 64.000000 15.000000 3 0.300000 ;gain:100 100 0 1024 0 16 1
01-11 10:53:42.114: I/<HQ><BHHT>(592): [parseXmlConfig](645) ynr_weights:0.000000 6.000000 4.000000 3.000000 2.000000 1.000000 1.000000 1.000000 1.000000 1.000000 1.000000  ; cnr_weights:0 8 7 5 4 3 2 2 2 2 2  
01-11 10:53:42.114: I/QCamera(592): <HAL><INFO> translateToHalMetadata: 16798: awb_cct 0 mincct 2000 maxcct 8000 
01-11 10:53:42.114: I/QCamera(592): <HAL><INFO> request: 6149:  Starting Postproc Channel mPostProcStarted:0
01-11 10:53:42.115: I/hwservicemanager(426): getTransport: Cannot find entry vendor.qti.hardware.servicetracker@1.0::IServicetracker/default in either framework or device manifest.
01-11 10:53:42.115: I/QCamera(592): <HAL><INFO> addReprocStreamsFromSource: 8815: pp feature flip= 0
01-11 10:53:42.118: I/mm-camera(592): <MCT   >< INFO> 634: mct_stream_start_link: Start linking offline stream 0x10004
01-11 10:53:42.118: I/mm-camera(592): <MCT   >< INFO> 705: mct_stream_start_link: iface=0x0, isp=0x0, pproc=0xaac165e0, imglib=0x0
01-11 10:53:42.119: I/mm-camera(592): <PPROC >< INFO> 449: pproc_port_add_modules_to_stream: in identity 10004 stream 9 int_link = 0xa2bd4a80
01-11 10:53:42.119: I/mm-camera(592): <PPROC >< INFO> 461: pproc_port_add_modules_to_stream: :LINK linking mods tmod and cpp for identity 10004
01-11 10:53:42.119: I/mm-camera(592): <CPP   >< INFO> 3710: cpp_module_util_update_dim: offset_x 0, offset_y 0, offset 0, meta_len 0,meta_scanline 0, meta_stride 0, plane_len 12386304
01-11 10:53:42.119: I/mm-camera(592): <CPP   >< INFO> 3710: cpp_module_util_update_dim: offset_x 0, offset_y 0, offset 0, meta_len 0,meta_scanline 0, meta_stride 0, plane_len 6193152
01-11 10:53:42.119: I/mm-camera(592): <CPP   >< INFO> 2515: cpp_module_notify_add_stream: :stream 9, width 4032, height 3016, stride 4032,scanline 3072, framelen 18579456
01-11 10:53:42.119: E/mm-camera(592): <CPP   ><ERROR> 2583: cpp_module_notify_add_stream: failed, non supported rotation angle 0
01-11 10:53:42.119: I/mm-camera(592): <CPP   >< INFO> 2672: cpp_module_notify_add_stream: : stream 9, fmt 2, asf_mode 0, sharpness_level 0.000000,asf mask 1, denoise 0, denoise_mask 1, dsdn mask 0,dsdn enable 0, tnr mask 0, tnr enable 0, ds_mask 1, luma dsdn 0
01-11 10:53:42.119: I/mm-camera(592): <MCT   >< INFO> 803: mct_stream_start_link: Linking single module
01-11 10:53:42.119: I/mm-camera(592): <MCT   >< INFO> 811: mct_stream_start_link: single_module=0xaac165e0
01-11 10:53:42.119: I/mm-camera(592): <MCT   >< INFO> 4542: mct_pipeline_process_set: Linking successful for stream 0x10004 stream type=9
01-11 10:53:42.119: I/hwservicemanager(426): getTransport: Cannot find entry vendor.qti.hardware.servicetracker@1.0::IServicetracker/default in either framework or device manifest.
01-11 10:53:42.120: I/mm-camera(592): <MCT   >< INFO> 4599: mct_pipeline_process_set:  STREAM-ON on stream 0x10004 stream type=9
01-11 10:53:42.120: I/mm-camera(592): <CPP   >< INFO> 4742: cpp_module_handle_streamon_event: identity=0x10004, stream-on done
01-11 10:53:42.120: I/mm-camera(592): <MCT   >< INFO> 4616: mct_pipeline_process_set:  STREAM-ON success for stream 0x10004, stream type=9
01-11 10:53:42.123: I/QCamera(592): <HAL><INFO> orchestrateRequest: 6201: --hht-- request for frame number 871
01-11 10:53:42.124: I/QCamera(592): <HAL><INFO> translateToHalMetadata: 16798: awb_cct 0 mincct 2000 maxcct 8000 
01-11 10:53:42.124: I/QCamera(592): <HAL><INFO> request: 6149:  Starting Postproc Channel mPostProcStarted:1
01-11 10:53:42.124: I/QCamera(592): <HAL><INFO> orchestrateRequest: 6201: --hht-- request for frame number 872
01-11 10:53:42.124: I/QCamera(592): <HAL><INFO> processCaptureRequest: 8650: [KPI Perf] : PROFILE_SNAPSHOT_REQUEST_RECEIVED
01-11 10:53:42.126: I/QCamera(592): <HAL><INFO> translateToHalMetadata: 16798: awb_cct 0 mincct 2000 maxcct 8000 
01-11 10:53:42.128: I/QCamera(592): <HAL><INFO> request: 6149:  Starting Postproc Channel mPostProcStarted:1
01-11 10:53:42.132: I/QCamera(592): <HAL><INFO> orchestrateRequest: 6217: --hht-- request for frame number 873,mXiaomiHhtEnable =1
01-11 10:53:42.132: I/QCamera(592): <HAL><INFO> orchestrateRequest: 6218: originalFrameNumber = 71,originalOutputCount = 2
01-11 10:53:42.164: E/mm-camera(592): <SENSOR><ERROR> 893: sensor_apply_exposure: sensor_set_dualcam_settings for pine_imx486_qtech , fl_lines 6575 
01-11 10:53:42.169: E/<HQ><MG>(592): [orchestrateRequest](203) get bokehValue mMiBokehEnable = 0
01-11 10:53:42.169: E/<HQ><MG>(592): [orchestrateRequest](207) get beautyLevel beautyLevel = i:0
01-11 10:53:42.169: D/<HQ><MG>(592): [orchestrateRequest](213) get beautyLevel mMiFBLevel = 0
01-11 10:53:42.169: I/<HQ><MG>(592): [orchestrateRequest](224) get beautyLevel smoothRatio = 0
01-11 10:53:42.169: I/<HQ><MG>(592): [orchestrateRequest](254) mMiAiEnabled = 0
01-11 10:53:42.169: E/<HQ><MG>(592): [orchestrateRequest](260) get beautyLevel smoothRatio = 0
01-11 10:53:42.169: E/<HQ><MG>(592): [orchestrateRequest](265) get beautyLevel faceRatio = 0
01-11 10:53:42.169: E/<HQ><MG>(592): [orchestrateRequest](270) get beautyLevel eyeRatio = 0
01-11 10:53:42.169: I/QCamera(592): <HAL><INFO> translateToHalMetadata: 16798: awb_cct 0 mincct 2000 maxcct 8000 
01-11 10:53:42.236: E/mm-camera(592): <SENSOR><ERROR> 893: sensor_apply_exposure: sensor_set_dualcam_settings for pine_imx486_qtech , fl_lines 6575 
01-11 10:53:42.305: E/mm-camera(592): <SENSOR><ERROR> 3662: sensor_get_cur_chromatix_name: chromatix :pine_imx486_qtech_zsl_preview pine_imx486_qtech_snapshot pine_imx486_qtech_snapshot pine_imx486_qtech_cpp_preview pine_imx486_qtech_cpp_snapshot_hht s_data->cur_res:0 suffix:(null), sensor_id:486
01-11 10:53:42.305: E/mm-camera(592): <SENSOR><ERROR> 3666: sensor_get_cur_chromatix_name: s_replaced_boken_chromatix_name :0 s_replaced_subcam_boken_chromatix_name :0 g_bokeh_singal_param:0
01-11 10:53:42.306: E/mm-camera(592): <SENSOR><ERROR> 893: sensor_apply_exposure: sensor_set_dualcam_settings for pine_imx486_qtech , fl_lines 6575 
01-11 10:53:42.377: I/mm-camera(592): <STATS_AEC >< INFO> 3790: aec_port_proc_downstream_ctrl: aec manual gain 1.000000
01-11 10:53:42.377: E/mm-camera(592): <SENSOR><ERROR> 235: module_sensor_set_parm_led_mode: Brant 4 CAM_INTF_PARM_LED_MODE 0 is_capture 0
01-11 10:53:42.378: E/mm-camera(592): <SENSOR><ERROR> 893: sensor_apply_exposure: sensor_set_dualcam_settings for pine_imx486_qtech , fl_lines 6575 
01-11 10:53:42.445: E/mm-camera(592): <ISP   ><ERROR> 636: color_correct40_set_effect: Best shot enabled, skip set effect
01-11 10:53:42.445: E/mm-camera(592): <ISP   ><ERROR> 1310: isp_sub_module_port_set_param: failed: module color_correct40 set parm 25 int set parm 1
01-11 10:53:42.446: E/mm-camera(592): <ISP   ><ERROR> 636: color_correct40_set_effect: Best shot enabled, skip set effect
01-11 10:53:42.446: E/mm-camera(592): <ISP   ><ERROR> 1310: isp_sub_module_port_set_param: failed: module color_correct40 set parm 25 int set parm 1
01-11 10:53:42.449: I/mm-camera(592): <STATS_AEC >< INFO> 3790: aec_port_proc_downstream_ctrl: aec manual gain 1.000000
01-11 10:53:42.450: E/mm-camera(592): <SENSOR><ERROR> 235: module_sensor_set_parm_led_mode: Brant 4 CAM_INTF_PARM_LED_MODE 0 is_capture 0
01-11 10:53:42.450: E/mm-camera(592): <SENSOR><ERROR> 893: sensor_apply_exposure: sensor_set_dualcam_settings for pine_imx486_qtech , fl_lines 6575 
01-11 10:53:42.517: I/mm-camera(592): <STATS_AEC >< INFO> 3790: aec_port_proc_downstream_ctrl: aec manual gain 1.000000
01-11 10:53:42.518: E/mm-camera(592): <SENSOR><ERROR> 235: module_sensor_set_parm_led_mode: Brant 4 CAM_INTF_PARM_LED_MODE 0 is_capture 0
01-11 10:53:42.518: E/mm-camera(592): <SENSOR><ERROR> 893: sensor_apply_exposure: sensor_set_dualcam_settings for pine_imx486_qtech , fl_lines 6575 
01-11 10:53:42.589: I/mm-camera(592): <STATS_AEC >< INFO> 3790: aec_port_proc_downstream_ctrl: aec manual gain 1.000000
01-11 10:53:42.590: E/mm-camera(592): <SENSOR><ERROR> 235: module_sensor_set_parm_led_mode: Brant 4 CAM_INTF_PARM_LED_MODE 0 is_capture 0
01-11 10:53:42.591: E/mm-camera(592): <SENSOR><ERROR> 893: sensor_apply_exposure: sensor_set_dualcam_settings for pine_imx486_qtech , fl_lines 6575 
01-11 10:53:42.593: I/QCamera(592): <HAL><INFO> ZSLChannelCb: 7141: [KPI Perf]: superbuf frame_idx 78
01-11 10:53:42.584: W/CAM_SuperBuf(592): type=1400 audit(0.0:51680): avc: denied { read } for name="u:object_r:default_prop:s0" dev="tmpfs" ino=12090 scontext=u:r:hal_camera_default:s0 tcontext=u:object_r:default_prop:s0 tclass=file permissive=0
01-11 10:53:42.593: E/libc(592): Access denied finding property "persist.camera.fronthht.enable"
01-11 10:53:42.584: W/CAM_SuperBuf(592): type=1400 audit(0.0:51681): avc: denied { read } for name="u:object_r:default_prop:s0" dev="tmpfs" ino=12090 scontext=u:r:hal_camera_default:s0 tcontext=u:object_r:default_prop:s0 tclass=file permissive=0
01-11 10:53:42.594: E/libc(592): Access denied finding property "persist.camera.backhht.enable"
01-11 10:53:42.594: E/libc(592): Access denied finding property "persist.camera.hdr.enable"
01-11 10:53:42.584: W/CAM_SuperBuf(592): type=1400 audit(0.0:51682): avc: denied { read } for name="u:object_r:default_prop:s0" dev="tmpfs" ino=12090 scontext=u:r:hal_camera_default:s0 tcontext=u:object_r:default_prop:s0 tclass=file permissive=0
01-11 10:53:42.594: D/<HQ><MG>(592): [QCamera3PicChannelCbExt](897) All prop PROP_FRONT_HHT_ENABLED =0,        PROP_BACK_HHT_ENABLED =0,        PROP_HDR_ENABLED =0
01-11 10:53:42.594: I/<HQ><MG>(592): [QCamera3PicChannelCbExt](902) QCamera3PicChannelCbExtBackhht come in,mHhtSnapshotRunning =1
01-11 10:53:42.594: I/<HQ><MG>(592): [QCamera3PicChannelCbExtBackhht](976) mHQHHT=0xa2cfd800,frame=0x99eba280,stream=0xa2ced500
01-11 10:53:42.594: I/<HQ><BHHT>(592): [setHHTParameters](411) back_morphoHHT_version = Morpho PhotoSolid Ver.5.0.0 xiaomi  Official redmi support 2019/05/14
01-11 10:53:42.594: D/<HQ><BHHT>(592): [setHHTParameters](508) (y_nr_level,c_nr_level,iso)Down: 62.000000 15.000000 6500;Up:  64.000000 15.000000 6800;Sub: 300 146 154
01-11 10:53:42.594: D/<HQ><BHHT>(592): [setHHTParameters](513) HHTdebug(index,paramsNum,iso): 13 13 6654;Real(y_nr_level,c_nr_level,iso): 63.026665 15.000000 6654;
01-11 10:53:42.594: I/<HQ><BHHT>(592): [setHHTParameters](546) morpho_hht setHhtParam->setHhtParamEnd duration =  0
01-11 10:53:42.594: D/<HQ><BHHT>(592): [initMorphoHHT](211)  initMorphoHHT 1
01-11 10:53:42.594: D/<HQ><BHHT>(592): [initMorphoHHT](216) HHTdebug image_width: 4032 image_height:3016 number_input:3 num_merge:3 Y NR level:63.026665 C NR level:15.000000
01-11 10:53:42.594: D/<HQ><BHHT>(592): [initMorphoHHT](219) HHTdebug C NR times: 3 obc level:0.300000 gain: 100 gamma:100 contrast: 0 saturation: 1024
01-11 10:53:42.594: D/<HQ><BHHT>(592): [initMorphoHHT](222) HHTdebug autosorting: 1 autoscaling: 1 sharpnees:0 spike_noise_level: 16 block_cnr:1 stride : 4032
01-11 10:53:42.594: D/<HQ><BHHT>(592): [initMorphoHHT](224) HHTdebug padding : 0 use_qcds : 1 iso : 6654 ss : 25
01-11 10:53:42.594: D/<HQ><BHHT>(592): [initMorphoHHT](236) HHTdebug params->ynr_weights{0.000000, 6.000000, 4.000000, 3.000000, 2.000000, 1.000000, 1.000000, 1.000000, 1.000000, 1.000000, 1.000000}
01-11 10:53:42.594: D/<HQ><BHHT>(592): [initMorphoHHT](248) HHTdebug params->cnr_weights{0, 8, 7, 5, 4, 3, 2, 2, 2, 2, 2}
01-11 10:53:42.658: E/mm-camera(592): <SENSOR><ERROR> 893: sensor_apply_exposure: sensor_set_dualcam_settings for pine_imx486_qtech , fl_lines 6575 
01-11 10:53:42.699: D/MessageMonitor(1540): Dump Looper message took 1ms
01-11 10:53:42.727: E/mm-camera(592): <SENSOR><ERROR> 893: sensor_apply_exposure: sensor_set_dualcam_settings for pine_imx486_qtech , fl_lines 6575 
01-11 10:53:42.734: D/CAM_MiCamera2ShotStill(27044): onCaptureStarted: mCurrentParallelTaskData: 679796722354731
01-11 10:53:42.740: D/CAM_MiCamera2ShotStill(27044): onCaptureCompleted: 71
01-11 10:53:42.740: D/CAM_MiCamera2(27044): setState: 1
01-11 10:53:42.740: D/CAM_MiCamera2(27044): applyFlashMode: request = android.hardware.camera2.CaptureRequest$Builder@f7fbfee, applyType = 7
01-11 10:53:42.740: D/CAM_MiCamera2(27044): applyFlashMode: flashMode = 0, mScreenLightCallback = Camera2Module@79156517: mid = 163, cid = 0, created = true, departed = false
01-11 10:53:42.740: D/CAM_CaptureRequestBuilder(27044): applyScreenLightHint(): unsupported
01-11 10:53:42.740: D/CAM_MiCamera2(27044): applySettingsForPreview: android.hardware.camera2.CaptureRequest$Builder@f7fbfee
01-11 10:53:42.740: D/CAM_MiCamera2(27044): applyFlashMode: request = android.hardware.camera2.CaptureRequest$Builder@f7fbfee, applyType = 1
01-11 10:53:42.740: D/CAM_MiCamera2(27044): applyFlashMode: flashMode = 0, mScreenLightCallback = Camera2Module@79156517: mid = 163, cid = 0, created = true, departed = false
01-11 10:53:42.740: D/CAM_CaptureRequestBuilder(27044): applyScreenLightHint(): unsupported
01-11 10:53:42.740: D/CAM_CaptureRequestBuilder(27044): applyExposureCompensation: 0
01-11 10:53:42.740: D/CAM_HybridZoomingSystem(27044): toCropRegion(): zoom ratio = 1.0, crop region = Rect(0, 0 - 4032, 3016)
01-11 10:53:42.741: V/CAM_CaptureRequestBuilder(27044): applyZoomRatio(): cameraId = 0, zoomRatio = 1.0, activeArraySize = Rect(8, 8 - 4040, 3024), cropRegion = Rect(0, 0 - 4032, 3016)
01-11 10:53:42.741: D/CAM_CaptureRequestBuilder(27044): applyAELock: false
01-11 10:53:42.741: D/CAM_CaptureRequestBuilder(27044): applyAWBLock: false
01-11 10:53:42.741: D/CAM_MiCameraCompat(27044): applyMfnrEnable: false
01-11 10:53:42.741: D/CAM_CaptureRequestBuilder(27044): applySingleBokeh: false
01-11 10:53:42.741: D/CAM_CaptureRequestBuilder(27044): applyDualBokeh: false
01-11 10:53:42.741: D/CAM_CameraCapabilities(27044): isSupportNormalWideLDC: false
01-11 10:53:42.741: D/CAM_CameraCapabilities(27044): isSupportUltraWideLDC: false
01-11 10:53:42.741: D/CAM_CaptureRequestBuilder(27044): applyAELock: false
01-11 10:53:42.741: D/CAM_CaptureRequestBuilder(27044): applyAWBLock: false
01-11 10:53:42.741: V/CAM_CaptureRequestBuilder(27044): EIS: off
01-11 10:53:42.742: D/CAM_CaptureRequestBuilder(27044): applyFpsRange: fpsRange = null
01-11 10:53:42.742: E/CAM_CaptureRequestBuilder(27044): applySatFallbackDisable: xiaomi.smoothTransition.disablefallback not defined
01-11 10:53:42.742: D/CAM_CaptureRequestBuilder(27044): applyAiASDEnable:false
01-11 10:53:42.742: D/CAM_CaptureRequestBuilder(27044): applyASDScene(): unsupported
01-11 10:53:42.764: D/CAM_FocusView(27044): msg=5 true
01-11 10:53:42.798: E/mm-camera(592): <SENSOR><ERROR> 893: sensor_apply_exposure: sensor_set_dualcam_settings for pine_imx486_qtech , fl_lines 6575 
01-11 10:53:42.802: I/Zygote(510): Process 27385 exited due to signal 9 (Killed)
01-11 10:53:42.802: I/ActivityManager(1540): Process com.xiaomi.simactivate.service (pid 27385) has died: cch+15 CEM 
01-11 10:53:42.802: I/libprocessgroup(1540): Successfully killed process cgroup uid 10147 pid 27385 in 0ms
01-11 10:53:42.802: I/hwservicemanager(426): getTransport: Cannot find entry vendor.qti.hardware.iop@2.0::IIop/default in either framework or device manifest.
01-11 10:53:42.806: I/hwservicemanager(426): getTransport: Cannot find entry vendor.qti.hardware.servicetracker@1.0::IServicetracker/default in either framework or device manifest.
01-11 10:53:42.811: I/MiuiNetworkPolicy(1540): removeUidState uid = 10147
01-11 10:53:42.852: I/ActivityManager(1540): Process com.google.android.gms.unstable (pid 27274) has died: cch+5 CEM 
01-11 10:53:42.852: I/libprocessgroup(1540): Successfully killed process cgroup uid 10171 pid 27274 in 0ms
01-11 10:53:42.852: I/Zygote(510): Process 27274 exited due to signal 9 (Killed)
01-11 10:53:42.852: I/hwservicemanager(426): getTransport: Cannot find entry vendor.qti.hardware.iop@2.0::IIop/default in either framework or device manifest.
01-11 10:53:42.854: I/hwservicemanager(426): getTransport: Cannot find entry vendor.qti.hardware.servicetracker@1.0::IServicetracker/default in either framework or device manifest.
01-11 10:53:42.857: E/<HQ><BHHT>(592): [initMorphoHHT](284) LINK_morpho_lowlight_initialize error = 0
01-11 10:53:42.870: I/<HQ><BHHT>(592): [initMorphoHHT](293) morpho_hht setHhtParam->init duration =  276
01-11 10:53:42.870: E/libc(592): Access denied finding property "persist.camera.hq.backhht.dump"
01-11 10:53:42.871: I/<HQ><BHHT>(592): [addInputImg](358) addInputImg 
01-11 10:53:42.864: W/CAM_SuperBuf(592): type=1400 audit(0.0:51683): avc: denied { read } for name="u:object_r:default_prop:s0" dev="tmpfs" ino=12090 scontext=u:r:hal_camera_default:s0 tcontext=u:object_r:default_prop:s0 tclass=file permissive=0
01-11 10:53:42.871: E/mm-camera(592): <IFACE ><ERROR> 7002: iface_util_request_frame_by_stream_ids: iface_util_request_frame_by_stream_ids: failed: iface_util_request_frame
01-11 10:53:42.871: E/mm-camera(592): <IFACE ><ERROR> 3465: iface_handle_control_sof: iface_handle_control_sof:3465 failed iface_restore_hal_param
01-11 10:53:42.871: E/mm-camera(592): <SENSOR><ERROR> 893: sensor_apply_exposure: sensor_set_dualcam_settings for pine_imx486_qtech , fl_lines 6575 
01-11 10:53:42.897: I/<HQ><BHHT>(592): [addInputImg](383) morpho_hht setHhtParam->addInputImg duration =  303
01-11 10:53:42.897: I/QCamera(592): <HAL><INFO> ZSLChannelCb: 7141: [KPI Perf]: superbuf frame_idx 79
01-11 10:53:42.898: E/libc(592): Access denied finding property "persist.camera.fronthht.enable"
01-11 10:53:42.898: E/libc(592): Access denied finding property "persist.camera.backhht.enable"
01-11 10:53:42.898: E/libc(592): Access denied finding property "persist.camera.hdr.enable"
01-11 10:53:42.898: D/<HQ><MG>(592): [QCamera3PicChannelCbExt](897) All prop PROP_FRONT_HHT_ENABLED =0,        PROP_BACK_HHT_ENABLED =0,        PROP_HDR_ENABLED =0
01-11 10:53:42.898: I/<HQ><MG>(592): [QCamera3PicChannelCbExt](902) QCamera3PicChannelCbExtBackhht come in,mHhtSnapshotRunning =1
01-11 10:53:42.898: I/<HQ><MG>(592): [QCamera3PicChannelCbExtBackhht](976) mHQHHT=0xa2cfd800,frame=0x99eba2e0,stream=0xa2ced500
01-11 10:53:42.898: E/libc(592): Access denied finding property "persist.camera.hq.backhht.dump"
01-11 10:53:42.898: I/<HQ><BHHT>(592): [addInputImg](358) addInputImg 
01-11 10:53:42.919: I/<HQ><BHHT>(592): [addInputImg](383) morpho_hht setHhtParam->addInputImg duration =  325
01-11 10:53:42.919: I/QCamera(592): <HAL><INFO> ZSLChannelCb: 7141: [KPI Perf]: superbuf frame_idx 80
01-11 10:53:42.919: E/libc(592): Access denied finding property "persist.camera.fronthht.enable"
01-11 10:53:42.920: E/libc(592): Access denied finding property "persist.camera.backhht.enable"
01-11 10:53:42.920: E/libc(592): Access denied finding property "persist.camera.hdr.enable"
01-11 10:53:42.920: D/<HQ><MG>(592): [QCamera3PicChannelCbExt](897) All prop PROP_FRONT_HHT_ENABLED =0,        PROP_BACK_HHT_ENABLED =0,        PROP_HDR_ENABLED =0
01-11 10:53:42.920: I/<HQ><MG>(592): [QCamera3PicChannelCbExt](902) QCamera3PicChannelCbExtBackhht come in,mHhtSnapshotRunning =1
01-11 10:53:42.920: I/<HQ><MG>(592): [QCamera3PicChannelCbExtBackhht](976) mHQHHT=0xa2cfd800,frame=0x99eba310,stream=0xa2ced500
01-11 10:53:42.920: E/libc(592): Access denied finding property "persist.camera.hq.backhht.dump"
01-11 10:53:42.920: I/<HQ><BHHT>(592): [addInputImg](358) addInputImg 
01-11 10:53:42.940: E/mm-camera(592): <SENSOR><ERROR> 893: sensor_apply_exposure: sensor_set_dualcam_settings for pine_imx486_qtech , fl_lines 6575 
01-11 10:53:42.942: I/<HQ><BHHT>(592): [addInputImg](383) morpho_hht setHhtParam->addInputImg duration =  348
01-11 10:53:42.942: I/<HQ><BHHT>(592): [addInputImg](390) morpho_hht setHhtParam->addInputImg dump duration =  348
01-11 10:53:42.942: D/<HQ><BHHT>(592): [processHHT](67) processHHT 
01-11 10:53:43.009: E/mm-camera(592): <SENSOR><ERROR> 893: sensor_apply_exposure: sensor_set_dualcam_settings for pine_imx486_qtech , fl_lines 6575 
01-11 10:53:43.009: E/mm-camera(592): [ 01-11 10:53:43.012   793: 1832 D/         ]
01-11 10:53:43.009: E/mm-camera(592): readbrightness,out1:684
01-11 10:53:43.009: E/mm-camera(592): Iï¿½ï¿½@B.
01-11 10:53:43.009: E/mm-camera(592): [ 01-11 10:53:43.012   793: 1832 D/         ]
01-11 10:53:43.009: E/mm-camera(592): readbrightness,out2:684.
01-11 10:53:43.080: E/mm-camera(592): <SENSOR><ERROR> 893: sensor_apply_exposure: sensor_set_dualcam_settings for pine_imx486_qtech , fl_lines 6575 
01-11 10:53:43.284: I/ActivityManager(1540): Process com.qualcomm.qti.qdma (pid 25403) has died: svcb SVC 
01-11 10:53:43.149: I/chatty(592): uid=1047(cameraserver) CAM_MctBus_1 identical 1 line
01-11 10:53:43.219: E/mm-camera(592): <SENSOR><ERROR> 893: sensor_apply_exposure: sensor_set_dualcam_settings for pine_imx486_qtech , fl_lines 6575 
01-11 10:53:43.284: I/Zygote(510): Process 25403 exited due to signal 9 (Killed)
01-11 10:53:43.284: I/hwservicemanager(426): getTransport: Cannot find entry vendor.qti.hardware.iop@2.0::IIop/default in either framework or device manifest.
01-11 10:53:43.285: I/libprocessgroup(1540): Successfully killed process cgroup uid 1000 pid 25403 in 0ms
01-11 10:53:43.286: I/hwservicemanager(426): getTransport: Cannot find entry vendor.qti.hardware.servicetracker@1.0::IServicetracker/default in either framework or device manifest.
01-11 10:53:43.287: W/ActivityManager(1540): Scheduling restart of crashed service com.qualcomm.qti.qdma/.job.QDMAJobService in 64783ms
01-11 10:53:43.294: W/ActivityManager(1540): Scheduling restart of crashed service com.qualcomm.qti.qdma/.app.ActiveCareService in 74776ms
01-11 10:53:43.295: W/ActivityManager(1540): Scheduling restart of crashed service com.qualcomm.qti.qdma/.uploader.UploaderService in 84776ms
01-11 10:53:43.296: E/mm-camera(592): <SENSOR><ERROR> 893: sensor_apply_exposure: sensor_set_dualcam_settings for pine_imx486_qtech , fl_lines 6575 
01-11 10:53:43.371: I/chatty(592): uid=1047(cameraserver) CAM_MctBus_1 identical 1 line
01-11 10:53:43.461: E/mm-camera(592): <SENSOR><ERROR> 893: sensor_apply_exposure: sensor_set_dualcam_settings for pine_imx486_qtech , fl_lines 6575 
01-11 10:53:43.509: I/mm-camera(592): <MCT   >< INFO> 1087: mct_controller_send_superparam: Skipping sof (current_frame, kernel_frame)= [92, 92] drop_reconfig 1
01-11 10:53:43.509: I/mm-camera(592): <MCT   >< INFO> 1373: mct_controller_handle_SOF_proc: Remap pending request by 1, l=0, c=0, reg_update_fail=0
01-11 10:53:43.509: I/mm-camera(592): <MCT   >< INFO> 1273: mct_stream_update_all_frame_id_by: Delay all frame by 1
01-11 10:53:43.509: I/mm-camera(592): <MCT   >< INFO> 1264: mct_stream_update_frame_id_by: (fr_num, fr_id) = (885, 94)
01-11 10:53:43.509: I/mm-camera(592): <MCT   >< INFO> 1264: mct_stream_update_frame_id_by: (fr_num, fr_id) = (886, 95)
01-11 10:53:43.510: E/mm-camera(592): <SENSOR><ERROR> 893: sensor_apply_exposure: sensor_set_dualcam_settings for pine_imx486_qtech , fl_lines 6575 
01-11 10:53:43.512: I/<HQ><BHHT>(592): [processHHT](77) Backhht_process_duration = 570 ms  ret =0,
01-11 10:53:43.534: D/<HQ><BHHT>(592): [processHHT](89) HHT processHHT pBuffer->buffer = 0x8fe10000  pBuffer->buffer+y_size_input = 0x909e0000 ,ret = 0
01-11 10:53:43.534: I/<HQ><BHHT>(592): [processHHT](90) morpho_hht setHhtParam->processHHT duration =  940
01-11 10:53:43.524: W/CAM_SuperBuf(592): type=1400 audit(0.0:51692): avc: denied { read } for name="u:object_r:default_prop:s0" dev="tmpfs" ino=12090 scontext=u:r:hal_camera_default:s0 tcontext=u:object_r:default_prop:s0 tclass=file permissive=0
01-11 10:53:43.534: E/libc(592): Access denied finding property "persist.camera.hq.backhht.dump"
01-11 10:53:43.570: E/mm-camera(592): <SENSOR><ERROR> 893: sensor_apply_exposure: sensor_set_dualcam_settings for pine_imx486_qtech , fl_lines 6575 
01-11 10:53:43.580: E/<HQ><BHHT>(592): [deinit](172) LINK_morpho_lowlight_finalize error = rc 0
01-11 10:53:43.582: I/<HQ><BHHT>(592): [deinit](199) morpho_hht setHhtParam->deinit duration =  988
01-11 10:53:43.582: D/<HQ><MG>(592): [QCamera3PicChannelCbExtBackhht](1000) QCamera3PicChannelCbExtBackhht process end
01-11 10:53:43.582: D/<HQ><MG>(592): [processSingleBokeh](304) processSingleBokeh startr mMiBokehEnable=0
01-11 10:53:43.582: D/<HQ><MG>(592): [processSingleBokeh](334) processSingleBokeh end
01-11 10:53:43.612: I/QCamera(592): <HAL><INFO> doReprocessOffline: 8604: Offline reprocessing id = 80 buf Id = 0 meta index = 8
01-11 10:53:43.612: I/mm-camera(592): <CPP   >< INFO> 3710: cpp_module_util_update_dim: offset_x 0, offset_y 0, offset 0, meta_len 0,meta_scanline 0, meta_stride 0, plane_len 12386304
01-11 10:53:43.612: I/mm-camera(592): <CPP   >< INFO> 3710: cpp_module_util_update_dim: offset_x 0, offset_y 0, offset 0, meta_len 0,meta_scanline 0, meta_stride 0, plane_len 6193152
01-11 10:53:43.612: I/mm-camera(592): <CPP   >< INFO> 1110: cpp_module_handle_isp_out_dim_event: [STREAM_PARAMS]  stream type 9, width 4032, height 3016,stride 4032, scanline 3072, planes 2
01-11 10:53:43.613: I/mm-camera(592): <PPROC >< INFO> 2712: pproc_module_handle_reprocess_offline: input buf fd 188 type 6 size 18579456 identity 10004, frame_id 80
01-11 10:53:43.643: E/mm-camera(592): <SENSOR><ERROR> 893: sensor_apply_exposure: sensor_set_dualcam_settings for pine_imx486_qtech , fl_lines 6575 
01-11 10:53:43.680: I/QCamera(592): <HAL><INFO> streamCbRoutine: 7467: bufIndex: 0 recvd from post proc
01-11 10:53:43.680: I/<HQ><MG>(592): [processFaceBeautyCap](460) FaceBeautyCap_Process_Duration = 0 ms
01-11 10:53:43.680: D/<HQ><MG>(592): [processFaceBeautyCap](462) processFaceBeautyCap end
01-11 10:53:43.688: E/QCamera(592): <HAL><ERROR> handleInputBufferWithLock: 5502: Could not find input request for frame number 873
01-11 10:53:43.688: E/QCamera(592): <HAL><ERROR> processPPData: 1311: m_pHalPPManager :0x0 needHalPP 0 pptype 0 --wxb
01-11 10:53:43.698: I/QCamera(592): <HAL><INFO> encodeData: 2538: Src Buffer cnt = 1, res = 3072X4032 len = 18579456 rot = 0 src_dim = 4032X3016 dst_dim = 4032X3016
01-11 10:53:43.698: I/QCamera(592): <HAL><INFO> encodeData: 2549: Src THUMB buf_cnt = 1, res = 3072X4032 len = 18579456 rot = 0 src_dim = 3016X4032, dst_dim = 320X240
01-11 10:53:43.702: I/qomx_image_core(592): OMX_GetHandle:243] get instance pts is 0x9aebe200
01-11 10:53:43.703: D/qomx_image_core(592): OMX_GetHandle:261] handle = 0x9aebe204 Instanceindex = 1,comp_idx 0 g_ptr 0xa36ca200
01-11 10:53:43.703: I/qomx_image_core(592): OMX_GetHandle:267] Success
01-11 10:53:43.706: I/.android.camer(27044): ProcessProfilingInfo new_methods=1 is saved saved_to_disk=1 resolve_classes_delay=8000
01-11 10:53:43.713: E/mm-camera(592): <SENSOR><ERROR> 893: sensor_apply_exposure: sensor_set_dualcam_settings for pine_imx486_qtech , fl_lines 6575 
01-11 10:53:43.853: I/chatty(592): uid=1047(cameraserver) CAM_MctBus_1 identical 2 lines
01-11 10:53:43.922: E/mm-camera(592): <SENSOR><ERROR> 893: sensor_apply_exposure: sensor_set_dualcam_settings for pine_imx486_qtech , fl_lines 6575 
01-11 10:53:43.963: I/QCamera(592): <HAL><INFO> encodeData: 2709: Thumbnail idx = 0 src w/h (3016x4032), dst w/h (240x320)
01-11 10:53:43.963: I/QCamera(592): <HAL><INFO> encodeData: 2722: Main image idx = 0 src w/h (3016x4032), dst w/h (3016x4032) rot = 0crop t/lt (0x0) wxh (3016x4032)
01-11 10:53:43.979: D/MessageMonitor(1540): Dump Looper message took 1ms
01-11 10:53:43.980: E/mm-still(592): startEncode:556] startEncode()
01-11 10:53:43.980: I/jpeg_hw(592): jpege_lib_hw_fe_buffer_cfg:305] w 3016 h 4032 stride 3072 scanline 4032
01-11 10:53:43.993: E/mm-camera(592): <SENSOR><ERROR> 893: sensor_apply_exposure: sensor_set_dualcam_settings for pine_imx486_qtech , fl_lines 6575 
01-11 10:53:43.993: E/mm-camera(592): [ 01-11 10:53:44.013   793: 1832 D/         ]
01-11 10:53:43.993: E/mm-camera(592): readbrightness,out1:684
01-11 10:53:43.993: E/mm-camera(592): Iï¿½ï¿½@B.
01-11 10:53:43.993: E/mm-camera(592): [ 01-11 10:53:44.013   793: 1832 D/         ]
01-11 10:53:43.993: E/mm-camera(592): readbrightness,out2:684.
01-11 10:53:44.035: I/mm-still(592): jpege_engine_hybrid_event_handler: job done
01-11 10:53:44.035: E/mm-still(592): Encode:1513] Encode done : output_size 1538
01-11 10:53:44.035: E/mm-still(592): EncodeComplete:808] Exif length: 3568
01-11 10:53:44.038: E/mm-still(592): Stop:1157] Stop 
01-11 10:53:44.039: W/libc(592): invalid pthread_t (0) passed to pthread_join
01-11 10:53:44.040: I/chatty(592): uid=1047(cameraserver) OMX_ImgEnc identical 2 lines
01-11 10:53:44.040: W/libc(592): invalid pthread_t (0) passed to pthread_join
01-11 10:53:44.040: I/QCamera(592): <JPEG><INFO> mm_jpeg_fbd: 3573: count 0 
01-11 10:53:44.040: I/QCamera(592): <JPEG><INFO> mm_jpeg_fbd: 3574: KPI Perf] : PROFILE_JPEG_FBD
01-11 10:53:44.048: I/QCamera(592): <HAL><INFO> jpegEvtHandle: 5574: Issue Jpeg Callback frameNumber = 873 status = 0 and 0
01-11 10:53:44.064: E/mm-camera(592): <SENSOR><ERROR> 893: sensor_apply_exposure: sensor_set_dualcam_settings for pine_imx486_qtech , fl_lines 6575 
01-11 10:53:44.065: D/CAM_MiCamera2(27044): onImageAvailable: main
01-11 10:53:44.068: D/CAM_MiCamera2(27044): onImageAvailable: mMiCamera2ShotQueue.poll, size:0
01-11 10:53:44.074: D/CAM_MiCamera2ShotStill(27044): onImageReceived mCurrentParallelTaskData timestamp:679796722354731 image timestamp:679796722354731
01-11 10:53:44.133: E/mm-camera(592): <SENSOR><ERROR> 893: sensor_apply_exposure: sensor_set_dualcam_settings for pine_imx486_qtech , fl_lines 6575 
01-11 10:53:44.174: E/JpegUtil_JNI(27044): Java_com_android_camera_JpegUtil_nativeClassInit: E 0x84140364
01-11 10:53:44.174: E/JpegUtil_JNI(27044): Java_com_android_camera_JpegUtil_nativeClassInit: X
01-11 10:53:44.174: D/JpegUtil(27044): getPlanesExtra: inited = true
01-11 10:53:44.174: E/JpegUtil_JNI(27044): Java_com_android_camera_JpegUtil_nativeGetPlanesExtra:E
01-11 10:53:44.174: E/JpegUtil_JNI(27044): Java_com_android_camera_JpegUtil_nativeGetPlanesExtra:E do not support extra jpeg
01-11 10:53:44.174: D/JpegUtil(27044): getPlanesExtra planes:null
01-11 10:53:44.186: D/CAM_MiCamera2ShotStill(27044): onImageReceived: dataLen=1352035 resultType = 0 timeStamp=679796722354731 holder=166306340
01-11 10:53:44.186: D/CAM_ParallelTaskData(27044): fillJpegData: jpegData=[B@2b27a6d; imageType=0
01-11 10:53:44.189: D/CAM_ParallelTaskData(27044): isJpegDataReady: object = com.xiaomi.camera.core.ParallelTaskData@49986a2; mParallelType = -2; mJpegImageData = [B@2b27a6d; mRawImageData = null; mPortraitRawData = null; mPortraitDepthData = null; isVideoEmpty = true; result = true
01-11 10:53:44.189: I/CAM_ImageSaver(27044): onParallelProcessFinish: path: null
01-11 10:53:44.189: I/CAM_ImageSaver(27044): onParallelProcessFinish: live: false
01-11 10:53:44.189: D/CAM_ImageSaver(27044): onParallelProcessFinish: insert: 77170338
01-11 10:53:44.203: E/mm-camera(592): <SENSOR><ERROR> 893: sensor_apply_exposure: sensor_set_dualcam_settings for pine_imx486_qtech , fl_lines 6575 
01-11 10:53:44.275: E/mm-camera(592): <SENSOR><ERROR> 3662: sensor_get_cur_chromatix_name: chromatix :pine_imx486_qtech_zsl_preview pine_imx486_qtech_snapshot pine_imx486_qtech_snapshot pine_imx486_qtech_cpp_preview pine_imx486_qtech_cpp_snapshot s_data->cur_res:0 suffix:(null), sensor_id:486
01-11 10:53:44.276: E/mm-camera(592): <SENSOR><ERROR> 3666: sensor_get_cur_chromatix_name: s_replaced_boken_chromatix_name :0 s_replaced_subcam_boken_chromatix_name :0 g_bokeh_singal_param:0
01-11 10:53:44.276: E/mm-camera(592): <SENSOR><ERROR> 893: sensor_apply_exposure: sensor_set_dualcam_settings for pine_imx486_qtech , fl_lines 6575 
01-11 10:53:44.324: D/CAM_CameraScreenNail(27044): renderBitmapToCanvas
01-11 10:53:44.324: D/CAM_MiCamera2ShotStill(27044): mJpegCallbackFinishTime = 135ms
01-11 10:53:44.324: D/CAM_Camera2Module(27044): onPictureTakenFinished: succeed = true
