01-11 10:53:44.327: D/CAM_MistatsWrapper(27044): functionKey:key_capture
01-11 10:53:44.327: D/CAM_MistatsWrapper(27044): mapKey:attr_quality  mapValue:high
01-11 10:53:44.327: D/CAM_MistatsWrapper(27044): mapKey:attr_HDR  mapValue:off
01-11 10:53:44.327: D/CAM_MistatsWrapper(27044): mapKey:attr_sensor_id  mapValue:back
01-11 10:53:44.327: D/CAM_MistatsWrapper(27044): mapKey:attr_timer  mapValue:0
01-11 10:53:44.327: D/CAM_MistatsWrapper(27044): mapKey:attr_flash_mode  mapValue:off
01-11 10:53:44.327: D/CAM_MistatsWrapper(27044): mapKey:attr_beauty_switch  mapValue:off
01-11 10:53:44.327: D/CAM_MistatsWrapper(27044): mapKey:attr_pro_color_state  mapValue:pro_color_off
01-11 10:53:44.327: D/CAM_MistatsWrapper(27044): mapKey:attr_count  mapValue:1
01-11 10:53:44.327: D/CAM_MistatsWrapper(27044): mapKey:attr_module_name  mapValue:M_capture_
01-11 10:53:44.327: D/CAM_MistatsWrapper(27044): mapKey:attr_zoom_ratio  mapValue:1.0x
01-11 10:53:44.327: D/CAM_MistatsWrapper(27044): mapKey:attr_trigger_mode  mapValue:shutter_button
01-11 10:53:44.327: D/CAM_MistatsWrapper(27044): mapKey:attr_picture_ration  mapValue:4x3
01-11 10:53:44.327: D/CAM_MistatsWrapper(27044): mapKey:attr_3A_Locked  mapValue:false
01-11 10:53:44.327: D/CAM_MistatsWrapper(27044): mapKey:attr_reference_line  mapValue:false
01-11 10:53:44.327: D/CAM_MistatsWrapper(27044): mapKey:attr_save_location  mapValue:null
01-11 10:53:44.327: D/CAM_MistatsWrapper(27044): mapKey:attr_filter  mapValue:reset
01-11 10:53:44.327: D/CAM_MistatsWrapper(27044): mapKey:attr_sat_device  mapValue:0_RearWide
01-11 10:53:44.327: D/CAM_MistatsWrapper(27044): mapKey:attr_ev  mapValue:0
01-11 10:53:44.327: D/CAM_MistatsWrapper(27044): mapKey:attr_aiScene  mapValue:0
01-11 10:53:44.328: D/CAM_EffectController(27044): getAiColorCorrectionVersion: 0
01-11 10:53:44.329: D/CAM_MistatsWrapper(27044): functionKey:M_capture_
01-11 10:53:44.329: D/CAM_MistatsWrapper(27044): mapKey:attr_trigger_mode  mapValue:shutter_button
01-11 10:53:44.329: D/CAM_MistatsWrapper(27044): mapKey:attr_quality  mapValue:high
01-11 10:53:44.329: D/CAM_MistatsWrapper(27044): mapKey:attr_tiltshift  mapValue:off
01-11 10:53:44.329: D/CAM_MistatsWrapper(27044): mapKey:attr_gradiente  mapValue:off
01-11 10:53:44.329: D/CAM_MistatsWrapper(27044): mapKey:attr_sensor_id  mapValue:back
01-11 10:53:44.329: D/CAM_MistatsWrapper(27044): mapKey:attr_watermark_time  mapValue:off
01-11 10:53:44.329: D/CAM_MistatsWrapper(27044): mapKey:attr_heic  mapValue:false
01-11 10:53:44.329: D/CAM_MistatsWrapper(27044): mapKey:attr_picture_ration_movie  mapValue:off
01-11 10:53:44.329: D/CAM_MistatsWrapper(27044): mapKey:attr_liveshot  mapValue:off
01-11 10:53:44.329: D/CAM_MistatsWrapper(27044): mapKey:attr_module_name  mapValue:M_capture_
01-11 10:53:44.329: D/CAM_MistatsWrapper(27044): mapKey:attr_aicc  mapValue:false
01-11 10:53:44.329: D/CAM_MistatsWrapper(27044): mapKey:attr_watermark_device  mapValue:off
01-11 10:53:44.329: D/CAM_MistatsWrapper(27044): functionKey:key_camera_performance
01-11 10:53:44.329: D/CAM_MistatsWrapper(27044): mapKey:attr_sensor_id  mapValue:back
01-11 10:53:44.329: D/CAM_MistatsWrapper(27044): mapKey:attr_feature_name  mapValue:take_picture_cost
01-11 10:53:44.329: D/CAM_MistatsWrapper(27044): mapKey:attr_cost_time  mapValue:2350
01-11 10:53:44.329: D/CAM_MistatsWrapper(27044): mapKey:attr_module_name  mapValue:M_capture_
01-11 10:53:44.330: D/CAM_Camera2Module(27044): mCaptureStartTime(from onShutterButtonClick start to jpegCallback finished) = 2354ms
01-11 10:53:44.330: D/CAM_Camera2Module(27044): onPictureTakenFinished: showPostCaptureAlert
01-11 10:53:44.332: D/CAM_BaseModule(27044): enableCameraControls: enable = false, caller: com.android.camera.module.Camera2Module.showPostCaptureAlert:1 
01-11 10:53:44.332: V/CAM_MiCamera2(27044): stopFaceDetection
01-11 10:53:44.333: D/CAM_CameraScreenNail(27044): draw: draw BitmapTexture...
01-11 10:53:44.335: V/CAM_Camera2Module(27044): pausePreview
01-11 10:53:44.335: V/CAM_MiCamera2(27044): pausePreview: cameraId=0
01-11 10:53:44.335: V/CAM_FaceView(27044): mMirror=false
01-11 10:53:44.342: D/CAM_BaseModule(27044): setCameraState: 0
01-11 10:53:44.342: D/CAM_FocusView(27044): clear: 7
01-11 10:53:44.344: E/mm-camera(592): <SENSOR><ERROR> 893: sensor_apply_exposure: sensor_set_dualcam_settings for pine_imx486_qtech , fl_lines 6575 
01-11 10:53:44.350: D/CAM_CameraScreenNail(27044): draw: draw BitmapTexture...
01-11 10:53:44.351: D/CAM_FragmentBottomAction(27044): setClickEnable: false
01-11 10:53:44.351: D/CAM_CameraSnapView(27044): setClickEnable: false
01-11 10:53:44.352: D/ForceDarkHelper(27044): updateByCheckExcludeList: pkg: com.android.camera activity: com.android.camera.Camera@120d248
01-11 10:53:44.370: I/chatty(27044): uid=10067(com.android.camera) identical 4 lines
01-11 10:53:44.374: D/ForceDarkHelper(27044): updateByCheckExcludeList: pkg: com.android.camera activity: com.android.camera.Camera@120d248
01-11 10:53:44.417: E/mm-camera(592): <SENSOR><ERROR> 893: sensor_apply_exposure: sensor_set_dualcam_settings for pine_imx486_qtech , fl_lines 6575 
01-11 10:53:44.838: I/chatty(592): uid=1047(cameraserver) CAM_MctBus_1 identical 6 lines
01-11 10:53:44.906: E/mm-camera(592): <SENSOR><ERROR> 893: sensor_apply_exposure: sensor_set_dualcam_settings for pine_imx486_qtech , fl_lines 6575 
01-11 10:53:44.951: I/om.miui.galler(27121): ProcessProfilingInfo new_methods=0 is saved saved_to_disk=1 resolve_classes_delay=8000
01-11 10:53:44.979: E/mm-camera(592): <SENSOR><ERROR> 893: sensor_apply_exposure: sensor_set_dualcam_settings for pine_imx486_qtech , fl_lines 6575 
01-11 10:53:44.979: E/mm-camera(592): [ 01-11 10:53:45.013   793: 1832 D/         ]
01-11 10:53:44.979: E/mm-camera(592): readbrightness,out1:684
01-11 10:53:44.979: E/mm-camera(592): Iï¿½ï¿½@B.
01-11 10:53:44.979: E/mm-camera(592): [ 01-11 10:53:45.013   793: 1832 D/         ]
01-11 10:53:44.979: E/mm-camera(592): readbrightness,out2:684.
01-11 10:53:45.049: E/mm-camera(592): <SENSOR><ERROR> 893: sensor_apply_exposure: sensor_set_dualcam_settings for pine_imx486_qtech , fl_lines 6575 
01-11 10:53:45.118: I/chatty(592): uid=1047(cameraserver) CAM_MctBus_1 identical 1 line
01-11 10:53:45.188: E/mm-camera(592): <SENSOR><ERROR> 893: sensor_apply_exposure: sensor_set_dualcam_settings for pine_imx486_qtech , fl_lines 6575 
01-11 10:53:45.242: D/MessageMonitor(1540): Dump Looper message took 1ms
01-11 10:53:45.257: E/mm-camera(592): <SENSOR><ERROR> 893: sensor_apply_exposure: sensor_set_dualcam_settings for pine_imx486_qtech , fl_lines 6575 
01-11 10:53:45.541: I/chatty(592): uid=1047(cameraserver) CAM_MctBus_1 identical 4 lines
01-11 10:53:45.609: E/mm-camera(592): <SENSOR><ERROR> 893: sensor_apply_exposure: sensor_set_dualcam_settings for pine_imx486_qtech , fl_lines 6575 
01-11 10:53:45.644: W/swapper/4(0): type=1400 audit(0.0:51693): avc: denied { kill } for capability=5 scontext=u:r:kernel:s0 tcontext=u:r:kernel:s0 tclass=capability permissive=0
01-11 10:53:45.671: I/BatteryInfoReceiver(3335): ACTION_BATTERY_CHANGED
01-11 10:53:45.674: D/QtiCarrierConfigHelper(2179): WARNING, no carrier configs on phone Id: 0
01-11 10:53:45.674: D/PowerCheckerService(4535): onBatteryChanged, mBatteryLevel = 90, status = 2, level = 90, plug = 2, scale = 100
01-11 10:53:45.674: D/KeyguardUpdateMonitor(25496): received broadcast android.intent.action.BATTERY_CHANGED
01-11 10:53:45.680: E/mm-camera(592): <SENSOR><ERROR> 893: sensor_apply_exposure: sensor_set_dualcam_settings for pine_imx486_qtech , fl_lines 6575 
01-11 10:53:45.739: D/CAM_Camera@18928200(27044): onUserInteraction
01-11 10:53:45.750: E/mm-camera(592): <SENSOR><ERROR> 893: sensor_apply_exposure: sensor_set_dualcam_settings for pine_imx486_qtech , fl_lines 6575 
01-11 10:53:45.821: I/chatty(592): uid=1047(cameraserver) CAM_MctBus_1 identical 1 line
01-11 10:53:45.891: E/mm-camera(592): <SENSOR><ERROR> 893: sensor_apply_exposure: sensor_set_dualcam_settings for pine_imx486_qtech , fl_lines 6575 
01-11 10:53:45.891: I/ller:controlle(27210): ProcessProfilingInfo new_methods=0 is saved saved_to_disk=0 resolve_classes_delay=8000
01-11 10:53:45.902: W/PushService(4222): [Tid:2] onStart() with intent.Action = com.xiaomi.push.timer, chid = null, pkg = null|null
01-11 10:53:45.904: W/PushService(4222): [Tid:350] [Job] Handle intent action = com.xiaomi.push.timer
01-11 10:53:45.904: W/PushService(4222): [Tid:350] [Alarm] Service called on timer
01-11 10:53:45.905: W/PushService(4222): [Tid:350] [Alarm] register alarm. (false)
01-11 10:53:45.905: W/PushService(4222): [Tid:350] [HB] ping interval:600000
01-11 10:53:45.912: D/Zygote(510): Forked child process 27497
01-11 10:53:45.914: W/PushService(4222): [Tid:350] [Slim] SND ping id=0
01-11 10:53:45.919: W/PushService(4222): [Tid:349] [Alarm] heartbeat alarm finish in 21
01-11 10:53:45.924: I/va.hellocordov(27497): Late-enabling -Xcheck:jni
01-11 10:53:45.927: I/MiuiNetworkPolicy(1540): updateUidState uid = 10211, uidState = 20
01-11 10:53:45.927: D/OemNetd(509): setPidForPackage: packageName=io.cordova.hellocordova, pid=27497, pid=10211
01-11 10:53:45.928: I/ActivityManager(1540): Start proc 27497:io.cordova.hellocordova/u0a211 for content provider {io.cordova.hellocordova/org.apache.cordova.camera.FileProvider} caller=com.android.camera
01-11 10:53:45.961: E/mm-camera(592): <SENSOR><ERROR> 893: sensor_apply_exposure: sensor_set_dualcam_settings for pine_imx486_qtech , fl_lines 6575 
01-11 10:53:45.972: E/va.hellocordov(27497): Unknown bits set in runtime_flags: 0x28000
01-11 10:53:45.972: E/va.hellocordov(27497): [ 01-11 10:53:46.014   793: 1832 D/         ]
01-11 10:53:45.972: E/va.hellocordov(27497): readbrightness,out1:684
01-11 10:53:45.972: E/va.hellocordov(27497): Iï¿½ï¿½@B.
01-11 10:53:45.972: E/va.hellocordov(27497): [ 01-11 10:53:46.014   793: 1832 D/         ]
01-11 10:53:45.972: E/va.hellocordov(27497): readbrightness,out2:684.
01-11 10:53:46.032: E/mm-camera(592): <SENSOR><ERROR> 893: sensor_apply_exposure: sensor_set_dualcam_settings for pine_imx486_qtech , fl_lines 6575 
01-11 10:53:46.045: D/CompatibilityInfo(1540): mCompatibilityFlags - 0
01-11 10:53:46.045: D/CompatibilityInfo(1540): applicationDensity - 320
01-11 10:53:46.045: D/CompatibilityInfo(1540): applicationScale - 1.0
01-11 10:53:46.050: I/qspmsvc-client(1540): inside perf_hint_qspm
01-11 10:53:46.050: I/netd(509): firewallSetUidRule(2, 10211, 1) <0.05ms>
01-11 10:53:46.052: I/MiuiNetworkPolicy(1540): updateUidState uid = 10211, uidState = 4
01-11 10:53:46.101: E/mm-camera(592): <SENSOR><ERROR> 893: sensor_apply_exposure: sensor_set_dualcam_settings for pine_imx486_qtech , fl_lines 6575 
01-11 10:53:46.383: I/chatty(592): uid=1047(cameraserver) CAM_MctBus_1 identical 4 lines
01-11 10:53:46.455: E/mm-camera(592): <SENSOR><ERROR> 893: sensor_apply_exposure: sensor_set_dualcam_settings for pine_imx486_qtech , fl_lines 6575 
01-11 10:53:46.498: D/MessageMonitor(1540): Dump Looper message took 1ms
01-11 10:53:46.524: E/mm-camera(592): <SENSOR><ERROR> 893: sensor_apply_exposure: sensor_set_dualcam_settings for pine_imx486_qtech , fl_lines 6575 
01-11 10:53:46.529: I/Perf(27497): Connecting to perf service.
01-11 10:53:46.595: E/mm-camera(592): <SENSOR><ERROR> 893: sensor_apply_exposure: sensor_set_dualcam_settings for pine_imx486_qtech , fl_lines 6575 
01-11 10:53:46.595: W/BpBinder(27044): Slow Binder: BpBinder transact took 732ms, interface=android.app.IActivityManager, code=20 oneway=false
01-11 10:53:46.599: I/FeatureParser(27497): can't find pine.xml in assets/device_features/,it may be in /system/etc/device_features
01-11 10:53:46.647: D/ActivityTrigger(1540): ActivityTrigger activityPauseTrigger 
01-11 10:53:46.652: I/Choreographer(27044): Skipped 47 frames!  The application may be doing too much work on its main thread.
01-11 10:53:46.658: W/Looper(27044): Slow Looper main: doFrame is 788ms late because of 2 msg, msg 1 took 791ms (seq=459 late=14ms h=android.view.ViewRootImpl$ViewRootHandler c=android.view.View$PerformClick)
01-11 10:53:46.661: I/OpenGLRenderer(27044): Davey! duration=796ms; Flags=0, IntendedVsync=312104293611476, Vsync=312105076944778, OldestInputEvent=9223372036854775807, NewestInputEvent=0, HandleInputStart=312105086265316, AnimationStart=312105086302712, PerformTraversalsStart=312105086762451, DrawStart=312105086899430, SyncQueued=312105087072191, SyncStart=312105087500420, IssueDrawCommandsStart=312105087794847, SwapBuffers=312105089306930, FrameCompleted=312105090937191, DequeueBufferDuration=300000, QueueBufferDuration=521000, 
01-11 10:53:46.664: E/mm-camera(592): <SENSOR><ERROR> 893: sensor_apply_exposure: sensor_set_dualcam_settings for pine_imx486_qtech , fl_lines 6575 
01-11 10:53:46.666: I/hwservicemanager(426): getTransport: Cannot find entry vendor.qti.hardware.iop@2.0::IIop/default in either framework or device manifest.
01-11 10:53:46.666: E/ANDR-IOP(825): IIop:: Iop HAL Service is not available.
01-11 10:53:46.668: D/CAM_Camera@18928200(27044): onPause start
01-11 10:53:46.668: D/CAM_Camera@18928200(27044): [ 01-11 10:53:46.675   793: 1101 D/         ]
01-11 10:53:46.668: D/CAM_Camera@18928200(27044): onTransact received request.
01-11 10:53:46.668: D/CAM_Camera@18928200(27044): [ 01-11 10:53:46.675   793: 1101 D/         ]
01-11 10:53:46.668: D/CAM_Camera@18928200(27044): SET_FEATURE
01-11 10:53:46.668: D/CAM_Camera@18928200(27044): [ 01-11 10:53:46.675   793: 1101 D/         ]
01-11 10:53:46.668: D/CAM_Camera@18928200(27044): setFeatureC3E, called caseid:14 mode:0.
01-11 10:53:46.668: D/CAM_Camera@18928200(27044): [ 01-11 10:53:46.675   793: 1101 D/         ]
01-11 10:53:46.668: D/CAM_Camera@18928200(27044): setFeatureC3E begin,lastmode = 0, mode = 14,value = 0.
01-11 10:53:46.668: D/CAM_Camera@18928200(27044): [ 01-11 10:53:46.675   793: 1101 D/         ]
01-11 10:53:46.668: D/CAM_Camera@18928200(27044): setFeatureC3E, Camera mode, value: 0.
01-11 10:53:46.693: V/DragLayout(27044): onStart dragUp : false
01-11 10:53:46.693: D/CAM_FragmentBottomAction(27044): onDragStart false
01-11 10:53:46.693: D/CAM_FragmentBottomAction(27044): onDragProgress 0
01-11 10:53:46.693: V/DragLayout(27044): onDone dragUp : false
01-11 10:53:46.693: D/CAM_FragmentBottomAction(27044): onDragDone false
01-11 10:53:46.693: W/DragLayout(27044): start bar animation with invalid state {0} , and cur target state {0}
01-11 10:53:46.693: D/DragLayout(27044): setState 0
01-11 10:53:46.694: D/CAM_FullScreen(27044): onPause + 
01-11 10:53:46.694: D/CAM_FullScreen(27044): onPause - 
01-11 10:53:46.695: V/CAM_CameraBrightness(27044): onPause mUseDefaultValue=false
01-11 10:53:46.696: V/CAM_CameraBrightness(27044): doInBackground useDefaultValue=true paused=true
01-11 10:53:46.698: D/CAM_LocationManager(27044): stopReceivingLocationUpdates
01-11 10:53:46.698: V/CAM_ImageSaver(27044): onHostPause
01-11 10:53:46.698: D/CAM_CameraBrightness(27044): adjustBrightnessInAutoMode(0)
01-11 10:53:46.701: D/CAM_ThermalDetector(27044): unregisterReceiver
01-11 10:53:46.701: D/CAM_Camera@18928200(27044): triggerWatchDog: false
01-11 10:53:46.701: D/CAM_Camera@18928200(27044): onPause end
01-11 10:53:46.704: E/ANDR-PERF-RESOURCEQS(613): Resource with major=3, minor=0 not supported
01-11 10:53:46.707: D/CompatibilityInfo(1540): mCompatibilityFlags - 0
01-11 10:53:46.707: D/CompatibilityInfo(1540): applicationDensity - 320
01-11 10:53:46.707: D/CompatibilityInfo(1540): applicationScale - 1.0
01-11 10:53:46.721: I/ActivityTaskManager(1540): The Process io.cordova.hellocordova Already Exists in BG. So sending its PID: 27497
01-11 10:53:46.723: D/CompatibilityInfo(1540): mCompatibilityFlags - 0
01-11 10:53:46.723: D/CompatibilityInfo(1540): applicationDensity - 320
01-11 10:53:46.723: D/CompatibilityInfo(1540): applicationScale - 1.0
01-11 10:53:46.724: D/PerfEngineController(4535): ForegroundInfo{mForegroundPackageName='io.cordova.hellocordova', mForegroundUid=10211, mForegroundPid=27497, mLastForegroundPackageName='com.android.camera', mLastForegroundUid=10067, mLastForegroundPid=27044, mMultiWindowForegroundPackageName='null', mMultiWindowForegroundUid=-1, mFlags=0}
01-11 10:53:46.724: W/ActivityThread(27497): handleWindowVisibility: no activity for token android.os.BinderProxy@5e361f7
01-11 10:53:46.724: I/ProcessMonitor(3335): onForegroundInfoChanged: ForegroundInfo{mForegroundPackageName='io.cordova.hellocordova', mForegroundUid=10211, mForegroundPid=27497, mLastForegroundPackageName='com.android.camera', mLastForegroundUid=10067, mLastForegroundPid=27044, mMultiWindowForegroundPackageName='null', mMultiWindowForegroundUid=-1, mFlags=0}
01-11 10:53:46.724: I/GameBoosterService(3335): onForegroundInfoChanged: Cur=io.cordova.hellocordova	 last=com.android.camera
01-11 10:53:46.725: I/GST(4557): forePkg: io.cordova.hellocordova, preForePkg: com.android.camera
01-11 10:53:46.726: I/Timeline(1540): Timeline: App_transition_ready time:312105156
01-11 10:53:46.735: E/mm-camera(592): <SENSOR><ERROR> 893: sensor_apply_exposure: sensor_set_dualcam_settings for pine_imx486_qtech , fl_lines 6575 
01-11 10:53:46.753: D/GameBoosterService(3335): onGameStatusChange foreground:ForegroundInfo{mForegroundPackageName='io.cordova.hellocordova', mForegroundUid=10211, mForegroundPid=27497, mLastForegroundPackageName='com.android.camera', mLastForegroundUid=10067, mLastForegroundPid=27044, mMultiWindowForegroundPackageName='null', mMultiWindowForegroundUid=-1, mFlags=0}
01-11 10:53:46.753: I/GameBoosterService(3335): onForegroundInfoChanged: Exit
01-11 10:53:46.753: I/VideoBoxUtils(3335): isSupportVideoBox: false
01-11 10:53:46.754: I/octvm_power(2836): power mode [normal] start 1641894826
01-11 10:53:46.755: I/octvm_power(2836): Action: set_lcd_mode(default) for [foreground_change]
01-11 10:53:46.764: D/StatusBar(25496): disable<e i a s b h r c s > disable2<q i n g r >
01-11 10:53:46.764: I/Timeline(1540): Timeline: App_transition_ready time:312105194
01-11 10:53:46.766: I/VideoToolBoxService(3335): onForegroundInfoChanged: Exit Vtb
01-11 10:53:46.771: D/CAM_Camera@18928200(27044): onWindowFocusChanged: hasFocus: false, isFromKeyguard: false, mHasBeenSetupOnFocusChanged false
01-11 10:53:46.771: V/CAM_CameraBrightness(27044): onWindowFocusChanged hasFocus=false mFirstFocusChanged=false
01-11 10:53:46.771: D/CAM_SensorSM@247786345(27044): unregister fail, no sensor registered
01-11 10:53:46.772: D/StatusBarClock(25496):  isNormalMode= true clock visible=true
01-11 10:53:46.772: D/StatusBarClock(25496): [ 01-11 10:53:46.774   590:  590 D/         ]
01-11 10:53:46.772: D/StatusBarClock(25496): excute transact!
01-11 10:53:46.772: D/StatusBarClock(25496): [ 01-11 10:53:46.775   793: 1101 D/         ]
01-11 10:53:46.772: D/StatusBarClock(25496): onTransact received request.
01-11 10:53:46.772: D/StatusBarClock(25496): [ 01-11 10:53:46.775   793: 1101 D/         ]
01-11 10:53:46.772: D/StatusBarClock(25496): SET_FEATURE
01-11 10:53:46.772: D/StatusBarClock(25496): [ 01-11 10:53:46.775   793: 1101 D/         ]
01-11 10:53:46.772: D/StatusBarClock(25496): setFeatureC3E, called caseid:7 mode:1.
01-11 10:53:46.772: D/StatusBarClock(25496): [ 01-11 10:53:46.775   793: 1101 D/         ]
01-11 10:53:46.772: D/StatusBarClock(25496): setFeatureC3E begin,lastmode = 0, mode = 7,value = 1.
01-11 10:53:46.776: I/MiuiNetworkPolicy(1540): updateUidState uid = 10211, uidState = 2
01-11 10:53:46.804: E/mm-camera(592): <SENSOR><ERROR> 893: sensor_apply_exposure: sensor_set_dualcam_settings for pine_imx486_qtech , fl_lines 6575 
01-11 10:53:46.808: E/Perf(27497): Fail to get file list io.cordova.hellocordova
01-11 10:53:46.808: E/Perf(27497): getFolderSize() : Exception_1 = java.lang.NullPointerException: Attempt to get length of null array
01-11 10:53:46.808: E/Perf(27497): Fail to get file list io.cordova.hellocordova
01-11 10:53:46.809: E/Perf(27497): getFolderSize() : Exception_1 = java.lang.NullPointerException: Attempt to get length of null array
01-11 10:53:46.818: I/CordovaLog(27497): Changing log level to DEBUG(3)
01-11 10:53:46.818: I/CordovaActivity(27497): Apache Cordova native platform version 9.1.0 is starting
01-11 10:53:46.818: D/CordovaActivity(27497): CordovaActivity.onCreate()
01-11 10:53:46.830: D/ForceDarkHelper(27497): updateByCheckExcludeList: pkg: io.cordova.hellocordova activity: io.cordova.hellocordova.MainActivity@1bd66d0
01-11 10:53:46.856: I/ocess.gservice(27308): ProcessProfilingInfo new_methods=0 is saved saved_to_disk=0 resolve_classes_delay=8000
01-11 10:53:46.857: D/ProcessManager(1540): update DY:[com.miui.voip, com.google.android.inputmethod.latin]
01-11 10:53:46.875: E/mm-camera(592): <SENSOR><ERROR> 893: sensor_apply_exposure: sensor_set_dualcam_settings for pine_imx486_qtech , fl_lines 6575 
01-11 10:53:46.918: I/WebViewFactory(27497): Loading com.google.android.webview version 97.0.4692.70 (code 469207030)
01-11 10:53:46.945: E/mm-camera(592): <SENSOR><ERROR> 893: sensor_apply_exposure: sensor_set_dualcam_settings for pine_imx486_qtech , fl_lines 6575 
01-11 10:53:46.945: E/mm-camera(592): [ 01-11 10:53:46.999   793: 1101 D/         ]
01-11 10:53:46.945: E/mm-camera(592): displayfeature msm_fb_panel_statusï¼španel_status=alive
01-11 10:53:46.945: E/mm-camera(592): [ 01-11 10:53:47.014   793: 1832 D/         ]
01-11 10:53:46.945: E/mm-camera(592): readbrightness,out1:660
01-11 10:53:46.945: E/mm-camera(592): Iï¿½ï¿½@B.
01-11 10:53:46.945: E/mm-camera(592): [ 01-11 10:53:47.014   793: 1832 D/         ]
01-11 10:53:46.945: E/mm-camera(592): readbrightness,out2:660.
01-11 10:53:47.015: E/mm-camera(592): <SENSOR><ERROR> 893: sensor_apply_exposure: sensor_set_dualcam_settings for pine_imx486_qtech , fl_lines 6575 
01-11 10:53:47.044: I/Timeline(1540): Timeline: App_transition_ready time:312105473
01-11 10:53:47.044: I/Timeline(1540): [ 01-11 10:53:47.049   793: 1101 D/         ]
01-11 10:53:47.044: I/Timeline(1540): setFeatureC3E set cabc_mode = 1.
01-11 10:53:47.050: W/BpBinder(590): Slow Binder: BpBinder transact took 275ms, interface=miui.hardware.display.IDisplayFeatureControl, code=100 oneway=false
01-11 10:53:47.050: I/octvm_drv_xm(2836): platform_set_lcd_mode default(1) success
01-11 10:53:47.051: I/octvm_power(2836): onPowerModeChanged[normal] called
01-11 10:53:47.051: W/BpBinder(4535): Slow Binder: BpBinder transact took 320ms, interface=miui.whetstone.power, code=2 oneway=false
01-11 10:53:47.061: I/ThermalSwitchHandler(4535): writeThermalId success id=0
01-11 10:53:47.063: D/QCNEJ/WlanStaInfoRelay(2111): Received action: android.net.wifi.RSSI_CHANGED
01-11 10:53:47.086: E/mm-camera(592): <SENSOR><ERROR> 893: sensor_apply_exposure: sensor_set_dualcam_settings for pine_imx486_qtech , fl_lines 6575 
01-11 10:53:47.089: I/ThermalEngine(761): Loading configuration file /vendor/etc/thermal-engine-normal.conf
01-11 10:53:47.093: I/ThermalEngine(761): Parsing section global
01-11 10:53:47.094: I/ThermalEngine(761): Created section 'CCC_AP_TEMP_MITIGATION'
01-11 10:53:47.094: I/ThermalEngine(761): Algo Type 'monitor'
01-11 10:53:47.094: I/ThermalEngine(761): Parsing section CCC_AP_TEMP_MITIGATION
01-11 10:53:47.094: I/ThermalEngine(761): Found field 'sampling'
01-11 10:53:47.094: I/ThermalEngine(761): Found field 'sensor'
01-11 10:53:47.094: I/ThermalEngine(761): Found field 'thresholds'
01-11 10:53:47.094: I/ThermalEngine(761): Found field 'thresholds_clr'
01-11 10:53:47.094: I/ThermalEngine(761): Found field 'actions'
01-11 10:53:47.094: I/ThermalEngine(761): Found field 'action_info'
01-11 10:53:47.094: I/ThermalEngine(761): Created section 'BACKLIGHT_AP_TEMP_MITIGATION'
01-11 10:53:47.094: I/ThermalEngine(761): Algo Type 'monitor'
01-11 10:53:47.094: I/ThermalEngine(761): Parsing section BACKLIGHT_AP_TEMP_MITIGATION
01-11 10:53:47.094: I/ThermalEngine(761): Found field 'sampling'
01-11 10:53:47.094: I/ThermalEngine(761): Found field 'sensor'
01-11 10:53:47.094: I/ThermalEngine(761): Found field 'thresholds'
01-11 10:53:47.095: I/ThermalEngine(761): Found field 'thresholds_clr'
01-11 10:53:47.095: I/ThermalEngine(761): Found field 'actions'
01-11 10:53:47.095: I/ThermalEngine(761): Found field 'action_info'
01-11 10:53:47.095: I/ThermalEngine(761): Created section 'SS-CASE-THERM'
01-11 10:53:47.095: I/ThermalEngine(761): Algo Type 'ss'
01-11 10:53:47.095: I/ThermalEngine(761): Parsing section SS-CASE-THERM
01-11 10:53:47.095: I/ThermalEngine(761): Found field 'sampling'
01-11 10:53:47.095: I/ThermalEngine(761): Found field 'sensor'
01-11 10:53:47.095: I/ThermalEngine(761): Found field 'device'
01-11 10:53:47.095: I/ThermalEngine(761): Found field 'set_point'
01-11 10:53:47.095: I/ThermalEngine(761): Found field 'set_point_clr'
01-11 10:53:47.095: I/ThermalEngine(761): Found field 'time_constant'
01-11 10:53:47.095: I/ThermalEngine(761): Found field 'device_max_limit'
01-11 10:53:47.095: I/ThermalEngine(761): Created section 'SS-CASE-THERM-1'
01-11 10:53:47.095: I/ThermalEngine(761): Algo Type 'ss'
01-11 10:53:47.095: I/ThermalEngine(761): Parsing section SS-CASE-THERM-1
01-11 10:53:47.095: I/ThermalEngine(761): Found field 'sampling'
01-11 10:53:47.095: I/ThermalEngine(761): Found field 'sensor'
01-11 10:53:47.095: I/ThermalEngine(761): Found field 'device'
01-11 10:53:47.095: I/ThermalEngine(761): Found field 'set_point'
01-11 10:53:47.095: I/ThermalEngine(761): Found field 'set_point_clr'
01-11 10:53:47.095: I/ThermalEngine(761): Found field 'time_constant'
01-11 10:53:47.095: I/ThermalEngine(761): Found field 'device_max_limit'
01-11 10:53:47.095: I/ThermalEngine(761): Created section 'SS-CASE-THERM-2'
01-11 10:53:47.095: I/ThermalEngine(761): Algo Type 'ss'
01-11 10:53:47.095: I/ThermalEngine(761): Parsing section SS-CASE-THERM-2
01-11 10:53:47.095: I/ThermalEngine(761): Found field 'sampling'
01-11 10:53:47.095: I/ThermalEngine(761): Found field 'sensor'
01-11 10:53:47.095: I/ThermalEngine(761): Found field 'device'
01-11 10:53:47.095: I/ThermalEngine(761): Found field 'set_point'
01-11 10:53:47.095: I/ThermalEngine(761): Found field 'set_point_clr'
01-11 10:53:47.096: I/ThermalEngine(761): Found field 'time_constant'
01-11 10:53:47.096: I/ThermalEngine(761): Found field 'device_max_limit'
01-11 10:53:47.096: I/ThermalEngine(761): ss_algo_switch: Config switch
01-11 10:53:47.098: I/ThermalEngine(761): [SS-CASE-THERM-2]
01-11 10:53:47.098: I/ThermalEngine(761): algo_type ss
01-11 10:53:47.098: I/ThermalEngine(761): sampling 10000
01-11 10:53:47.098: I/ThermalEngine(761): sensor quiet-therm-adc
01-11 10:53:47.098: I/ThermalEngine(761): device cpu0
01-11 10:53:47.098: I/ThermalEngine(761): set_point 50000
01-11 10:53:47.098: I/ThermalEngine(761): set_point_clr 48000
01-11 10:53:47.098: I/ThermalEngine(761): time_constant 0
01-11 10:53:47.098: I/ThermalEngine(761): device_max_limit 1401600
01-11 10:53:47.098: I/ThermalEngine(761): [SS-CASE-THERM-1]
01-11 10:53:47.099: I/ThermalEngine(761): algo_type ss
01-11 10:53:47.099: I/ThermalEngine(761): sampling 10000
01-11 10:53:47.099: I/ThermalEngine(761): sensor quiet-therm-adc
01-11 10:53:47.099: I/ThermalEngine(761): device cpu0
01-11 10:53:47.099: I/ThermalEngine(761): set_point 44000
01-11 10:53:47.099: I/ThermalEngine(761): set_point_clr 42000
01-11 10:53:47.099: I/ThermalEngine(761): time_constant 0
01-11 10:53:47.099: I/ThermalEngine(761): device_max_limit 1689600
01-11 10:53:47.099: I/ThermalEngine(761): [SS-CASE-THERM]
01-11 10:53:47.099: I/ThermalEngine(761): algo_type ss
01-11 10:53:47.099: I/ThermalEngine(761): sampling 10000
01-11 10:53:47.099: I/ThermalEngine(761): sensor quiet-therm-adc
01-11 10:53:47.099: I/ThermalEngine(761): device cpu0
01-11 10:53:47.099: I/ThermalEngine(761): set_point 42000
01-11 10:53:47.099: I/ThermalEngine(761): set_point_clr 40000
01-11 10:53:47.099: I/ThermalEngine(761): time_constant 0
01-11 10:53:47.099: I/ThermalEngine(761): device_max_limit 1804800
01-11 10:53:47.115: I/ThermalEngine(761): [BACKLIGHT_AP_TEMP_MITIGATION]
01-11 10:53:47.115: I/ThermalEngine(761): algo_type monitor
01-11 10:53:47.115: I/ThermalEngine(761): sampling 10000
01-11 10:53:47.115: I/ThermalEngine(761): sensor backlight-therm
01-11 10:53:47.115: I/ThermalEngine(761): thresholds 45000 47000
01-11 10:53:47.115: I/ThermalEngine(761): thresholds_clr 44000 46000
01-11 10:53:47.115: I/ThermalEngine(761): actions lcd lcd
01-11 10:53:47.115: I/ThermalEngine(761): action_info 1024 512
01-11 10:53:47.115: I/ThermalEngine(761): [CCC_AP_TEMP_MITIGATION]
01-11 10:53:47.115: I/ThermalEngine(761): algo_type monitor
01-11 10:53:47.115: I/ThermalEngine(761): sampling 10000
01-11 10:53:47.115: I/ThermalEngine(761): sensor quiet-therm-adc
01-11 10:53:47.115: I/ThermalEngine(761): thresholds 57000
01-11 10:53:47.115: I/ThermalEngine(761): thresholds_clr 55000
01-11 10:53:47.115: I/ThermalEngine(761): actions temp_state
01-11 10:53:47.115: I/ThermalEngine(761): action_info 5
01-11 10:53:47.123: I/hwservicemanager(426): getTransport: Cannot find entry vendor.qti.hardware.servicetracker@1.0::IServicetracker/default in either framework or device manifest.
01-11 10:53:47.128: I/MiuiNetworkPolicy(1540): updateUidState uid = 10171, uidState = 4
01-11 10:53:47.137: W/va.hellocordov(27497): Accessing hidden method Landroid/os/Trace;->isTagEnabled(J)Z (greylist, reflection, allowed)
01-11 10:53:47.137: W/va.hellocordov(27497): Accessing hidden method Landroid/os/Trace;->traceBegin(JLjava/lang/String;)V (greylist, reflection, allowed)
01-11 10:53:47.137: W/va.hellocordov(27497): Accessing hidden method Landroid/os/Trace;->traceEnd(J)V (greylist, reflection, allowed)
01-11 10:53:47.137: W/va.hellocordov(27497): Accessing hidden method Landroid/os/Trace;->asyncTraceBegin(JLjava/lang/String;I)V (greylist, reflection, allowed)
01-11 10:53:47.137: W/va.hellocordov(27497): Accessing hidden method Landroid/os/Trace;->asyncTraceEnd(JLjava/lang/String;I)V (greylist, reflection, allowed)
01-11 10:53:47.145: I/cr_WVCFactoryProvider(27497): Loaded version=97.0.4692.70 minSdkVersion=29 isBundle=true multiprocess=true packageId=2
01-11 10:53:47.156: E/mm-camera(592): <SENSOR><ERROR> 893: sensor_apply_exposure: sensor_set_dualcam_settings for pine_imx486_qtech , fl_lines 6575 
01-11 10:53:47.227: E/mm-camera(592): <SENSOR><ERROR> 893: sensor_apply_exposure: sensor_set_dualcam_settings for pine_imx486_qtech , fl_lines 6575 
01-11 10:53:47.264: I/cr_LibraryLoader(27497): Successfully loaded native library
01-11 10:53:47.271: I/cr_CachingUmaRecorder(27497): Flushed 9 samples from 9 histograms.
01-11 10:53:47.297: E/mm-camera(592): <SENSOR><ERROR> 893: sensor_apply_exposure: sensor_set_dualcam_settings for pine_imx486_qtech , fl_lines 6575 
01-11 10:53:47.316: I/hwservicemanager(426): getTransport: Cannot find entry vendor.qti.hardware.servicetracker@1.0::IServicetracker/default in either framework or device manifest.
01-11 10:53:47.323: I/hwservicemanager(426): getTransport: Cannot find entry vendor.qti.hardware.servicetracker@1.0::IServicetracker/default in either framework or device manifest.
01-11 10:53:47.340: I/ce:galleryprox(27345): ProcessProfilingInfo new_methods=0 is saved saved_to_disk=0 resolve_classes_delay=8000
01-11 10:53:47.348: I/hwservicemanager(426): getTransport: Cannot find entry vendor.qti.hardware.servicetracker@1.0::IServicetracker/default in either framework or device manifest.
01-11 10:53:47.351: D/CompatibilityInfo(1540): mCompatibilityFlags - 0
01-11 10:53:47.352: D/CompatibilityInfo(1540): applicationDensity - 320
01-11 10:53:47.352: D/CompatibilityInfo(1540): applicationScale - 1.0
01-11 10:53:47.353: I/hwservicemanager(426): getTransport: Cannot find entry vendor.qti.hardware.servicetracker@1.0::IServicetracker/default in either framework or device manifest.
01-11 10:53:47.354: D/Zygote(18938): Forked child process 27540
01-11 10:53:47.356: D/BoundBrokerSvc(6932): onBind: Intent { act=com.google.android.gms.safetynet.service.START pkg=com.google.android.gms }
01-11 10:53:47.356: D/BoundBrokerSvc(6932): Loading bound service for intent: Intent { act=com.google.android.gms.safetynet.service.START pkg=com.google.android.gms }
01-11 10:53:47.358: I/MiuiNetworkPolicy(1540): updateUidState uid = 99096, uidState = 20
01-11 10:53:47.358: I/MiuiNetworkPolicy(1540): updateUidState uid = 10171, uidState = 2
01-11 10:53:47.367: E/mm-camera(592): <SENSOR><ERROR> 893: sensor_apply_exposure: sensor_set_dualcam_settings for pine_imx486_qtech , fl_lines 6575 
01-11 10:53:47.373: D/OemNetd(509): setPidForPackage: packageName=io.cordova.hellocordova, pid=27540, pid=99096
01-11 10:53:47.374: E/ocessService0:(27540): Unknown bits set in runtime_flags: 0x20000
01-11 10:53:47.374: I/ActivityManager(1540): Start proc 27540:com.google.android.webview:sandboxed_process0:org.chromium.content.app.SandboxedProcessService0:0/u0i96 for  {io.cordova.hellocordova/org.chromium.content.app.SandboxedProcessService0:0} caller=io.cordova.hellocordova
01-11 10:53:47.379: E/ocessService0:(27540): Not starting debugger since process cannot load the jdwp agent.
01-11 10:53:47.395: D/CompatibilityInfo(1540): mCompatibilityFlags - 0
01-11 10:53:47.395: D/CompatibilityInfo(1540): applicationDensity - 320
01-11 10:53:47.395: D/CompatibilityInfo(1540): applicationScale - 1.0
01-11 10:53:47.400: D/CompatibilityInfo(1540): mCompatibilityFlags - 0
01-11 10:53:47.400: D/CompatibilityInfo(1540): applicationDensity - 320
01-11 10:53:47.400: D/CompatibilityInfo(1540): applicationScale - 1.0
01-11 10:53:47.401: I/hwservicemanager(426): getTransport: Cannot find entry vendor.qti.hardware.servicetracker@1.0::IServicetracker/default in either framework or device manifest.
01-11 10:53:47.402: I/qspmsvc-client(1540): inside perf_hint_qspm
01-11 10:53:47.403: I/MiuiNetworkPolicy(1540): updateUidState uid = 99096, uidState = 4
01-11 10:53:47.404: W/ocessService0:0(27540): type=1400 audit(0.0:51694): avc: denied { search } for name="theme" dev="mmcblk0p60" ino=344074 scontext=u:r:isolated_app:s0:c512,c768 tcontext=u:object_r:theme_data_file:s0 tclass=dir permissive=0
01-11 10:53:47.414: I/chatty(27540): uid=99096(u0_i9096) ocessService0:0 identical 6 lines
01-11 10:53:47.414: W/ocessService0:0(27540): type=1400 audit(0.0:51701): avc: denied { search } for name="theme" dev="mmcblk0p60" ino=344074 scontext=u:r:isolated_app:s0:c512,c768 tcontext=u:object_r:theme_data_file:s0 tclass=dir permissive=0
01-11 10:53:47.432: I/cr_WebViewApkApp(27540): Launched version=97.0.4692.70 minSdkVersion=29 isBundle=true processName=com.google.android.webview:sandboxed_process0:org.chromium.content.app.SandboxedProcessService0:0
01-11 10:53:47.438: I/FeatureParser(27540): can't find pine.xml in assets/device_features/,it may be in /system/etc/device_features
01-11 10:53:47.438: E/mm-camera(592): <SENSOR><ERROR> 893: sensor_apply_exposure: sensor_set_dualcam_settings for pine_imx486_qtech , fl_lines 6575 
01-11 10:53:47.443: I/cr_ChildProcessService(27540): Creating new ChildProcessService pid=27540
01-11 10:53:47.508: E/mm-camera(592): <SENSOR><ERROR> 893: sensor_apply_exposure: sensor_set_dualcam_settings for pine_imx486_qtech , fl_lines 6575 
01-11 10:53:47.574: W/chromium(27497): [WARNING:dns_config_service_android.cc(113)] Failed to read DnsConfig.
01-11 10:53:47.578: E/mm-camera(592): <SENSOR><ERROR> 893: sensor_apply_exposure: sensor_set_dualcam_settings for pine_imx486_qtech , fl_lines 6575 
01-11 10:53:47.627: I/hwservicemanager(426): getTransport: Cannot find entry vendor.qti.hardware.servicetracker@1.0::IServicetracker/default in either framework or device manifest.
01-11 10:53:47.649: E/mm-camera(592): <SENSOR><ERROR> 893: sensor_apply_exposure: sensor_set_dualcam_settings for pine_imx486_qtech , fl_lines 6575 
01-11 10:53:47.720: E/mm-camera(592): <SENSOR><ERROR> 893: sensor_apply_exposure: sensor_set_dualcam_settings for pine_imx486_qtech , fl_lines 6575 
01-11 10:53:47.723: D/EgretLoader(27497): EgretLoader(Context context)
01-11 10:53:47.727: D/EgretLoader(27497): The context is not activity
01-11 10:53:47.742: D/MessageMonitor(1540): Dump Looper message took 2ms
01-11 10:53:47.789: D/ForceDarkHelper(27497): updateByCheckExcludeList: pkg: io.cordova.hellocordova activity: io.cordova.hellocordova.MainActivity@1bd66d0
01-11 10:53:47.789: E/mm-camera(592): <SENSOR><ERROR> 893: sensor_apply_exposure: sensor_set_dualcam_settings for pine_imx486_qtech , fl_lines 6575 
01-11 10:53:47.793: D/ForceDarkHelper(27497): updateByCheckExcludeList: pkg: io.cordova.hellocordova activity: io.cordova.hellocordova.MainActivity@1bd66d0
01-11 10:53:47.816: D/SystemWebViewEngine(27497): CordovaWebView is running on device made by: Xiaomi
01-11 10:53:47.824: D/PluginManager(27497): init()
01-11 10:53:47.831: D/PluginManager(27497): getPlugin - put: Whitelist
01-11 10:53:47.831: D/PluginManager(27497): startupPlugins: put - AdvancedImagePicker
01-11 10:53:47.831: D/PluginManager(27497): startupPlugins: put - Camera
01-11 10:53:47.831: D/PluginManager(27497): startupPlugins: put - Device
01-11 10:53:47.831: D/PluginManager(27497): startupPlugins: put - BackgroundMode
01-11 10:53:47.831: D/PluginManager(27497): startupPlugins: put - BackgroundModeExt
01-11 10:53:47.831: D/PluginManager(27497): startupPlugins: put - CoreAndroid
01-11 10:53:47.835: D/PluginManager(27497): getPlugin - put: CoreAndroid
01-11 10:53:47.838: D/CordovaWebViewImpl(27497): >>> loadUrl(file:///android_asset/www/index.html)
01-11 10:53:47.853: W/va.hellocordov(27497): Accessing hidden method Landroid/media/AudioManager;->getOutputLatency(I)I (greylist, reflection, allowed)
01-11 10:53:47.859: E/mm-camera(592): <SENSOR><ERROR> 893: sensor_apply_exposure: sensor_set_dualcam_settings for pine_imx486_qtech , fl_lines 6575 
01-11 10:53:47.865: I/AdrenoGLES(27497): QUALCOMM build                   : c692a3f, Ie3bb699d95
01-11 10:53:47.865: I/AdrenoGLES(27497): Build Date                       : 09/29/20
01-11 10:53:47.865: I/AdrenoGLES(27497): OpenGL ES Shader Compiler Version: EV031.27.05.02
01-11 10:53:47.865: I/AdrenoGLES(27497): Local Branch                     : 
01-11 10:53:47.865: I/AdrenoGLES(27497): Remote Branch                    : refs/tags/AU_LINUX_ANDROID_LA.UM.8.6.2.R1.10.00.00.537.053
01-11 10:53:47.865: I/AdrenoGLES(27497): Remote Branch                    : NONE
01-11 10:53:47.865: I/AdrenoGLES(27497): Reconstruct Branch               : NOTHING
01-11 10:53:47.865: I/AdrenoGLES(27497): Build Config                     : S L 8.0.10 AArch32
01-11 10:53:47.878: W/cr_media(27497): Requires BLUETOOTH permission
01-11 10:53:47.888: I/cr_LibraryLoader(27540): Successfully loaded native library
01-11 10:53:47.889: I/cr_CachingUmaRecorder(27540): Flushed 3 samples from 3 histograms.
01-11 10:53:47.898: I/AdrenoGLES(27497): PFP: 0x005ff112, ME: 0x005ff066
01-11 10:53:47.904: W/Activity(27497): Slow Operation: Activity io.cordova.hellocordova/.MainActivity onCreate took 1089ms
01-11 10:53:47.905: W/SystemServiceRegistry(27540): No service published for: uimode
01-11 10:53:47.915: I/hwservicemanager(426): getTransport: Cannot find entry vendor.display.config@1.7::IDisplayConfig/default in either framework or device manifest.
01-11 10:53:47.916: I/hwservicemanager(426): getTransport: Cannot find entry vendor.display.config@1.7::IDisplayConfig/default in either framework or device manifest.
01-11 10:53:47.919: D/CordovaActivity(27497): Started the activity.
01-11 10:53:47.925: D/CordovaActivity(27497): Incoming Result. Request code = 34
01-11 10:53:47.929: E/mm-camera(592): <SENSOR><ERROR> 893: sensor_apply_exposure: sensor_set_dualcam_settings for pine_imx486_qtech , fl_lines 6575 
01-11 10:53:47.934: D/PluginManager(27497): getPlugin - put: Camera
01-11 10:53:47.937: D/CordovaInterfaceImpl(27497): Sending activity result to plugin
01-11 10:53:48.002: E/mm-camera(592): <SENSOR><ERROR> 893: sensor_apply_exposure: sensor_set_dualcam_settings for pine_imx486_qtech , fl_lines 6575 
01-11 10:53:48.002: E/mm-camera(592): [ 01-11 10:53:48.015   793: 1832 D/         ]
01-11 10:53:48.002: E/mm-camera(592): readbrightness,out1:585
01-11 10:53:48.002: E/mm-camera(592): Iï¿½ï¿½@B.
01-11 10:53:48.002: E/mm-camera(592): [ 01-11 10:53:48.016   793: 1832 D/         ]
01-11 10:53:48.002: E/mm-camera(592): readbrightness,out2:585.
01-11 10:53:48.070: E/mm-camera(592): <SENSOR><ERROR> 893: sensor_apply_exposure: sensor_set_dualcam_settings for pine_imx486_qtech , fl_lines 6575 
01-11 10:53:48.094: D/Zygote(510): Forked child process 27600
01-11 10:53:48.099: D/OemNetd(509): setPidForPackage: packageName=com.qualcomm.qti.workloadclassifier, pid=27600, pid=1000
01-11 10:53:48.099: I/ActivityManager(1540): Start proc 27600:com.qualcomm.qti.workloadclassifier/1000 for service {com.qualcomm.qti.workloadclassifier/com.qualcomm.qti.workloadclassifier.WLCService} caller=com.qualcomm.qti.workloadclassifier
01-11 10:53:48.112: E/kloadclassifie(27600): Unknown bits set in runtime_flags: 0x20000
01-11 10:53:48.118: E/kloadclassifie(27600): Not starting debugger since process cannot load the jdwp agent.
01-11 10:53:48.141: E/mm-camera(592): <SENSOR><ERROR> 893: sensor_apply_exposure: sensor_set_dualcam_settings for pine_imx486_qtech , fl_lines 6575 
01-11 10:53:48.282: I/chatty(592): uid=1047(cameraserver) CAM_MctBus_1 identical 2 lines
01-11 10:53:48.351: E/mm-camera(592): <SENSOR><ERROR> 893: sensor_apply_exposure: sensor_set_dualcam_settings for pine_imx486_qtech , fl_lines 6575 
01-11 10:53:48.382: I/Zygote(510): Process 20689 exited due to signal 9 (Killed)
01-11 10:53:48.382: I/ActivityManager(1540): Process com.huaqin.diaglogger (pid 20689) has died: svcb SVC 
01-11 10:53:48.383: I/libprocessgroup(1540): Successfully killed process cgroup uid 1000 pid 20689 in 0ms
01-11 10:53:48.383: I/hwservicemanager(426): getTransport: Cannot find entry vendor.qti.hardware.iop@2.0::IIop/default in either framework or device manifest.
01-11 10:53:48.386: I/hwservicemanager(426): getTransport: Cannot find entry vendor.qti.hardware.servicetracker@1.0::IServicetracker/default in either framework or device manifest.
01-11 10:53:48.387: W/ActivityManager(1540): Scheduling restart of crashed service com.huaqin.diaglogger/.DiagLogService in 89683ms
01-11 10:53:48.401: D/CompatibilityInfo(1540): mCompatibilityFlags - 0
01-11 10:53:48.402: D/CompatibilityInfo(1540): applicationDensity - 320
01-11 10:53:48.402: D/CompatibilityInfo(1540): applicationScale - 1.0
01-11 10:53:48.406: D/CompatibilityInfo(1540): mCompatibilityFlags - 0
01-11 10:53:48.406: D/CompatibilityInfo(1540): applicationDensity - 320
01-11 10:53:48.406: D/CompatibilityInfo(1540): applicationScale - 1.0
01-11 10:53:48.407: I/hwservicemanager(426): getTransport: Cannot find entry vendor.qti.hardware.servicetracker@1.0::IServicetracker/default in either framework or device manifest.
01-11 10:53:48.409: I/qspmsvc-client(1540): inside perf_hint_qspm
01-11 10:53:48.422: E/mm-camera(592): <SENSOR><ERROR> 893: sensor_apply_exposure: sensor_set_dualcam_settings for pine_imx486_qtech , fl_lines 6575 
01-11 10:53:48.431: I/ActivityManager(1540): Process com.miui.cloudservice:galleryproxy (pid 27345) has died: prev LAST
01-11 10:53:48.431: D/ApplicationLoaders(27600): Returning zygote-cached class loader: /system/framework/android.hidl.base-V1.0-java.jar
01-11 10:53:48.431: I/libprocessgroup(1540): Successfully killed process cgroup uid 10119 pid 27345 in 0ms
01-11 10:53:48.431: D/ApplicationLoaders(27600): Returning zygote-cached class loader: /system/framework/android.hidl.manager-V1.0-java.jar
01-11 10:53:48.431: D/ApplicationLoaders(27600): Returning zygote-cached class loader: /system/framework/android.hidl.base-V1.0-java.jar
01-11 10:53:48.432: I/Zygote(510): Process 27345 exited due to signal 9 (Killed)
01-11 10:53:48.432: I/hwservicemanager(426): getTransport: Cannot find entry vendor.qti.hardware.iop@2.0::IIop/default in either framework or device manifest.
01-11 10:53:48.434: I/hwservicemanager(426): getTransport: Cannot find entry vendor.qti.hardware.servicetracker@1.0::IServicetracker/default in either framework or device manifest.
01-11 10:53:48.472: I/Perf(27600): Connecting to perf service.
01-11 10:53:48.492: E/mm-camera(592): <SENSOR><ERROR> 893: sensor_apply_exposure: sensor_set_dualcam_settings for pine_imx486_qtech , fl_lines 6575 
01-11 10:53:48.503: I/FeatureParser(27600): can't find pine.xml in assets/device_features/,it may be in /system/etc/device_features
01-11 10:53:48.513: I/hwservicemanager(426): getTransport: Cannot find entry vendor.qti.hardware.iop@2.0::IIop/default in either framework or device manifest.
01-11 10:53:48.514: E/ANDR-IOP(825): IIop:: Iop HAL Service is not available.
01-11 10:53:48.526: E/Perf(27600): Fail to get file list com.qualcomm.qti.workloadclassifier
01-11 10:53:48.527: E/Perf(27600): getFolderSize() : Exception_1 = java.lang.NullPointerException: Attempt to get length of null array
01-11 10:53:48.527: E/Perf(27600): Fail to get file list com.qualcomm.qti.workloadclassifier
01-11 10:53:48.527: E/Perf(27600): getFolderSize() : Exception_1 = java.lang.NullPointerException: Attempt to get length of null array
01-11 10:53:48.541: I/Zygote(510): Process 27308 exited due to signal 9 (Killed)
01-11 10:53:48.542: I/ActivityManager(1540): Process com.google.process.gservices (pid 27308) has died: prev LAST
01-11 10:53:48.542: I/libprocessgroup(1540): Successfully killed process cgroup uid 10171 pid 27308 in 0ms
01-11 10:53:48.543: I/hwservicemanager(426): getTransport: Cannot find entry vendor.qti.hardware.iop@2.0::IIop/default in either framework or device manifest.
01-11 10:53:48.547: I/hwservicemanager(426): getTransport: Cannot find entry vendor.qti.hardware.servicetracker@1.0::IServicetracker/default in either framework or device manifest.
01-11 10:53:48.562: E/mm-camera(592): <SENSOR><ERROR> 893: sensor_apply_exposure: sensor_set_dualcam_settings for pine_imx486_qtech , fl_lines 6575 
01-11 10:53:48.581: I/tflite(27600): Initialized TensorFlow Lite runtime.
01-11 10:53:48.635: E/mm-camera(592): <SENSOR><ERROR> 893: sensor_apply_exposure: sensor_set_dualcam_settings for pine_imx486_qtech , fl_lines 6575 
01-11 10:53:48.914: I/chatty(592): uid=1047(cameraserver) CAM_MctBus_1 identical 4 lines
01-11 10:53:48.984: E/mm-camera(592): <SENSOR><ERROR> 893: sensor_apply_exposure: sensor_set_dualcam_settings for pine_imx486_qtech , fl_lines 6575 
01-11 10:53:48.993: D/Zygote(510): Forked child process 27623
01-11 10:53:49.003: E/d.process.medi(27623): Unknown bits set in runtime_flags: 0x20000
01-11 10:53:49.005: D/OemNetd(509): setPidForPackage: packageName=com.android.providers.media, pid=27623, pid=10060
01-11 10:53:49.006: I/ActivityManager(1540): Start proc 27623:android.process.media/u0a60 for content provider {com.android.providers.media/com.android.providers.media.MediaProvider} caller=io.cordova.hellocordova
01-11 10:53:49.012: E/d.process.medi(27623): Not starting debugger since process cannot load the jdwp agent.
01-11 10:53:49.012: E/d.process.medi(27623): [ 01-11 10:53:49.017   793: 1832 D/         ]
01-11 10:53:49.012: E/d.process.medi(27623): readbrightness,out1:519
01-11 10:53:49.012: E/d.process.medi(27623): Iï¿½ï¿½@B.
01-11 10:53:49.012: E/d.process.medi(27623): [ 01-11 10:53:49.017   793: 1832 D/         ]
01-11 10:53:49.012: E/d.process.medi(27623): readbrightness,out2:519.
01-11 10:53:49.029: D/CompatibilityInfo(1540): mCompatibilityFlags - 0
01-11 10:53:49.029: D/CompatibilityInfo(1540): applicationDensity - 320
01-11 10:53:49.030: D/CompatibilityInfo(1540): applicationScale - 1.0
01-11 10:53:49.034: I/qspmsvc-client(1540): inside perf_hint_qspm
01-11 10:53:49.036: I/MiuiNetworkPolicy(1540): updateUidState uid = 10060, uidState = 4
01-11 10:53:49.054: E/mm-camera(592): <SENSOR><ERROR> 893: sensor_apply_exposure: sensor_set_dualcam_settings for pine_imx486_qtech , fl_lines 6575 
01-11 10:53:49.093: I/Perf(27623): Connecting to perf service.
01-11 10:53:49.100: E/SELinux(426): avc:  denied  { find } for interface=vendor.qti.hardware.perf::IPerf sid=u:r:mediaprovider:s0:c512,c768 pid=27623 scontext=u:r:mediaprovider:s0:c512,c768 tcontext=u:object_r:hal_perf_hwservice:s0 tclass=hwservice_manager permissive=0
01-11 10:53:49.103: E/ANDR-PERF(27623): IPerf:: Perf HAL Service is not available.
01-11 10:53:49.103: E/SELinux(426): avc:  denied  { find } for interface=vendor.qti.hardware.perf::IPerf sid=u:r:mediaprovider:s0:c512,c768 pid=27623 scontext=u:r:mediaprovider:s0:c512,c768 tcontext=u:object_r:hal_perf_hwservice:s0 tclass=hwservice_manager permissive=0
01-11 10:53:49.104: E/ANDR-PERF(27623): IPerf:: Perf HAL Service is not available.
01-11 10:53:49.125: E/mm-camera(592): <SENSOR><ERROR> 893: sensor_apply_exposure: sensor_set_dualcam_settings for pine_imx486_qtech , fl_lines 6575 
01-11 10:53:49.152: I/FeatureParser(27623): can't find pine.xml in assets/device_features/,it may be in /system/etc/device_features
01-11 10:53:49.195: E/mm-camera(592): <SENSOR><ERROR> 893: sensor_apply_exposure: sensor_set_dualcam_settings for pine_imx486_qtech , fl_lines 6575 
01-11 10:53:49.335: W/BpBinder(27497): Slow Binder: BpBinder transact took 359ms, interface=android.app.IActivityManager, code=20 oneway=false
01-11 10:53:49.265: I/chatty(592): uid=1047(cameraserver) CAM_MctBus_1 identical 1 line
01-11 10:53:49.339: E/mm-camera(592): <SENSOR><ERROR> 893: sensor_apply_exposure: sensor_set_dualcam_settings for pine_imx486_qtech , fl_lines 6575 
01-11 10:53:49.344: I/hwservicemanager(426): getTransport: Cannot find entry vendor.qti.hardware.iop@2.0::IIop/default in either framework or device manifest.
01-11 10:53:49.344: E/ANDR-IOP(825): IIop:: Iop HAL Service is not available.
01-11 10:53:49.351: E/Perf(27623): Fail to get file list com.android.providers.media
01-11 10:53:49.352: E/Perf(27623): getFolderSize() : Exception_1 = java.lang.NullPointerException: Attempt to get length of null array
01-11 10:53:49.352: E/Perf(27623): Fail to get file list com.android.providers.media
