01-11 10:53:36.839: I/<HQ><BHHT>(592): [parseXmlConfig](632) index 11:5800 3 45.000000 23.000000 2 0.300000 ;gain:100 100 0 1024 0 16 1
01-11 10:53:36.839: I/<HQ><BHHT>(592): [parseXmlConfig](645) ynr_weights:0.000000 6.000000 4.000000 3.000000 2.000000 1.000000 1.000000 1.000000 1.000000 1.000000 1.000000  ; cnr_weights:0 8 7 5 4 3 2 2 2 2 2  
01-11 10:53:36.839: I/<HQ><BHHT>(592): [parseXmlConfig](632) index 12:6500 3 62.000000 15.000000 3 0.300000 ;gain:100 100 0 1024 0 16 1
01-11 10:53:36.839: I/<HQ><BHHT>(592): [parseXmlConfig](645) ynr_weights:0.000000 6.000000 4.000000 3.000000 2.000000 1.000000 1.000000 1.000000 1.000000 1.000000 1.000000  ; cnr_weights:0 8 7 5 4 3 2 2 2 2 2  
01-11 10:53:36.840: I/<HQ><BHHT>(592): [parseXmlConfig](632) index 13:6800 3 64.000000 15.000000 3 0.300000 ;gain:100 100 0 1024 0 16 1
01-11 10:53:36.840: I/<HQ><BHHT>(592): [parseXmlConfig](645) ynr_weights:0.000000 6.000000 4.000000 3.000000 2.000000 1.000000 1.000000 1.000000 1.000000 1.000000 1.000000  ; cnr_weights:0 8 7 5 4 3 2 2 2 2 2  
01-11 10:53:36.840: I/<HQ><LOG>(592): [getRegion](30) read sucess,result = 24,board_id = PCBA_PINE_MP_GLOBALNB28
01-11 10:53:36.840: I/<HQ><LOG>(592): 0ï¿½ï¿½ï¿½ .
01-11 10:53:36.840: I/<HQ><HDR>(592): [parseXmlConfig](578) Cary dev num is 0
01-11 10:53:36.841: I/<HQ><HDR>(592): [parseXmlConfig](594) cameraId:0
01-11 10:53:36.841: I/<HQ><HDR>(592): [parseXmlConfig](619) lToneLength = 10,lBrightness= 0 ,lToneSaturation  = 0,lCurveContrast  = 50,                lDarkGain = 0,lAutoMode = 0,fConval = 0.000000,-10,0,12, 
01-11 10:53:36.841: I/<HQ><HDR>(592): [parseXmlConfig](624) HDR final id 0
01-11 10:53:36.841: D/<HQ><MG>(592): [init3Algo](166) init3Algo X
01-11 10:53:36.843: I/QCamera(592): <HAL><INFO> openCamera: 1059: [KPI Perf]: E PROFILE_OPEN_CAMERA camera id 0
01-11 10:53:36.843: I/ActivityManager(1540): Killing 24023:com.google.android.partnersetup/u0a166 (adj 965): camera boost
01-11 10:53:36.844: I/CameraProviderManager(789): Camera device device@3.4/legacy/0 torch status is now NOT_AVAILABLE
01-11 10:53:36.844: I/CameraService(789): onTorchStatusChangedLocked: Torch status changed for cameraId=0, newStatus=0
01-11 10:53:36.844: I/hwservicemanager(426): getTransport: Cannot find entry vendor.qti.hardware.iop@2.0::IIop/default in either framework or device manifest.
01-11 10:53:36.846: D/QCamera(592): Debug log file is not enabled
01-11 10:53:36.846: I/ActivityManager(1540): Killing 19195:com.android.settings/1000 (adj 915): camera boost
01-11 10:53:36.847: I/hwservicemanager(426): getTransport: Cannot find entry vendor.qti.hardware.iop@2.0::IIop/default in either framework or device manifest.
01-11 10:53:36.847: I/mm-camera(592): <MCT   >< INFO> 118: mct_controller_new: Creating new mct_controller with session-id 1
01-11 10:53:36.848: I/ActivityManager(1540): Killing 26029:com.google.android.apps.turbo/u0a169 (adj 905): camera boost
01-11 10:53:36.849: I/mm-camera(592): <MCT   >< INFO> 5473: mct_pipeline_start_session_thread: E sensor
01-11 10:53:36.849: I/mm-camera(592): <MCT   >< INFO> 5480: mct_pipeline_start_session_thread: Calling start_session on Module sensor
01-11 10:53:36.850: I/hwservicemanager(426): getTransport: Cannot find entry vendor.qti.hardware.iop@2.0::IIop/default in either framework or device manifest.
01-11 10:53:36.850: I/mm-camera(592): <MCT   >< INFO> 5473: mct_pipeline_start_session_thread: E iface
01-11 10:53:36.850: I/mm-camera(592): <MCT   >< INFO> 5480: mct_pipeline_start_session_thread: Calling start_session on Module iface
01-11 10:53:36.851: I/ActivityManager(1540): Killing 23976:com.google.android.webview:webview_service/u0a178 (adj 935): camera boost
01-11 10:53:36.851: I/mm-camera(592): <MCT   >< INFO> 5473: mct_pipeline_start_session_thread: E isp
01-11 10:53:36.851: I/mm-camera(592): <MCT   >< INFO> 5480: mct_pipeline_start_session_thread: Calling start_session on Module isp
01-11 10:53:36.852: I/hwservicemanager(426): getTransport: Cannot find entry vendor.qti.hardware.iop@2.0::IIop/default in either framework or device manifest.
01-11 10:53:36.852: I/mm-camera(592): <ISP   >< INFO> 214: isp_module_start_session: session id 1 
01-11 10:53:36.853: E/mm-camera(592): <SENSOR><ERROR> 2555: sensor_open: sensor name :v4l-subdev18, sensor ID:0
01-11 10:53:36.853: I/mm-camera(592): <MCT   >< INFO> 5473: mct_pipeline_start_session_thread: E stats
01-11 10:53:36.853: I/ActivityManager(1540): Killing 23900:com.xiaomi.discover/u0a107 (adj 975): camera boost
01-11 10:53:36.853: I/mm-camera(592): <MCT   >< INFO> 5480: mct_pipeline_start_session_thread: Calling start_session on Module stats
01-11 10:53:36.854: I/hwservicemanager(426): getTransport: Cannot find entry vendor.qti.hardware.iop@2.0::IIop/default in either framework or device manifest.
01-11 10:53:36.856: W/Looper(1540): Slow Looper ProcessManager: Long Msg: seq=3850 plan=10:53:35.391  late=1ms wall=1464ms running=0ms h=com.android.server.am.ProcessManagerService$MainHandler c=com.android.server.am.ProcessManagerService$3
01-11 10:53:36.857: I/mm-camera(592): <MCT   >< INFO> 5473: mct_pipeline_start_session_thread: E pproc
01-11 10:53:36.857: I/mm-camera(592): <MCT   >< INFO> 5480: mct_pipeline_start_session_thread: Calling start_session on Module pproc
01-11 10:53:36.858: D/CAM_Camera@18928200(27044): onWindowFocusChanged: hasFocus: true, isFromKeyguard: false, mHasBeenSetupOnFocusChanged false
01-11 10:53:36.858: V/CAM_CameraBrightness(27044): onWindowFocusChanged hasFocus=true mFirstFocusChanged=false
01-11 10:53:36.859: I/mm-camera(592): <MCT   >< INFO> 5473: mct_pipeline_start_session_thread: E imglib
01-11 10:53:36.859: I/mm-camera(592): <MCT   >< INFO> 5480: mct_pipeline_start_session_thread: Calling start_session on Module imglib
01-11 10:53:36.860: I/mm-camera(592): <MCT   >< INFO> 5483: mct_pipeline_start_session_thread: Module sensor start_session rc = 1
01-11 10:53:36.860: I/mm-camera(592): <MCT   >< INFO> 5491: mct_pipeline_start_session_thread: started_num = 1, success = 1
01-11 10:53:36.860: I/mm-camera(592): <MCT   >< INFO> 5498: mct_pipeline_start_session_thread: X sensor
01-11 10:53:36.862: I/mm-camera(592): <MCT   >< INFO> 5483: mct_pipeline_start_session_thread: Module imglib start_session rc = 1
01-11 10:53:36.862: I/mm-camera(592): <MCT   >< INFO> 5491: mct_pipeline_start_session_thread: started_num = 2, success = 2
01-11 10:53:36.862: I/mm-camera(592): <MCT   >< INFO> 5498: mct_pipeline_start_session_thread: X imglib
01-11 10:53:36.869: I/mm-camera(592): <MCT   >< INFO> 5483: mct_pipeline_start_session_thread: Module iface start_session rc = 1
01-11 10:53:36.869: I/mm-camera(592): <MCT   >< INFO> 5491: mct_pipeline_start_session_thread: started_num = 3, success = 3
01-11 10:53:36.869: I/mm-camera(592): <MCT   >< INFO> 5498: mct_pipeline_start_session_thread: X iface
01-11 10:53:36.871: I/mm-camera(592): <MCT   >< INFO> 5483: mct_pipeline_start_session_thread: Module pproc start_session rc = 1
01-11 10:53:36.871: I/mm-camera(592): <MCT   >< INFO> 5491: mct_pipeline_start_session_thread: started_num = 4, success = 4
01-11 10:53:36.871: I/mm-camera(592): <MCT   >< INFO> 5498: mct_pipeline_start_session_thread: X pproc
01-11 10:53:36.873: I/mm-camera(592): <MCT   >< INFO> 5483: mct_pipeline_start_session_thread: Module stats start_session rc = 1
01-11 10:53:36.873: I/mm-camera(592): <MCT   >< INFO> 5491: mct_pipeline_start_session_thread: started_num = 5, success = 5
01-11 10:53:36.873: I/mm-camera(592): <MCT   >< INFO> 5498: mct_pipeline_start_session_thread: X stats
01-11 10:53:36.877: E/CAM_BaseModule(27044): com.android.camera.module.BaseModule.checkActivityOrientation:1 |device: invalid module: destroyed|alive
01-11 10:53:36.877: I/mm-camera(592): <MCT   >< INFO> 5483: mct_pipeline_start_session_thread: Module isp start_session rc = 1
01-11 10:53:36.877: I/mm-camera(592): <MCT   >< INFO> 5491: mct_pipeline_start_session_thread: started_num = 6, success = 6
01-11 10:53:36.877: I/mm-camera(592): <MCT   >< INFO> 5498: mct_pipeline_start_session_thread: X isp
01-11 10:53:36.884: I/GoogleInputMethodService(4003): GoogleInputMethodService.onFinishInput():3301 
01-11 10:53:36.887: I/GoogleInputMethodService(4003): GoogleInputMethodService.onStartInput():1979 
01-11 10:53:36.888: I/DeviceUnlockedTag(4003): DeviceUnlockedTag.notifyDeviceLockStatusChanged():79 Notify device unlocked.
01-11 10:53:36.891: I/Timeline(1540): Timeline: Activity_windows_visible id: ActivityRecord{b06f31 u0 com.android.camera/.Camera t178} time:312095321
01-11 10:53:36.895: D/ActivityTrigger(1540): ActivityTrigger activityStopTrigger 
01-11 10:53:36.898: D/CordovaActivity(25463): Stopped the activity.
01-11 10:53:36.906: I/MiuiNetworkPolicy(1540): updateUidState uid = 99095, uidState = 16
01-11 10:53:36.906: I/MiuiNetworkPolicy(1540): updateUidState uid = 10211, uidState = 16
01-11 10:53:36.906: I/MiuiNetworkPolicy(1540): updateUidState uid = 10060, uidState = 16
01-11 10:53:36.911: I/hwservicemanager(426): getTransport: Cannot find entry vendor.qti.hardware.iop@2.0::IIop/default in either framework or device manifest.
01-11 10:53:36.912: I/ActivityTaskManager(1540): Displayed com.android.camera/.Camera: +1s689ms
01-11 10:53:36.916: I/hwservicemanager(426): getTransport: Cannot find entry vendor.qti.hardware.iop@2.0::IIop/default in either framework or device manifest.
01-11 10:53:36.930: I/mm-camera(592): <MCT   >< INFO> 5394: mct_pipeline_start_stream_internal: Adding session stream streamid= 0xf for session=1
01-11 10:53:36.930: I/mm-camera(592): <MCT   >< INFO> 5442: mct_pipeline_start_stream_internal: Linking session stream for session 1
01-11 10:53:36.930: I/mm-camera(592): <MCT   >< INFO> 526: mct_stream_start_link: Start linking Session-stream 0x1000f
01-11 10:53:36.931: I/mm-camera(592): <ISP   >< INFO> 851: isp_port_check_caps_reserve: port 0xa2bcdf80 ide 1000f type 10 dim 0 0
01-11 10:53:36.932: I/mm-camera(592): <PPROC >< INFO> 449: pproc_port_add_modules_to_stream: in identity 1000f stream 10 int_link = 0xa2bd4580
01-11 10:53:36.932: I/mm-camera(592): <PPROC >< INFO> 461: pproc_port_add_modules_to_stream: :LINK linking mods tmod and paaf for identity 1000f
01-11 10:53:36.933: I/mm-camera(592): <PPROC >< INFO> 461: pproc_port_add_modules_to_stream: :LINK linking mods paaf and sat for identity 1000f
01-11 10:53:36.933: I/mm-camera(592): <PPROC >< INFO> 461: pproc_port_add_modules_to_stream: :LINK linking mods sat and c2d for identity 1000f
01-11 10:53:36.934: I/mm-camera(592): <C2D   >< INFO> 1557: c2d_module_notify_add_stream: width 0, height 0, stride 0, scanline 0, is_type 0
01-11 10:53:36.934: I/mm-camera(592): <PPROC >< INFO> 461: pproc_port_add_modules_to_stream: :LINK linking mods c2d and cpp for identity 1000f
01-11 10:53:36.934: I/mm-camera(592): <CPP   >< INFO> 2515: cpp_module_notify_add_stream: :stream 10, width 0, height 0, stride 0,scanline 0, framelen 0
01-11 10:53:36.934: I/mm-camera(592): <CPP   >< INFO> 2672: cpp_module_notify_add_stream: : stream 10, fmt 1, asf_mode 0, sharpness_level 0.000000,asf mask 0, denoise 0, denoise_mask 0, dsdn mask 0,dsdn enable 0, tnr mask 0, tnr enable 0, ds_mask 0, luma dsdn 0
01-11 10:53:36.934: I/mm-camera(592): <PPROC >< INFO> 461: pproc_port_add_modules_to_stream: :LINK linking mods cpp and rtbdm for identity 1000f
01-11 10:53:36.935: I/mm-camera(592): <PPROC >< INFO> 461: pproc_port_add_modules_to_stream: :LINK linking mods rtbdm and depth_map for identity 1000f
01-11 10:53:36.935: I/mm-camera(592): <PPROC >< INFO> 461: pproc_port_add_modules_to_stream: :LINK linking mods depth_map and rtb for identity 1000f
01-11 10:53:36.936: I/mm-camera(592): <PPROC >< INFO> 461: pproc_port_add_modules_to_stream: :LINK linking mods rtb and ezt for identity 1000f
01-11 10:53:36.936: I/mm-camera(592): <PPROC >< INFO> 461: pproc_port_add_modules_to_stream: :LINK linking mods ezt and quadracfa for identity 1000f
01-11 10:53:36.938: E/mm-camera(592): <STATS ><ERROR> 3037: stats_port_check_caps_reserve: Invalid Port capability type!
01-11 10:53:36.938: I/chatty(592): uid=1047(cameraserver) HwBinder:592_4 identical 3 lines
01-11 10:53:36.938: E/mm-camera(592): <STATS ><ERROR> 3037: stats_port_check_caps_reserve: Invalid Port capability type!
01-11 10:53:36.939: I/mm-camera(592): <MCT   >< INFO> 5451: mct_pipeline_start_stream_internal: Session stream linked successfully session 1
01-11 10:53:36.941: I/QCamera(592): <HAL><INFO> openCamera: 1087: [KPI Perf]: X PROFILE_OPEN_CAMERA camera id 0, rc: 0
01-11 10:53:36.943: I/QCamera(592): <HAL><INFO> initialize: 1379: E :mCameraId = 0 mState = 1
01-11 10:53:36.944: I/Zygote(510): Process 26100 exited due to signal 9 (Killed)
01-11 10:53:36.944: I/Zygote(510): Process 26144 exited due to signal 9 (Killed)
01-11 10:53:36.945: I/QCamera(592): <HAL><INFO> initialize: 1405: X
01-11 10:53:36.946: I/hwservicemanager(426): getTransport: Cannot find entry vendor.qti.hardware.iop@2.0::IIop/default in either framework or device manifest.
01-11 10:53:36.934: W/HwBinder:592_4(592): type=1400 audit(0.0:51672): avc: denied { read } for name="u:object_r:default_prop:s0" dev="tmpfs" ino=12090 scontext=u:r:hal_camera_default:s0 tcontext=u:object_r:default_prop:s0 tclass=file permissive=0
01-11 10:53:36.948: E/libc(592): Access denied finding property "ro.camera.req.fmq.size"
01-11 10:53:36.948: I/libprocessgroup(1540): Successfully killed process cgroup uid 10165 pid 26144 in 135ms
01-11 10:53:36.948: I/libprocessgroup(1540): Successfully killed process cgroup uid 10165 pid 26100 in 0ms
01-11 10:53:36.949: I/hwservicemanager(426): getTransport: Cannot find entry vendor.qti.hardware.servicetracker@1.0::IServicetracker/default in either framework or device manifest.
01-11 10:53:36.950: W/ActivityManager(1540): Scheduling restart of crashed service com.google.android.projection.gearhead/com.google.android.apps.auto.carservice.service.impl.GearheadCarStartupService in 1000ms
01-11 10:53:36.954: E/libc(592): Access denied finding property "ro.camera.res.fmq.size"
01-11 10:53:36.954: I/hwservicemanager(426): getTransport: Cannot find entry vendor.qti.hardware.iop@2.0::IIop/default in either framework or device manifest.
01-11 10:53:36.957: I/hwservicemanager(426): getTransport: Cannot find entry vendor.qti.hardware.servicetracker@1.0::IServicetracker/default in either framework or device manifest.
01-11 10:53:36.958: I/chatty(426): uid=1000(system) hwservicemanage identical 1 line
01-11 10:53:36.959: I/hwservicemanager(426): getTransport: Cannot find entry vendor.qti.hardware.servicetracker@1.0::IServicetracker/default in either framework or device manifest.
01-11 10:53:36.963: I/MiuiNetworkPolicy(1540): removeUidState uid = 10165
01-11 10:53:36.977: W/BpBinder(27044): Slow Binder: BpBinder transact took 711ms, interface=android.hardware.ICameraService, code=4 oneway=false
01-11 10:53:36.977: W/BpBinder(11508): Slow Binder: BpBinder transact took 466ms, interface=android.hardware.ICameraService, code=6 oneway=false
01-11 10:53:36.978: D/OpenCameraCallable(27044): openCamera: X: cid = 0
01-11 10:53:36.978: D/OpenCameraCallable(27044): X: cid: 0 (dur: 717)
01-11 10:53:36.978: D/CAM_CameraOpenObservable(27044): onDispose: listener: 81082106
01-11 10:53:36.978: D/CloseCameraCallable(27044): E: cid: null
01-11 10:53:36.978: D/CloseCameraCallable(27044): E: closeCamera: cid = null, excludes = [0]
01-11 10:53:36.978: D/CloseCameraCallable(27044): X: closeCamera: cid = null, excludes = [0]
01-11 10:53:36.978: D/CloseCameraCallable(27044): X: cid: null (dur: 0)
01-11 10:53:36.978: D/OpenCameraCallable(27044): E: cid: 0
01-11 10:53:36.978: D/CloseCameraCallable(27044): Success: cid: null (dur: 0)
01-11 10:53:36.979: D/OpenCameraCallable(27044): CameraService is busy (cid = 0), postpone the open request (cid = 0)
01-11 10:53:36.979: D/OpenCameraCallable(27044): X: cid: 0 (dur: 1)
01-11 10:53:36.979: D/OpenCameraCallable(27044): onOpened: cid = 0
01-11 10:53:36.985: I/Zygote(510): Process 25131 exited due to signal 9 (Killed)
01-11 10:53:36.985: D/OpenCameraCallable(27044): Success: cid: 0 (dur: 724)
01-11 10:53:36.985: I/hwservicemanager(426): getTransport: Cannot find entry vendor.qti.hardware.iop@2.0::IIop/default in either framework or device manifest.
01-11 10:53:36.985: D/CloseCameraCallable(27044): E: cid: null
01-11 10:53:36.985: D/CloseCameraCallable(27044): E: closeCamera: cid = null, excludes = [0]
01-11 10:53:36.985: D/CloseCameraCallable(27044): closeCamera: camera '0' is excluded
01-11 10:53:36.985: D/CloseCameraCallable(27044): X: closeCamera: cid = null, excludes = [0]
01-11 10:53:36.985: D/CloseCameraCallable(27044): X: cid: null (dur: 0)
01-11 10:53:36.985: I/Zygote(510): Process 18881 exited due to signal 9 (Killed)
01-11 10:53:36.985: I/libprocessgroup(1540): Successfully killed process cgroup uid 10108 pid 25131 in 37ms
01-11 10:53:36.986: D/OpenCameraCallable(27044): E: cid: 0
01-11 10:53:36.986: D/OpenCameraCallable(27044): Camera is already opened: cid = 0
01-11 10:53:36.986: D/CAM_MiCamera2(27044): setCaptureBusyCallback: null
01-11 10:53:36.986: W/CAM_MiCamera2(27044): releasePreview: null session
01-11 10:53:36.986: V/CAM_MiCamera2(27044): E: resetConfigs
01-11 10:53:36.986: V/CAM_MiCamera2(27044): X: resetConfigs
01-11 10:53:36.986: D/OpenCameraCallable(27044): X: cid: 0 (dur: 1)
01-11 10:53:36.986: D/OpenCameraCallable(27044): Success: cid: 0 (dur: 1)
01-11 10:53:36.986: D/CAM_CameraOpenObservable(27044): onOpened: cid = 0, listener = 81082106
01-11 10:53:36.986: D/CloseCameraCallable(27044): Success: cid: null (dur: 1)
01-11 10:53:36.986: D/CAM_Camera2OpenManager(27044): onOpened: cid = 0
01-11 10:53:36.986: D/CAM_CameraOpenObservable(27044): onOpened: cid = 0, listener = 187855377
01-11 10:53:36.986: D/CAM_Camera2OpenManager(27044): onOpened: cid = 0
01-11 10:53:36.986: D/CAM_Camera2OpenManager(27044): fire: result = com.android.camera.module.loader.camera2.Camera2Result@2008ba2, requested cid = 0
01-11 10:53:36.986: D/CAM_Camera2OpenManager(27044): fire: emitted
01-11 10:53:36.986: D/OpenCameraCallable(27044): Success: cid: 0 (dur: 1)
01-11 10:53:36.986: D/CAM_Camera2OpenOnSubScribe(27044): onNext: hasSurface = true, isCapture = true
01-11 10:53:36.986: D/CAM_Camera2OpenOnSubScribe(27044): onComplete
01-11 10:53:36.986: D/CAM_Camera@18928200(27044): mCameraOpenResult apply: result = 2
01-11 10:53:36.986: D/CAM_FunctionModuleSetup(27044): apply: module isPresent = true
01-11 10:53:36.986: D/CAM_EffectRenderGroup(27044): onEffectChanged: EFFECT_CHANGE_FILTER mEffectId = 66048
01-11 10:53:36.986: D/CAM_BaseModule(27044): onCreate: moduleIndex->163, cameraId->0@Camera2Module@79156517: mid = 0, cid = 0, created = false, departed = false
01-11 10:53:36.987: D/CAM_BaseModule(27044): enumerating: com.android.camera2.MiCamera2@60bd969 - cid: 0
01-11 10:53:36.987: D/CAM_BaseModule(27044): setCameraDevice: com.android.camera2.MiCamera2@60bd969 - cid: 0
01-11 10:53:36.987: D/CAM_BaseModule(27044): create disposable Camera2Module@79156517: mid = 163, cid = 0, created = false, departed = false 0
01-11 10:53:36.988: I/hwservicemanager(426): getTransport: Cannot find entry vendor.qti.hardware.servicetracker@1.0::IServicetracker/default in either framework or device manifest.
01-11 10:53:36.989: D/CAM_Camera2Module(27044): getOperatingMode: operatingMode = 0x8001
01-11 10:53:36.989: D/CAM_BaseModule(27044): setMinZoomRatio(): 1.0
01-11 10:53:36.989: D/CAM_BaseModule(27044): setMaxZoomRatio(): 8.0
01-11 10:53:36.989: D/CAM_BaseModule(27044): resetZoomRatio(): set zoom ratio to 1.0
01-11 10:53:36.989: D/CAM_BaseModule(27044): setZoomRatio(): 1.0
01-11 10:53:36.991: I/Zygote(510): Process 24151 exited due to signal 9 (Killed)
01-11 10:53:36.992: I/hwservicemanager(426): getTransport: Cannot find entry vendor.qti.hardware.iop@2.0::IIop/default in either framework or device manifest.
01-11 10:53:36.992: D/CAM_EffectController(27044): setAiColorCorrectionVersion: 0
01-11 10:53:36.993: D/CAM_FocusManager(27044): setCharacteristics: mFocusAreaSupported = true, mAELockOnlySupported = false
01-11 10:53:36.993: E/CAM_FocusManagerAbstract(27044): setRenderSize: 720 | 1440
01-11 10:53:36.993: D/CAM_FocusManager(27044): setPreviewSize: 720x1440
01-11 10:53:36.993: D/CAM_BaseModule(27044): applyZoomRatio(): apply zoom ratio to device = 1.0
01-11 10:53:36.993: V/CAM_MiCamera2(27044): setZoomRatio(): 1.0
01-11 10:53:36.993: D/CAM_CameraConfigs(27044): zoom ratio diff: 0.0
01-11 10:53:36.994: D/CAM_Camera2Module(27044): enableParallel=false enableShot2Gallery=false shotType=-2
01-11 10:53:36.994: D/CAM_MiCamera2(27044): setShotType: algo=-2
01-11 10:53:36.994: D/CAM_MiCamera2(27044): setShot2Gallery: isShot2Gallery=false
01-11 10:53:36.994: W/CAM_CameraCapabilities(27044): addStreamConfigurationToList: but the key is null!
01-11 10:53:36.994: I/hwservicemanager(426): getTransport: Cannot find entry vendor.qti.hardware.servicetracker@1.0::IServicetracker/default in either framework or device manifest.
01-11 10:53:36.996: E/CAM_CameraUtil(27044): getOptimalPreviewSize: height:3016 width: 4032 ratio:1.336870026525199
01-11 10:53:36.996: E/CAM_CameraUtil(27044): getOptimalPreviewSize: height:3000 width: 4000 ratio:1.3333333333333333
01-11 10:53:36.996: E/CAM_CameraUtil(27044): getOptimalPreviewSize: height:2448 width: 3264 ratio:1.3333333333333333
01-11 10:53:36.996: E/CAM_CameraUtil(27044): getOptimalPreviewSize: height:2000 width: 4000 ratio:2.0
01-11 10:53:36.996: E/CAM_CameraUtil(27044): getOptimalPreviewSize: height:1944 width: 2592 ratio:1.3333333333333333
01-11 10:53:36.996: E/CAM_CameraUtil(27044): getOptimalPreviewSize: height:1512 width: 2688 ratio:1.7777777777777777
01-11 10:53:36.996: E/CAM_CameraUtil(27044): getOptimalPreviewSize: height:1296 width: 2592 ratio:2.0
01-11 10:53:36.996: E/CAM_CameraUtil(27044): getOptimalPreviewSize: height:1536 width: 2048 ratio:1.3333333333333333
01-11 10:53:36.996: E/CAM_CameraUtil(27044): getOptimalPreviewSize: height:1080 width: 1920 ratio:1.7777777777777777
01-11 10:53:36.996: E/CAM_CameraUtil(27044): getOptimalPreviewSize: height:1200 width: 1600 ratio:1.3333333333333333
01-11 10:53:36.996: E/CAM_CameraUtil(27044): getOptimalPreviewSize: height:1080 width: 1440 ratio:1.3333333333333333
01-11 10:53:36.996: E/CAM_CameraUtil(27044): getOptimalPreviewSize: height:960 width: 1280 ratio:1.3333333333333333
01-11 10:53:36.996: E/CAM_CameraUtil(27044): getOptimalPreviewSize: height:720 width: 1440 ratio:2.0
01-11 10:53:36.996: E/CAM_CameraUtil(27044): getOptimalPreviewSize: height:720 width: 1280 ratio:1.7777777777777777
01-11 10:53:36.996: E/CAM_CameraUtil(27044): getOptimalPreviewSize: height:600 width: 800 ratio:1.3333333333333333
01-11 10:53:36.996: E/CAM_CameraUtil(27044): getOptimalPreviewSize: height:480 width: 720 ratio:1.5
01-11 10:53:36.996: E/CAM_CameraUtil(27044): getOptimalPreviewSize: height:480 width: 640 ratio:1.3333333333333333
01-11 10:53:36.996: E/CAM_CameraUtil(27044): getOptimalPreviewSize: height:360 width: 640 ratio:1.7777777777777777
01-11 10:53:36.996: E/CAM_CameraUtil(27044): getOptimalPreviewSize: height:288 width: 352 ratio:1.2222222222222223
01-11 10:53:36.997: E/CAM_CameraUtil(27044): getOptimalPreviewSize: height:240 width: 320 ratio:1.3333333333333333
01-11 10:53:36.997: E/CAM_CameraUtil(27044): getOptimalPreviewSize: height:144 width: 176 ratio:1.2222222222222223
01-11 10:53:36.997: I/CAM_CameraUtil(27044): best preview size: 800x600
01-11 10:53:36.997: D/CAM_Camera2Module(27044): updateSize: use JPEG as preferred output image format
01-11 10:53:36.997: D/CAM_Camera2Module(27044): updateSize: picture size (JPEG): 4032x3016, preview size: 800x600, sensor raw image size: null
01-11 10:53:36.997: D/CAM_Camera2Module(27044): updateCameraScreenNailSize: 800x600
01-11 10:53:36.997: D/CAM_STScreenNail(27044): setDefaultBufferSize: 800 | 600
01-11 10:53:36.997: V/CAM_BaseModule(27044): checkDisplayOrientation: 0 | 90
01-11 10:53:36.997: V/CAM_FaceView(27044): mCameraDisplayOrientation=90
01-11 10:53:36.997: V/CAM_MiCamera2(27044): setEnableZsl true
01-11 10:53:36.998: I/hwservicemanager(426): getTransport: Cannot find entry vendor.qti.hardware.iop@2.0::IIop/default in either framework or device manifest.
01-11 10:53:36.998: V/CAM_MiCamera2(27044): setExposureCompensation: 0
01-11 10:53:36.998: V/CAM_MiCamera2(27044): setISO: 0
01-11 10:53:36.998: V/CAM_MiCamera2(27044): setAWBLock: false
01-11 10:53:36.998: V/CAM_MiCamera2(27044): setAWBMode: 1
01-11 10:53:36.998: D/CAM_CameraCapabilities(27044): isSatFusionShotSupported: false, because tag undefined
01-11 10:53:36.998: V/CAM_MiCamera2(27044): setActivityHashCode(): 18928200
01-11 10:53:36.998: D/CAM_Camera2Module(27044): startPreview: set PictureSize with 4032x3016
01-11 10:53:37.001: I/hwservicemanager(426): getTransport: Cannot find entry vendor.qti.hardware.servicetracker@1.0::IServicetracker/default in either framework or device manifest.
01-11 10:53:37.001: I/Zygote(510): Process 25207 exited due to signal 9 (Killed)
01-11 10:53:37.005: I/MiuiNetworkPolicy(1540): removeUidState uid = 10108
01-11 10:53:37.006: I/MiuiNetworkPolicy(1540): removeUidState uid = 10147
01-11 10:53:37.007: I/hwservicemanager(426): getTransport: Cannot find entry vendor.qti.hardware.iop@2.0::IIop/default in either framework or device manifest.
01-11 10:53:37.007: I/hwservicemanager(426): [ 01-11 10:53:37.009   793: 1832 D/         ]
01-11 10:53:37.007: I/hwservicemanager(426): readbrightness,out1:456
01-11 10:53:37.007: I/hwservicemanager(426): Iï¿½ï¿½@B.
01-11 10:53:37.007: I/hwservicemanager(426): [ 01-11 10:53:37.009   793: 1832 D/         ]
01-11 10:53:37.007: I/hwservicemanager(426): readbrightness,out2:456.
01-11 10:53:37.010: I/hwservicemanager(426): getTransport: Cannot find entry vendor.qti.hardware.servicetracker@1.0::IServicetracker/default in either framework or device manifest.
01-11 10:53:37.012: D/CAM_Camera2Module(27044): startPreview: set PictureFormat to JPEG
01-11 10:53:37.012: D/CAM_Camera2Module(27044): [QCFA] startPreview: set qcfa enable false
01-11 10:53:37.013: D/CAM_Camera2Module(27044): startPreview: surfaceTexture = android.graphics.SurfaceTexture@aee736d
01-11 10:53:37.013: D/CAM_Camera2Module(27044): getOperatingMode: operatingMode = 0x8001
01-11 10:53:37.013: D/CAM_MiCamera2(27044): startPreviewSession: opMode=0x8001 previewCallback=true configRawStream=false
01-11 10:53:37.013: V/CAM_MiCamera2(27044): generateSessionId: id=1
01-11 10:53:37.013: I/hwservicemanager(426): getTransport: Cannot find entry vendor.qti.hardware.iop@2.0::IIop/default in either framework or device manifest.
01-11 10:53:37.016: I/hwservicemanager(426): getTransport: Cannot find entry vendor.qti.hardware.servicetracker@1.0::IServicetracker/default in either framework or device manifest.
01-11 10:53:37.017: W/BpBinder(27044): Slow Binder: BpBinder transact took 735ms, interface=android.content.IContentProvider, code=1 oneway=false
01-11 10:53:37.019: E/CamComm1.0-MD(592): Mismatched tag type when updating entry enable (-2146762752) of type byte; got type int32 data instead 
01-11 10:53:37.019: E/CamComm1.0-MD(592): Mismatched tag type when updating entry is_main (-2146762751) of type byte; got type int32 data instead 
01-11 10:53:37.020: D/CAM_MiCamera2(27044): applySettingsForPreview: android.hardware.camera2.CaptureRequest$Builder@f7fbfee
01-11 10:53:37.020: D/CAM_MiCamera2(27044): applyFlashMode: request = android.hardware.camera2.CaptureRequest$Builder@f7fbfee, applyType = 1
01-11 10:53:37.020: D/CAM_MiCamera2(27044): applyFlashMode: flashMode = 0, mScreenLightCallback = Camera2Module@79156517: mid = 163, cid = 0, created = true, departed = false
01-11 10:53:37.020: D/CAM_CaptureRequestBuilder(27044): applyScreenLightHint(): unsupported
01-11 10:53:37.021: D/CAM_CaptureRequestBuilder(27044): applyExposureCompensation: 0
01-11 10:53:37.021: D/CAM_HybridZoomingSystem(27044): toCropRegion(): zoom ratio = 1.0, crop region = Rect(0, 0 - 4032, 3016)
01-11 10:53:37.021: V/CAM_CaptureRequestBuilder(27044): applyZoomRatio(): cameraId = 0, zoomRatio = 1.0, activeArraySize = Rect(8, 8 - 4040, 3024), cropRegion = Rect(0, 0 - 4032, 3016)
01-11 10:53:37.021: D/CAM_CaptureRequestBuilder(27044): applyAELock: false
01-11 10:53:37.021: D/CAM_CaptureRequestBuilder(27044): applyAWBLock: false
01-11 10:53:37.022: D/CAM_MiCameraCompat(27044): applyMfnrEnable: false
01-11 10:53:37.022: I/BatteryInfoReceiver(3335): ACTION_BATTERY_CHANGED
01-11 10:53:37.022: D/QtiCarrierConfigHelper(2179): WARNING, no carrier configs on phone Id: 0
01-11 10:53:37.022: D/CAM_CaptureRequestBuilder(27044): applySingleBokeh: false
01-11 10:53:37.022: D/CAM_CaptureRequestBuilder(27044): applyDualBokeh: false
01-11 10:53:37.022: W/BroadcastQueue(1540): Skipping deliver [background] BroadcastRecord{3ebce7d u-1 android.intent.action.BATTERY_CHANGED} to ReceiverList{5b28cb9 23900 com.xiaomi.discover/10107/u0 remote:2c7fe80}: process gone or crashing
01-11 10:53:37.022: D/PowerCheckerService(4535): onBatteryChanged, mBatteryLevel = 90, status = 2, level = 90, plug = 2, scale = 100
01-11 10:53:37.023: D/CAM_CameraCapabilities(27044): isSupportNormalWideLDC: false
01-11 10:53:37.023: D/CAM_CameraCapabilities(27044): isSupportUltraWideLDC: false
01-11 10:53:37.023: D/CAM_CaptureRequestBuilder(27044): applyAELock: false
01-11 10:53:37.023: D/CAM_CaptureRequestBuilder(27044): applyAWBLock: false
01-11 10:53:37.023: D/KeyguardUpdateMonitor(25496): received broadcast android.intent.action.BATTERY_CHANGED
01-11 10:53:37.023: V/CAM_CaptureRequestBuilder(27044): EIS: off
01-11 10:53:37.023: D/CAM_CaptureRequestBuilder(27044): applyFpsRange: fpsRange = null
01-11 10:53:37.023: E/CAM_CaptureRequestBuilder(27044): applySatFallbackDisable: xiaomi.smoothTransition.disablefallback not defined
01-11 10:53:37.023: D/CAM_CaptureRequestBuilder(27044): applyAiASDEnable:false
01-11 10:53:37.023: D/CAM_CaptureRequestBuilder(27044): applyASDScene(): unsupported
01-11 10:53:37.024: D/CAM_MiCamera2(27044): startPreviewSession: add preview surface to HAL: Surface(name=android.graphics.SurfaceTexture@aee736d)/@0x952fb1c->800x600
01-11 10:53:37.024: I/Zygote(510): Process 24023 exited due to signal 9 (Killed)
01-11 10:53:37.025: I/Zygote(510): Process 23976 exited due to signal 9 (Killed)
01-11 10:53:37.026: I/hwservicemanager(426): getTransport: Cannot find entry vendor.qti.hardware.iop@2.0::IIop/default in either framework or device manifest.
01-11 10:53:37.026: W/CameraDeviceClient(789): createSurfaceFromGbp: Camera 0 with consumer usage flag: 256: Forcing asynchronous mode for stream
01-11 10:53:37.027: W/CameraDeviceClient(789): createSurfaceFromGbp: Camera 0: Overriding format 0x1 to IMPLEMENTATION_DEFINED
01-11 10:53:37.028: I/hwservicemanager(426): getTransport: Cannot find entry vendor.qti.hardware.servicetracker@1.0::IServicetracker/default in either framework or device manifest.
01-11 10:53:37.031: I/QCamera(592): <HAL><INFO> configureStreamsPerfLocked: 2483: stream[0] type = 0, format = 34, width = 800, height = 600, rotation = 0, usage = 0x100
01-11 10:53:37.031: I/QCamera(592): <HAL><INFO> configureStreamsPerfLocked: 2483: stream[1] type = 0, format = 33, width = 4032, height = 3016, rotation = 0, usage = 0x3
01-11 10:53:37.032: I/hwservicemanager(426): getTransport: Cannot find entry vendor.qti.hardware.iop@2.0::IIop/default in either framework or device manifest.
01-11 10:53:37.033: I/mm-camera(592): <MCT   >< INFO> 626: mct_stream_start_link: Link Metadata stream 0x10001: do nothing
01-11 10:53:37.033: I/mm-camera(592): <MCT   >< INFO> 4542: mct_pipeline_process_set: Linking successful for stream 0x10001 stream type=7
01-11 10:53:37.034: I/QCamera(592): <HAL><INFO> configureStreamsPerfLocked: 3421: Enabling HAL ZSL : 
01-11 10:53:37.036: I/hwservicemanager(426): getTransport: Cannot find entry vendor.qti.hardware.servicetracker@1.0::IServicetracker/default in either framework or device manifest.
01-11 10:53:37.037: I/hwservicemanager(426): getTransport: Cannot find entry vendor.qti.hardware.servicetracker@1.0::IServicetracker/default in either framework or device manifest.
01-11 10:53:37.038: D/Camera3-Device(789): Set real time priority for request queue thread (tid 27174)
01-11 10:53:37.040: D/CAM_Camera2Module(27044): initMetaParser: HQPreferred = true
01-11 10:53:37.040: D/CAM_MiCamera2(27044): onConfigured: id = 1, session = android.hardware.camera2.impl.CameraCaptureSessionImpl@1abecfa, reprocessable = false
01-11 10:53:37.040: D/CAM_MiCamera2(27044): onConfigured: is mDeferOutputConfigurations null: true
01-11 10:53:37.040: D/CAM_Camera2Module(27044): onPreviewSessionSuccess: CameraHandlerThread Camera2Module@79156517: mid = 163, cid = 0, created = true, departed = false
01-11 10:53:37.040: D/CAM_BaseModule(27044): setCameraState: 1
01-11 10:53:37.040: E/CAM_BaseModule(27044): types:24,2,26,27,28,29,46,47,7,8,10,11,14,19,4,13,45,5,9,20,21,34,23,25,36,73,37,42,43,48,49,52,56,30,57,61,62,66,60,70,76,78,77,84,, Camera2Module@79156517: mid = 163, cid = 0, created = true, departed = false
01-11 10:53:37.040: D/CAM_CameraIntentManager(27044): The caller:io.cordova.hellocordova
01-11 10:53:37.040: E/CAM_CameraIntentManager(27044): checkCallerLegality: Unknown caller: io.cordova.hellocordova
01-11 10:53:37.041: D/CAM_BaseModule(27044): registerProtocol
01-11 10:53:37.041: D/CAM_Camera2Module(27044): registerProtocol: mIsGoogleLensAvailable = false, activity is null ? false
01-11 10:53:37.041: D/CAM_BaseModule(27044): onResume
01-11 10:53:37.041: D/CAM_Camera2Module(27044): onResume releaseBitmapIfNeeded
01-11 10:53:37.042: I/hwservicemanager(426): getTransport: Cannot find entry vendor.qti.hardware.iop@2.0::IIop/default in either framework or device manifest.
01-11 10:53:37.042: D/CAM_DataItemGlobal(27044): reInit: mLastCameraId = 0, currentCameraId = 0
01-11 10:53:37.042: D/CAM_DataItemRunning(27044): setUiStyle: 0
01-11 10:53:37.042: E/CAM_BaseModule(27044): accept 24,2,26,27,28,29,46,47,7,8,10,11,14,19,4,13,45,5,9,20,21,34,23,25,36,73,37,42,43,48,49,52,56,30,57,61,62,66,60,70,76,78,77,84,. Camera2Module@79156517: mid = 163, cid = 0, created = true, departed = false
01-11 10:53:37.042: E/CAM_BaseModule(27044): begin to consumePreference..
01-11 10:53:37.042: D/CAM_BaseModule(27044): applyZoomRatio(): apply zoom ratio to device = 1.0
01-11 10:53:37.042: V/CAM_MiCamera2(27044): setZoomRatio(): 1.0
01-11 10:53:37.042: D/CAM_CameraConfigs(27044): zoom ratio diff: 0.0
01-11 10:53:37.043: D/CAM_HybridZoomingSystem(27044): toCropRegion(): zoom ratio = 1.0, crop region = Rect(0, 0 - 4032, 3016)
01-11 10:53:37.043: V/CAM_CaptureRequestBuilder(27044): applyZoomRatio(): cameraId = 0, zoomRatio = 1.0, activeArraySize = Rect(8, 8 - 4040, 3024), cropRegion = Rect(0, 0 - 4032, 3016)
01-11 10:53:37.043: D/CAM_Camera2Module(27044): setEffectFilter: 66048
01-11 10:53:37.043: D/CAM_Camera2Module(27044): java.lang.Throwable
01-11 10:53:37.043: D/CAM_Camera2Module(27044): 	at com.android.camera.module.Camera2Module.setEffectFilter(Camera2Module.java:1)
01-11 10:53:37.043: D/CAM_Camera2Module(27044): 	at com.android.camera.module.Camera2Module.updateFilter(Camera2Module.java:2)
01-11 10:53:37.043: D/CAM_Camera2Module(27044): 	at com.android.camera.module.Camera2Module.consumePreference(Camera2Module.java:67)
01-11 10:53:37.043: D/CAM_Camera2Module(27044): 	at com.android.camera.module.BaseModule.accept(BaseModule.java:7)
01-11 10:53:37.043: D/CAM_Camera2Module(27044): 	at com.android.camera.module.BaseModule.accept(BaseModule.java:1)
01-11 10:53:37.043: D/CAM_Camera2Module(27044): 	at io.reactivex.internal.observers.LambdaObserver.onNext(LambdaObserver.java:2)
01-11 10:53:37.043: D/CAM_Camera2Module(27044): 	at io.reactivex.internal.operators.observable.ObservableObserveOn$ObserveOnObserver.drainNormal(ObservableObserveOn.java:8)
01-11 10:53:37.043: D/CAM_Camera2Module(27044): 	at io.reactivex.internal.operators.observable.ObservableObserveOn$ObserveOnObserver.run(ObservableObserveOn.java:3)
01-11 10:53:37.043: D/CAM_Camera2Module(27044): 	at io.reactivex.internal.schedulers.ScheduledRunnable.run(ScheduledRunnable.java:2)
01-11 10:53:37.043: D/CAM_Camera2Module(27044): 	at io.reactivex.internal.schedulers.ScheduledRunnable.call(ScheduledRunnable.java:1)
01-11 10:53:37.043: D/CAM_Camera2Module(27044): 	at java.util.concurrent.FutureTask.run(FutureTask.java:266)
01-11 10:53:37.043: D/CAM_Camera2Module(27044): 	at java.util.concurrent.ScheduledThreadPoolExecutor$ScheduledFutureTask.run(ScheduledThreadPoolExecutor.java:301)
01-11 10:53:37.043: D/CAM_Camera2Module(27044): 	at java.util.concurrent.ThreadPoolExecutor.runWorker(ThreadPoolExecutor.java:1167)
01-11 10:53:37.043: D/CAM_Camera2Module(27044): 	at java.util.concurrent.ThreadPoolExecutor$Worker.run(ThreadPoolExecutor.java:641)
01-11 10:53:37.043: D/CAM_Camera2Module(27044): 	at java.lang.Thread.run(Thread.java:919)
01-11 10:53:37.043: D/CAM_EffectRenderGroup(27044): onEffectChanged: EFFECT_CHANGE_FILTER mEffectId = 66048
01-11 10:53:37.043: V/CAM_MiCamera2(27044): setContrast: 5
01-11 10:53:37.043: V/CAM_MiCamera2(27044): setSaturation: 3
01-11 10:53:37.043: V/CAM_MiCamera2(27044): setSharpness: 1
01-11 10:53:37.044: V/CAM_MiCamera2(27044): setExposureMeteringMode: 1
01-11 10:53:37.044: V/CAM_MiCamera2(27044): setNormalWideLDC: false
01-11 10:53:37.044: V/CAM_MiCamera2(27044): setUltraWideLDC: false
01-11 10:53:37.044: I/hwservicemanager(426): getTransport: Cannot find entry vendor.qti.hardware.servicetracker@1.0::IServicetracker/default in either framework or device manifest.
01-11 10:53:37.044: D/CAM_Camera2Module(27044): thumbnailSize=320x240
01-11 10:53:37.045: D/CAM_BaseModule(27044): flashMode: 0
01-11 10:53:37.045: V/CAM_MiCamera2(27044): setFlashMode: 0
01-11 10:53:37.045: D/CAM_MiCamera2(27044): applyFlashMode: request = android.hardware.camera2.CaptureRequest$Builder@f7fbfee, applyType = 1
01-11 10:53:37.045: D/CAM_MiCamera2(27044): applyFlashMode: flashMode = 0, mScreenLightCallback = Camera2Module@79156517: mid = 163, cid = 0, created = true, departed = false
01-11 10:53:37.045: D/CAM_CaptureRequestBuilder(27044): applyScreenLightHint(): unsupported
01-11 10:53:37.045: D/CAM_Camera@18928200(27044): showGuide = 163  isCtsCall = false
01-11 10:53:37.045: D/CAM_CameraUtil(27044): getDisplayRect:Rect(0, 80 - 720, 1040)
01-11 10:53:37.045: D/CAM_CameraScreenNail(27044): setPreviewFrameLayoutSize: 720x960
01-11 10:53:37.045: E/CAM_FocusManagerAbstract(27044): setRenderSize: 720 | 960
01-11 10:53:37.045: V/CAM_MiCamera2(27044): setFocusMode: 4
01-11 10:53:37.045: D/CAM_FocusManager(27044): setPreviewSize: 720x960
01-11 10:53:37.046: D/CAM_Camera2Module(27044): updateBeauty(): beauty level: i:0 | sc: 0 | sf: 0 | ss: 0 | ee: 0 
01-11 10:53:37.049: V/CAM_CameraUtil(27044): navBarHeight=96
01-11 10:53:37.049: D/DragLayout(27044): setDragEnable : false, force : false
01-11 10:53:37.049: D/CAM_FragmentTopConfig(27044): getTopAlert(): fragment is null
01-11 10:53:37.049: D/CAM_FragmentTopConfig(27044): getTopAlert(): fragment is null
01-11 10:53:37.049: V/CAM_MiCamera2(27044): startFaceDetection
01-11 10:53:37.050: D/CAM_BaseModule(27044): antiBanding: 1
01-11 10:53:37.050: V/CAM_MiCamera2(27044): setAntiBanding: 1
01-11 10:53:37.050: D/CAM_Camera2Module(27044): For the devices does not have hardware MFNR, use software MFNR
01-11 10:53:37.050: D/CAM_Camera2Module(27044): setMfnr to false
01-11 10:53:37.051: D/CAM_Camera2Module(27044): setAiSceneEffect: 0
01-11 10:53:37.051: D/CAM_EffectController(27044): getAiColorCorrectionVersion: 0
01-11 10:53:37.051: D/CAM_EffectController(27044): getAiColorCorrectionVersion: 0
01-11 10:53:37.051: D/CAM_EffectRenderGroup(27044): onEffectChanged: EFFECT_CHANGE_FILTER mEffectId = 66048
01-11 10:53:37.051: D/CAM_CaptureRequestBuilder(27044): applyASDScene(): unsupported
01-11 10:53:37.051: I/MiuiNetworkPolicy(1540): removeUidState uid = 10169
01-11 10:53:37.051: I/MiuiNetworkPolicy(1540): removeUidState uid = 10176
01-11 10:53:37.051: I/MiuiNetworkPolicy(1540): removeUidState uid = 10178
01-11 10:53:37.051: D/CAM_CameraUtil(27044): getDisplayRect:Rect(0, 80 - 720, 1040)
01-11 10:53:37.051: I/MiuiNetworkPolicy(1540): removeUidState uid = 10166
01-11 10:53:37.052: D/CAM_BaseModule(27044): flashMode: 0
01-11 10:53:37.052: V/CAM_MiCamera2(27044): setFlashMode: 0
01-11 10:53:37.052: D/CAM_MiCamera2(27044): applyFlashMode: request = android.hardware.camera2.CaptureRequest$Builder@f7fbfee, applyType = 1
01-11 10:53:37.052: D/CAM_MiCamera2(27044): applyFlashMode: flashMode = 0, mScreenLightCallback = Camera2Module@79156517: mid = 163, cid = 0, created = true, departed = false
01-11 10:53:37.052: D/CAM_CaptureRequestBuilder(27044): applyScreenLightHint(): unsupported
01-11 10:53:37.052: D/CAM_Camera@18928200(27044): CameraSetupConsumer#accept: switch module done
01-11 10:53:37.053: D/CAM_Camera2Module(27044): updateBeauty(): beauty level: i:0 | sc: 0 | sf: 0 | ss: 0 | ee: 0 
01-11 10:53:37.053: I/qomx_image_core(592): OMX_Init:101] Complete 3
01-11 10:53:37.055: D/CAM_Camera2Module(27044): For the devices does not have hardware MFNR, use software MFNR
01-11 10:53:37.055: D/CAM_Camera2Module(27044): setSwMfnr to true
01-11 10:53:37.055: D/CAM_Camera2Module(27044): setLightingEffect: 0
01-11 10:53:37.055: D/CAM_EffectRenderGroup(27044): onEffectChanged: EFFECT_CHANGE_FILTER mEffectId = 66048
01-11 10:53:37.055: D/CAM_Camera2Module(27044): SR is disabled
01-11 10:53:37.055: V/CAM_MiCamera2(27044): setASDEnable: true
01-11 10:53:37.055: D/CAM_CaptureRequestBuilder(27044): applyDepurpleEnable: is not Support  
01-11 10:53:37.055: D/CAM_MiCamera2(27044): sendSatFallbackDisableRequest: E,,disable = false,,isRepeatingRequest = true
01-11 10:53:37.056: E/CAM_CaptureRequestBuilder(27044): applySatFallbackDisable: xiaomi.smoothTransition.disablefallback not defined
01-11 10:53:37.056: D/CAM_MiCamera2(27044): sendSatFallbackDisableRequest: X.
01-11 10:53:37.056: V/CAM_MiCamera2(27044): resumePreview: cameraId=0 highSpeed=false
01-11 10:53:37.058: D/CAM_MiCamera2(27044): repeating sequenceId: 0
01-11 10:53:37.058: V/CAM_MiCamera2(27044): setDeviceOrientation: 0
01-11 10:53:37.058: D/CAM_CaptureRequestBuilder(27044): applyDeviceOrientation: 0
01-11 10:53:37.058: V/CAM_CameraBrightness(27044): doInBackground useDefaultValue=false paused=false
01-11 10:53:37.060: D/CAM_CameraBrightness(27044): adjustBrightnessInAutoMode(0.5)
01-11 10:53:37.060: I/hwservicemanager(426): getTransport: Cannot find entry android.hardware.graphics.allocator@3.0::IAllocator/default in either framework or device manifest.
01-11 10:53:37.060: W/Gralloc3(27044): allocator 3.x is not supported
01-11 10:53:37.063: I/hwservicemanager(426): getTransport: Cannot find entry vendor.qti.hardware.iop@2.0::IIop/default in either framework or device manifest.
01-11 10:53:37.064: V/CAM_FaceView(27044): mCameraDisplayOrientation=90
01-11 10:53:37.064: V/CAM_FaceView(27044): mMirror=false
01-11 10:53:37.064: D/ForceDarkHelper(27044): updateByCheckExcludeList: pkg: com.android.camera activity: com.android.camera.Camera@120d248
01-11 10:53:37.065: I/Zygote(510): Process 26183 exited due to signal 9 (Killed)
01-11 10:53:37.066: I/Zygote(510): Process 26029 exited due to signal 9 (Killed)
01-11 10:53:37.067: I/CloudSettingsProvider(18724): uriMatch : 2
01-11 10:53:37.068: D/ForceDarkHelper(27044): updateByCheckExcludeList: pkg: com.android.camera activity: com.android.camera.Camera@120d248
01-11 10:53:37.069: I/chatty(27044): uid=10067(com.android.camera) identical 1 line
01-11 10:53:37.069: D/ForceDarkHelper(27044): updateByCheckExcludeList: pkg: com.android.camera activity: com.android.camera.Camera@120d248
01-11 10:53:37.070: I/hwservicemanager(426): getTransport: Cannot find entry vendor.qti.hardware.servicetracker@1.0::IServicetracker/default in either framework or device manifest.
01-11 10:53:37.070: D/ForceDarkHelper(27044): updateByCheckExcludeList: pkg: com.android.camera activity: com.android.camera.Camera@120d248
01-11 10:53:37.070: I/Zygote(510): Process 24038 exited due to signal 9 (Killed)
01-11 10:53:37.070: I/Zygote(510): Process 24062 exited due to signal 9 (Killed)
01-11 10:53:37.070: D/ForceDarkHelper(27044): updateByCheckExcludeList: pkg: com.android.camera activity: com.android.camera.Camera@120d248
01-11 10:53:37.070: W/ActivityManager(1540): Scheduling restart of crashed service com.google.android.gms/.droidguard.DroidGuardService in 1000ms
01-11 10:53:37.073: I/chatty(27044): uid=10067(com.android.camera) identical 2 lines
01-11 10:53:37.073: D/ForceDarkHelper(27044): updateByCheckExcludeList: pkg: com.android.camera activity: com.android.camera.Camera@120d248
01-11 10:53:37.073: I/hwservicemanager(426): getTransport: Cannot find entry vendor.qti.hardware.iop@2.0::IIop/default in either framework or device manifest.
01-11 10:53:37.074: I/Zygote(510): Process 11123 exited due to signal 9 (Killed)
01-11 10:53:37.074: I/Zygote(510): Process 19706 exited due to signal 9 (Killed)
01-11 10:53:37.076: I/libprocessgroup(1540): Successfully killed process cgroup uid 10161 pid 19706 in 89ms
01-11 10:53:37.076: I/libprocessgroup(1540): Successfully killed process cgroup uid 10147 pid 24151 in 0ms
01-11 10:53:37.076: I/libprocessgroup(1540): Successfully killed process cgroup uid 10119 pid 24062 in 0ms
01-11 10:53:37.077: I/libprocessgroup(1540): Successfully killed process cgroup uid 10171 pid 11123 in 0ms
01-11 10:53:37.077: I/libprocessgroup(1540): Successfully killed process cgroup uid 10162 pid 24038 in 0ms
01-11 10:53:37.077: I/libprocessgroup(1540): Successfully killed process cgroup uid 10176 pid 26183 in 0ms
01-11 10:53:37.077: I/libprocessgroup(1540): Successfully killed process cgroup uid 10171 pid 18881 in 0ms
01-11 10:53:37.078: I/libprocessgroup(1540): Successfully killed process cgroup uid 1000 pid 25207 in 0ms
01-11 10:53:37.078: I/libprocessgroup(1540): Successfully killed process cgroup uid 10166 pid 24023 in 0ms
01-11 10:53:37.078: I/hwservicemanager(426): getTransport: Cannot find entry vendor.qti.hardware.servicetracker@1.0::IServicetracker/default in either framework or device manifest.
01-11 10:53:37.080: D/StatusBar(25496): disable<e i a s b h r c s > disable2<q i n g r >
01-11 10:53:37.080: D/ForceDarkHelper(27044): updateByCheckExcludeList: pkg: com.android.camera activity: com.android.camera.Camera@120d248
01-11 10:53:37.080: D/StatusBarClock(25496):  isNormalMode= true clock visible=true
01-11 10:53:37.081: E/<HQ><MG>(592): [orchestrateRequest](203) get bokehValue mMiBokehEnable = 0
01-11 10:53:37.081: E/<HQ><MG>(592): [orchestrateRequest](207) get beautyLevel beautyLevel = i:0
01-11 10:53:37.081: D/<HQ><MG>(592): [orchestrateRequest](213) get beautyLevel mMiFBLevel = 0
01-11 10:53:37.081: I/<HQ><MG>(592): [orchestrateRequest](224) get beautyLevel smoothRatio = 0
01-11 10:53:37.081: I/<HQ><MG>(592): [orchestrateRequest](254) mMiAiEnabled = 0
01-11 10:53:37.081: E/<HQ><MG>(592): [orchestrateRequest](260) get beautyLevel smoothRatio = 0
01-11 10:53:37.081: E/<HQ><MG>(592): [orchestrateRequest](265) get beautyLevel faceRatio = 0
01-11 10:53:37.081: E/<HQ><MG>(592): [orchestrateRequest](270) get beautyLevel eyeRatio = 0
01-11 10:53:37.081: D/ForceDarkHelper(27044): updateByCheckExcludeList: pkg: com.android.camera activity: com.android.camera.Camera@120d248
01-11 10:53:37.083: I/chatty(27044): uid=10067(com.android.camera) identical 3 lines
01-11 10:53:37.084: D/ForceDarkHelper(27044): updateByCheckExcludeList: pkg: com.android.camera activity: com.android.camera.Camera@120d248
01-11 10:53:37.084: I/QCamera(592): <HAL><INFO> processCaptureRequest: 7909: STREAM INFO 0: type 1, wxh: 800 x 600, pp_mask: 0x10100068e, Format:0 is_type: 0 sync_type 0
01-11 10:53:37.084: I/QCamera(592): <HAL><INFO> processCaptureRequest: 7909: STREAM INFO 0: type 3, wxh: 4032 x 3016, pp_mask: 0x0, Format:0 is_type: 0 sync_type 0
01-11 10:53:37.084: D/ForceDarkHelper(27044): updateByCheckExcludeList: pkg: com.android.camera activity: com.android.camera.Camera@120d248
01-11 10:53:37.084: E/mm-camera(592): <IMGLIB><ERROR> 322: module_depth_map_handle_ctrl_parm: E
01-11 10:53:37.084: E/mm-camera(592): <IMGLIB><ERROR> 430: module_depth_map_set_config_param: X
01-11 10:53:37.084: E/mm-camera(592): <IMGLIB><ERROR> 254: module_depth_map_send_config_data: CAM_STREAM_TYPE_DEPTH not set !!
01-11 10:53:37.084: E/mm-camera(592): <IMGLIB><ERROR> 369: module_depth_map_handle_ctrl_parm: Error module_depth_map_send_config_data
01-11 10:53:37.084: E/mm-camera(592): <IMGLIB><ERROR> 373: module_depth_map_handle_ctrl_parm: X
01-11 10:53:37.084: E/mm-camera(592): <IMGLIB><ERROR> 955: module_imgbase_process_param: [depth_map] handle_ctrl_parm error : type=10, rc=-5
01-11 10:53:37.084: D/ForceDarkHelper(27044): updateByCheckExcludeList: pkg: com.android.camera activity: com.android.camera.Camera@120d248
01-11 10:53:37.084: I/mm-camera(592): <IFACE >< INFO> 6279: iface_util_set_dis_enable_flag: iface_util_set_dis_enable_flag:6279 DIS enable flag = 0
01-11 10:53:37.084: D/ForceDarkHelper(27044): updateByCheckExcludeList: pkg: com.android.camera activity: com.android.camera.Camera@120d248
01-11 10:53:37.085: E/mm-camera(592): <SENSOR><ERROR> 3662: sensor_get_cur_chromatix_name: chromatix :pine_imx486_qtech_zsl_preview pine_imx486_qtech_snapshot pine_imx486_qtech_snapshot pine_imx486_qtech_cpp_preview pine_imx486_qtech_cpp_snapshot s_data->cur_res:-1 suffix:(null), sensor_id:486
01-11 10:53:37.085: E/mm-camera(592): <SENSOR><ERROR> 3666: sensor_get_cur_chromatix_name: s_replaced_boken_chromatix_name :0 s_replaced_subcam_boken_chromatix_name :0 g_bokeh_singal_param:0
01-11 10:53:37.085: I/mm-camera(592): <SENSOR>< INFO> 4482: sensor_get_resolution_info: sensor info: name: pine_imx486_qtech, res: -1, max_fps: 0.000000, w: 0, h: 0 op pix clk: 0, FLL: 0, LLPCK: 0, mode: 0, PDAF support: 0
01-11 10:53:37.085: I/mm-camera(592): [ 01-11 10:53:37.086   592:27144 D/         ]
